01-21 06:38:20.997: I/Telecom(2067): DefaultDialerCache: Refreshing default dialer for user 0: now com.google.android.dialer: DDC.oR@AFM
01-21 06:38:20.997: I/ChromeSync(2601): [Sync,SyncIntentOperation] Handling the intent: Intent { act=android.intent.action.PACKAGE_ADDED dat=package:android.support.test.services flg=0x4000010 cmp=com.google.android.gms/.chimera.GmsIntentOperationService (has extras) }.
01-21 06:38:21.005: I/FontsPackageChangeOp(2601): Package android.support.test.services has no metadata
01-21 06:38:21.007: I/ChromeSync(2601): [Persistence,AffiliationManager] No affiliation data for android://N50vJU0zrJ8WOzDt6r3GDtfqrkROFOSiqHcmppwn3vxaRC4hFpNn4UsL7XlvjtlfcWuDAQhmck0qjQPwsrpMNg==@android.support.test.services/. Marking affiliation data as stale...
01-21 06:38:21.008: V/BackupManagerConstants(2067): getFullBackupIntervalMilliseconds(...) returns 86400000
01-21 06:38:21.011: D/CarrierConfigLoader(2363): mHandler: 9 phoneId: 0
01-21 06:38:21.013: I/Finsky(5318): [396] com.google.android.finsky.p2p.f.run(3): Wrote row to frosting DB: 133
01-21 06:38:21.016: I/ChromeSync(2601): [Persistence,AffiliationManager] Fetching affiliations from the server.
01-21 06:38:21.025: I/PeopleContactsSync(2601): triggerPendingContactsCleanup: no accounts
01-21 06:38:21.028: D/AutofillUI(2067): destroySaveUiUiThread(): already destroyed
01-21 06:38:21.029: D/AutofillManagerServiceImpl(2067): Set component for user 0 as AutofillServiceInfo[ServiceInfo{fc6575c com.google.android.gms.autofill.service.AutofillService}, settings:com.google.android.gms.autofill.ui.AutofillSettingsActivity, hasCompatPckgs:false]
01-21 06:38:21.034: I/Icing(2601): IndexChimeraService.getServiceInterface callingPackage=com.google.android.gms componentName=AppsCorpus serviceId=36
01-21 06:38:21.035: I/Icing(2601): IndexChimeraService.getServiceInterface callingPackage=com.google.android.gms componentName=AppsCorpus serviceId=32
01-21 06:38:21.074: I/Icing(2601): Usage reports ok 0, Failed Usage reports 0, indexed 0, rejected 0, imm upload false
01-21 06:38:21.087: I/Icing(2601): Usage reports ok 0, Failed Usage reports 0, indexed 0, rejected 0, imm upload false
01-21 06:38:21.099: I/system_server(2067): Background concurrent copying GC freed 35152(1934KB) AllocSpace objects, 18(808KB) LOS objects, 42% free, 11MB/19MB, paused 59us total 149.030ms
01-21 06:38:21.164: V/BackupManagerConstants(2067): getFullBackupRequiredNetworkType(...) returns 2
01-21 06:38:21.164: V/BackupManagerConstants(2067): getFullBackupRequireCharging(...) returns true
01-21 06:38:21.232: I/Remoter(1907): Saved screenshot to '/data/screenshots/__pmv__-0085.jpg'
01-21 06:38:21.396: I/Icing(2601): Indexing com.google.android.gms-apps from com.google.android.gms
01-21 06:38:21.397: I/Icing(2601): Indexing done com.google.android.gms-apps
01-21 06:38:21.532: I/Finsky(5318): [2] com.google.android.finsky.verifier.impl.PackageVerificationReceiver.a(9): Verification requested, id = 9
01-21 06:38:21.534: W/Finsky(5318): [2] com.google.android.finsky.analytics.ao.a(40): Null bundle, which breaks event chain!. Creating a new logging context.
01-21 06:38:21.539: I/Finsky(5318): [393] com.google.android.finsky.verifier.impl.ew.a(84): Skipping verification. Disabled by user setting
01-21 06:38:21.539: I/Finsky(5318): [393] com.google.android.finsky.verifier.impl.ew.a(45): Skipping anti malware verification due to pre-check failure
01-21 06:38:21.540: I/Finsky(5318): [2] com.google.android.finsky.verifier.impl.go.c(164): Verifying id=9, result=1
01-21 06:38:21.545: I/Finsky(5318): [2] com.google.android.finsky.verifier.impl.go.c(179): Verification complete: id=9, package_name=androidx.test.services
01-21 06:38:21.568: V/BackupManagerService(2067): restoreAtInstall pkg=androidx.test.services token=a restoreSet=0
01-21 06:38:21.569: V/BackupManagerService(2067): Finishing install immediately
01-21 06:38:21.569: V/BackupManagerService(2067): [ 01-21 06:38:21.574  1928: 2123 E/         ]
01-21 06:38:21.569: V/BackupManagerService(2067): Couldn't opendir /data/app/vmdl2011045648.tmp: No such file or directory
01-21 06:38:21.574: E/installd(1928): Failed to delete /data/app/vmdl2011045648.tmp: No such file or directory
01-21 06:38:21.578: W/BroadcastQueue(2067): Background execution not allowed: receiving Intent { act=android.intent.action.PACKAGE_ADDED dat=package:androidx.test.services flg=0x4000010 (has extras) } to com.android.musicfx/.Compatibility$Receiver
01-21 06:38:21.578: W/BroadcastQueue(2067): Background execution not allowed: receiving Intent { act=android.intent.action.PACKAGE_ADDED dat=package:androidx.test.services flg=0x4000010 (has extras) } to com.android.vending/com.google.android.finsky.packagemanager.impl.PackageMonitorReceiverImpl$RegisteredReceiver
01-21 06:38:21.578: W/BroadcastQueue(2067): Background execution not allowed: receiving Intent { act=android.intent.action.PACKAGE_ADDED dat=package:androidx.test.services flg=0x4000010 (has extras) } to com.google.android.gms/.games.chimera.GamesSystemBroadcastReceiverProxy
01-21 06:38:21.578: W/BroadcastQueue(2067): Background execution not allowed: receiving Intent { act=android.intent.action.PACKAGE_ADDED dat=package:androidx.test.services flg=0x4000010 (has extras) } to com.google.android.gms/.gass.chimera.PackageChangeBroadcastReceiver
01-21 06:38:21.578: W/BroadcastQueue(2067): Background execution not allowed: receiving Intent { act=android.intent.action.PACKAGE_ADDED dat=package:androidx.test.services flg=0x4000010 (has extras) } to com.google.android.gms/.chimera.GmsIntentOperationService$PersistentTrustedReceiver
01-21 06:38:21.578: W/BroadcastQueue(2067): Background execution not allowed: receiving Intent { act=android.intent.action.PACKAGE_ADDED dat=package:androidx.test.services flg=0x4000010 (has extras) } to com.google.android.googlequicksearchbox/com.google.android.apps.gsa.googlequicksearchbox.GelStubAppWatcher
01-21 06:38:21.580: I/Finsky(5318): [2] com.google.android.finsky.packagemanager.impl.PackageMonitorReceiverImpl.a(12): PackageMonitor received: android.intent.action.PACKAGE_ADDED
01-21 06:38:21.580: D/Avrcp(2194): isBrowsableListUpdated: false
01-21 06:38:21.580: D/BluetoothMapAppObserver(2194): onReceive
01-21 06:38:21.580: D/BluetoothMapAppObserver(2194): The installed package is: androidx.test.services
01-21 06:38:21.580: D/BluetoothMapAppObserver(2194): Found 0 application(s) with intent android.bluetooth.action.BLUETOOTH_MAP_PROVIDER
01-21 06:38:21.580: D/BluetoothMapAppObserver(2194): Found 0 application(s) with intent android.bluetooth.action.BLUETOOTH_MAP_IM_PROVIDER
01-21 06:38:21.581: V/NewAvrcpMediaPlayerList(2194): mPackageChangedBroadcastReceiver: action: android.intent.action.PACKAGE_ADDED
01-21 06:38:21.581: D/NewAvrcpMediaPlayerList(2194): Name of package changed: androidx.test.services
01-21 06:38:21.581: I/Finsky(5318): [2] com.google.android.finsky.wear.eh.a(18): Do not start WearSupportService due to Wear service optimization
01-21 06:38:21.581: I/Finsky(5318): [2] com.google.android.finsky.wear.eh.a(18): Do not start WearSupportService due to Wear service optimization
01-21 06:38:21.583: I/InputReader(2067): Reconfiguring input devices.  changes=0x00000010
01-21 06:38:21.592: I/Finsky(5318): [2] com.google.android.finsky.p2p.e.b(20): Frosting ID looked up on UI thread. Caller should move to a background thread.
01-21 06:38:21.599: I/Auth(2601): [SupervisedAccountIntentOperation] onHandleIntent(): android.intent.action.PACKAGE_ADDED
01-21 06:38:21.599: I/Auth(2601): [SupervisedAccountIntentOperation] This operation is disabled
01-21 06:38:21.601: I/Finsky(5318): [2] com.google.android.finsky.externalreferrer.b.run(6): Package state data is missing for androidx.test.services
01-21 06:38:21.603: I/ChromeSync(2601): [Sync,SyncIntentOperation] Handling the intent: Intent { act=android.intent.action.PACKAGE_ADDED dat=package:androidx.test.services flg=0x4000010 cmp=com.google.android.gms/.chimera.GmsIntentOperationService (has extras) }.
01-21 06:38:21.604: I/FontsPackageChangeOp(2601): Package androidx.test.services has no metadata
01-21 06:38:21.604: I/ChromeSync(2601): [Persistence,AffiliationManager] No affiliation data for android://N50vJU0zrJ8WOzDt6r3GDtfqrkROFOSiqHcmppwn3vxaRC4hFpNn4UsL7XlvjtlfcWuDAQhmck0qjQPwsrpMNg==@androidx.test.services/. Marking affiliation data as stale...
01-21 06:38:21.605: I/ChromeSync(2601): [Persistence,AffiliationManager] Fetching affiliations from the server.
01-21 06:38:21.610: I/Icing(2601): IndexChimeraService.getServiceInterface callingPackage=com.google.android.gms componentName=AppsCorpus serviceId=32
01-21 06:38:21.610: I/Icing(2601): IndexChimeraService.getServiceInterface callingPackage=com.google.android.gms componentName=AppsCorpus serviceId=36
01-21 06:38:21.624: I/PeopleContactsSync(2601): triggerPendingContactsCleanup: no accounts
01-21 06:38:21.626: D/CarrierSvcBindHelper(2363): No carrier app for: 0
01-21 06:38:21.630: I/Telecom(2067): DefaultDialerCache: Refreshing default dialer for user 0: now com.google.android.dialer: DDC.oR@AFY
01-21 06:38:21.634: V/BackupManagerConstants(2067): getFullBackupIntervalMilliseconds(...) returns 86400000
01-21 06:38:21.638: I/Finsky(5318): [396] com.google.android.finsky.p2p.f.run(3): Wrote row to frosting DB: 134
01-21 06:38:21.652: I/Icing(2601): Usage reports ok 0, Failed Usage reports 0, indexed 0, rejected 0, imm upload false
01-21 06:38:21.652: D/CarrierConfigLoader(2363): mHandler: 9 phoneId: 0
01-21 06:38:21.667: D/AutofillUI(2067): destroySaveUiUiThread(): already destroyed
01-21 06:38:21.667: D/AutofillManagerServiceImpl(2067): Set component for user 0 as AutofillServiceInfo[ServiceInfo{102a116 com.google.android.gms.autofill.service.AutofillService}, settings:com.google.android.gms.autofill.ui.AutofillSettingsActivity, hasCompatPckgs:false]
01-21 06:38:21.694: I/Icing(2601): Usage reports ok 0, Failed Usage reports 0, indexed 0, rejected 0, imm upload false
01-21 06:38:21.730: I/system_server(2067): Background concurrent copying GC freed 34439(1820KB) AllocSpace objects, 19(828KB) LOS objects, 42% free, 11MB/19MB, paused 58us total 158.723ms
01-21 06:38:22.085: V/BackupManagerConstants(2067): getFullBackupRequiredNetworkType(...) returns 2
01-21 06:38:22.085: V/BackupManagerConstants(2067): getFullBackupRequireCharging(...) returns true
01-21 06:38:22.126: I/Icing(2601): Indexing com.google.android.gms-apps from com.google.android.gms
01-21 06:38:22.127: I/Icing(2601): Indexing done com.google.android.gms-apps
01-21 06:38:22.154: I/Finsky(5318): [2] com.google.android.finsky.verifier.impl.PackageVerificationReceiver.a(9): Verification requested, id = 10
01-21 06:38:22.155: W/Finsky(5318): [2] com.google.android.finsky.analytics.ao.a(40): Null bundle, which breaks event chain!. Creating a new logging context.
01-21 06:38:22.160: I/Finsky(5318): [393] com.google.android.finsky.verifier.impl.ew.a(84): Skipping verification. Disabled by user setting
01-21 06:38:22.160: I/Finsky(5318): [393] com.google.android.finsky.verifier.impl.ew.a(45): Skipping anti malware verification due to pre-check failure
01-21 06:38:22.160: I/Finsky(5318): [2] com.google.android.finsky.verifier.impl.go.c(164): Verifying id=10, result=1
01-21 06:38:22.165: I/PackageParser(2067): com.google.android.apps.mtaas.stubapp: compat added android.permission.WRITE_EXTERNAL_STORAGE android.permission.READ_PHONE_STATE
01-21 06:38:22.168: I/Finsky(5318): [2] com.google.android.finsky.verifier.impl.go.c(179): Verification complete: id=10, package_name=com.google.android.apps.mtaas.stubapp
01-21 06:38:22.189: I/PackageManager.DexOptimizer(2067): Running dexopt (dexoptNeeded=1) on: /data/app/com.google.android.apps.mtaas.stubapp-rLzPUYKYPIKkGyZF3fDZRw==/base.apk pkg=com.google.android.apps.mtaas.stubapp isa=x86 dexoptFlags=boot_complete,profile_guided,public,enable_hidden_api_checks targetFilter=speed-profile oatDir=/data/app/com.google.android.apps.mtaas.stubapp-rLzPUYKYPIKkGyZF3fDZRw==/oat classLoaderContext=PCL[/system/framework/org.apache.http.legacy.boot.jar]
01-21 06:38:22.189: V/installed(1928): DexInv: --- BEGIN '/data/app/com.google.android.apps.mtaas.stubapp-rLzPUYKYPIKkGyZF3fDZRw==/base.apk' ---
01-21 06:38:22.201: W/dex2oat(7708): Unexpected CPU variant for X86 using defaults: x86
01-21 06:38:22.201: W/dex2oat(7708): Mismatch between dex2oat instruction set features (ISA: X86 Feature string: -ssse3,-sse4.1,-sse4.2,-avx,-avx2,-popcnt) and those of dex2oat executable (ISA: X86 Feature string: ssse3,-sse4.1,-sse4.2,-avx,-avx2,-popcnt) for the command line:
01-21 06:38:22.201: W/dex2oat(7708): /system/bin/dex2oat --zip-fd=7 --zip-location=base.apk --input-vdex-fd=-1 --output-vdex-fd=9 --oat-fd=8 --oat-location=/data/app/com.google.android.apps.mtaas.stubapp-rLzPUYKYPIKkGyZF3fDZRw==/oat/x86/base.odex --instruction-set=x86 --instruction-set-variant=x86 --instruction-set-features=default --runtime-arg -Xms64m --runtime-arg -Xmx512m --compiler-filter=speed-profile --swap-fd=10 --app-image-fd=11 --image-format=lz4 --classpath-dir=/data/app/com.google.android.apps.mtaas.stubapp-rLzPUYKYPIKkGyZF3fDZRw== --class-loader-context=PCL[/system/framework/org.apache.http.legacy.boot.jar] --generate-mini-debug-info --compact-dex-level=none --runtime-arg -Xhidden-api-checks --compilation-reason=install
01-21 06:38:22.202: I/dex2oat(7708): /system/bin/dex2oat --input-vdex-fd=-1 --output-vdex-fd=9 --compiler-filter=speed-profile --classpath-dir=/data/app/com.google.android.apps.mtaas.stubapp-rLzPUYKYPIKkGyZF3fDZRw== --class-loader-context=PCL[/system/framework/org.apache.http.legacy.boot.jar] --generate-mini-debug-info --compact-dex-level=none --compilation-reason=install
01-21 06:38:22.267: I/Remoter(1907): Saved screenshot to '/data/screenshots/__pmv__-0086.jpg'
01-21 06:38:22.273: I/dex2oat(7708): Explicit concurrent copying GC freed 6(42KB) AllocSpace objects, 0(0B) LOS objects, 99% free, 896B/1536KB, paused 39us total 2.354ms
01-21 06:38:22.326: I/dex2oat(7708): dex2oat took 125.542ms (121.850ms cpu) (threads: 2) arena alloc=800B (800B) java alloc=16KB (17280B) native alloc=1053KB (1078800B) free=2018KB (2066928B)
01-21 06:38:22.329: V/installed(1928): DexInv: --- END '/data/app/com.google.android.apps.mtaas.stubapp-rLzPUYKYPIKkGyZF3fDZRw==/base.apk' (success) ---
01-21 06:38:22.330: V/BackupManagerService(2067): restoreAtInstall pkg=com.google.android.apps.mtaas.stubapp token=b restoreSet=0
01-21 06:38:22.330: V/BackupManagerService(2067): Finishing install immediately
01-21 06:38:22.330: V/BackupManagerService(2067): [ 01-21 06:38:22.332  1928: 2123 E/         ]
01-21 06:38:22.330: V/BackupManagerService(2067): Couldn't opendir /data/app/vmdl214523214.tmp: No such file or directory
01-21 06:38:22.332: E/installd(1928): Failed to delete /data/app/vmdl214523214.tmp: No such file or directory
01-21 06:38:22.338: I/Finsky(5318): [2] com.google.android.finsky.packagemanager.impl.PackageMonitorReceiverImpl.a(12): PackageMonitor received: android.intent.action.PACKAGE_ADDED
01-21 06:38:22.341: D/Avrcp(2194): isBrowsableListUpdated: false
01-21 06:38:22.341: D/BluetoothMapAppObserver(2194): onReceive
01-21 06:38:22.341: D/BluetoothMapAppObserver(2194): The installed package is: com.google.android.apps.mtaas.stubapp
01-21 06:38:22.341: I/Finsky(5318): [2] com.google.android.finsky.wear.eh.a(18): Do not start WearSupportService due to Wear service optimization
01-21 06:38:22.342: I/Finsky(5318): [2] com.google.android.finsky.wear.eh.a(18): Do not start WearSupportService due to Wear service optimization
01-21 06:38:22.342: D/BluetoothMapAppObserver(2194): Found 0 application(s) with intent android.bluetooth.action.BLUETOOTH_MAP_PROVIDER
01-21 06:38:22.343: D/BluetoothMapAppObserver(2194): Found 0 application(s) with intent android.bluetooth.action.BLUETOOTH_MAP_IM_PROVIDER
01-21 06:38:22.343: V/NewAvrcpMediaPlayerList(2194): mPackageChangedBroadcastReceiver: action: android.intent.action.PACKAGE_ADDED
01-21 06:38:22.343: D/NewAvrcpMediaPlayerList(2194): Name of package changed: com.google.android.apps.mtaas.stubapp
01-21 06:38:22.344: W/BroadcastQueue(2067): Background execution not allowed: receiving Intent { act=android.intent.action.PACKAGE_ADDED dat=package:com.google.android.apps.mtaas.stubapp flg=0x4000010 (has extras) } to com.android.musicfx/.Compatibility$Receiver
01-21 06:38:22.344: W/BroadcastQueue(2067): Background execution not allowed: receiving Intent { act=android.intent.action.PACKAGE_ADDED dat=package:com.google.android.apps.mtaas.stubapp flg=0x4000010 (has extras) } to com.android.vending/com.google.android.finsky.packagemanager.impl.PackageMonitorReceiverImpl$RegisteredReceiver
01-21 06:38:22.344: I/InputReader(2067): Reconfiguring input devices.  changes=0x00000010
01-21 06:38:22.344: W/BroadcastQueue(2067): Background execution not allowed: receiving Intent { act=android.intent.action.PACKAGE_ADDED dat=package:com.google.android.apps.mtaas.stubapp flg=0x4000010 (has extras) } to com.google.android.gms/.games.chimera.GamesSystemBroadcastReceiverProxy
01-21 06:38:22.344: W/BroadcastQueue(2067): Background execution not allowed: receiving Intent { act=android.intent.action.PACKAGE_ADDED dat=package:com.google.android.apps.mtaas.stubapp flg=0x4000010 (has extras) } to com.google.android.gms/.gass.chimera.PackageChangeBroadcastReceiver
01-21 06:38:22.344: W/BroadcastQueue(2067): Background execution not allowed: receiving Intent { act=android.intent.action.PACKAGE_ADDED dat=package:com.google.android.apps.mtaas.stubapp flg=0x4000010 (has extras) } to com.google.android.gms/.chimera.GmsIntentOperationService$PersistentTrustedReceiver
01-21 06:38:22.344: W/BroadcastQueue(2067): Background execution not allowed: receiving Intent { act=android.intent.action.PACKAGE_ADDED dat=package:com.google.android.apps.mtaas.stubapp flg=0x4000010 (has extras) } to com.google.android.googlequicksearchbox/com.google.android.apps.gsa.googlequicksearchbox.GelStubAppWatcher
01-21 06:38:22.346: I/Finsky(5318): [396] com.google.android.finsky.p2p.f.run(3): Wrote row to frosting DB: 135
01-21 06:38:22.351: I/Telecom(2067): DefaultDialerCache: Refreshing default dialer for user 0: now com.google.android.dialer: DDC.oR@AFo
01-21 06:38:22.362: I/Finsky(5318): [2] com.google.android.finsky.p2p.e.b(20): Frosting ID looked up on UI thread. Caller should move to a background thread.
01-21 06:38:22.363: V/BackupManagerConstants(2067): getFullBackupIntervalMilliseconds(...) returns 86400000
01-21 06:38:22.367: I/Finsky(5318): [2] com.google.android.finsky.externalreferrer.b.run(6): Package state data is missing for com.google.android.apps.mtaas.stubapp
01-21 06:38:22.369: I/Auth(2601): [SupervisedAccountIntentOperation] onHandleIntent(): android.intent.action.PACKAGE_ADDED
01-21 06:38:22.369: I/Auth(2601): [SupervisedAccountIntentOperation] This operation is disabled
01-21 06:38:22.369: I/ChromeSync(2601): [Sync,SyncIntentOperation] Handling the intent: Intent { act=android.intent.action.PACKAGE_ADDED dat=package:com.google.android.apps.mtaas.stubapp flg=0x4000010 cmp=com.google.android.gms/.chimera.GmsIntentOperationService (has extras) }.
01-21 06:38:22.369: I/FontsPackageChangeOp(2601): Package com.google.android.apps.mtaas.stubapp has no metadata
01-21 06:38:22.370: I/ChromeSync(2601): [Persistence,AffiliationManager] No affiliation data for android://N50vJU0zrJ8WOzDt6r3GDtfqrkROFOSiqHcmppwn3vxaRC4hFpNn4UsL7XlvjtlfcWuDAQhmck0qjQPwsrpMNg==@com.google.android.apps.mtaas.stubapp/. Marking affiliation data as stale...
01-21 06:38:22.371: I/ChromeSync(2601): [Persistence,AffiliationManager] Fetching affiliations from the server.
01-21 06:38:22.391: D/CarrierSvcBindHelper(2363): No carrier app for: 0
01-21 06:38:22.396: D/CarrierConfigLoader(2363): mHandler: 9 phoneId: 0
01-21 06:38:22.396: I/PeopleContactsSync(2601): triggerPendingContactsCleanup: no accounts
01-21 06:38:22.404: I/Icing(2601): IndexChimeraService.getServiceInterface callingPackage=com.google.android.gms componentName=AppsCorpus serviceId=36
01-21 06:38:22.408: I/Icing(2601): IndexChimeraService.getServiceInterface callingPackage=com.google.android.gms componentName=AppsCorpus serviceId=32
01-21 06:38:22.441: D/AutofillUI(2067): destroySaveUiUiThread(): already destroyed
01-21 06:38:22.441: D/AutofillManagerServiceImpl(2067): Set component for user 0 as AutofillServiceInfo[ServiceInfo{80c1d7b com.google.android.gms.autofill.service.AutofillService}, settings:com.google.android.gms.autofill.ui.AutofillSettingsActivity, hasCompatPckgs:false]
01-21 06:38:22.451: I/Icing(2601): Usage reports ok 0, Failed Usage reports 0, indexed 0, rejected 0, imm upload false
01-21 06:38:22.465: I/Icing(2601): Usage reports ok 0, Failed Usage reports 0, indexed 0, rejected 0, imm upload false
01-21 06:38:22.487: I/system_server(2067): Background concurrent copying GC freed 34659(1881KB) AllocSpace objects, 19(828KB) LOS objects, 42% free, 11MB/19MB, paused 204us total 154.313ms
01-21 06:38:22.592: D/AndroidRuntime(7717): >>>>>> START com.android.internal.os.RuntimeInit uid 0 <<<<<<
01-21 06:38:22.596: W/app_process(7717): Could not reserve sentinel fault page
01-21 06:38:22.651: W/app_process(7717): Unexpected CPU variant for X86 using defaults: x86
01-21 06:38:22.708: I/app_process(7717): The ClassLoaderContext is a special shared library.
01-21 06:38:22.708: W/nativebridge(7717): Failed to bind-mount /system/lib/x86/cpuinfo as /proc/cpuinfo: No such file or directory
01-21 06:38:22.727: D/AndroidRuntime(7717): Calling main entry com.android.commands.input.Input
01-21 06:38:22.728: I/Input(7717): injectKeyEvent: KeyEvent { action=ACTION_DOWN, keyCode=KEYCODE_MENU, scanCode=0, metaState=0, flags=0x0, repeatCount=0, eventTime=14186243, downTime=14186243, deviceId=-1, source=0x101 }
01-21 06:38:22.730: I/Input(7717): injectKeyEvent: KeyEvent { action=ACTION_UP, keyCode=KEYCODE_MENU, scanCode=0, metaState=0, flags=0x0, repeatCount=0, eventTime=14186243, downTime=14186243, deviceId=-1, source=0x101 }
01-21 06:38:22.731: V/StatusBar(2207): mStatusBarWindow: com.android.systemui.statusbar.phone.StatusBarWindowView{97c2d9e V.ED..... ........ 0,0-1080,1920} canPanelBeCollapsed(): true
01-21 06:38:22.733: D/AndroidRuntime(7717): Shutting down VM
01-21 06:38:22.755: I/Icing(2601): Indexing com.google.android.gms-apps from com.google.android.gms
01-21 06:38:22.756: I/Icing(2601): Indexing done com.google.android.gms-apps
01-21 06:38:22.774: V/BackupManagerConstants(2067): getFullBackupRequiredNetworkType(...) returns 2
01-21 06:38:22.776: V/BackupManagerConstants(2067): getFullBackupRequireCharging(...) returns true
01-21 06:38:23.183: D/StatusBar(2207): disable<e i a s b H R c s > disable2<q i n >
01-21 06:38:23.205: E/memtrack(2067): Couldn't load memtrack module
01-21 06:38:23.205: W/android.os.Debug(2067): failed to get memory consumption info: -1
01-21 06:38:23.207: E/memtrack(2067): Couldn't load memtrack module
01-21 06:38:23.207: W/android.os.Debug(2067): failed to get memory consumption info: -1
01-21 06:38:23.207: E/memtrack(2067): Couldn't load memtrack module
01-21 06:38:23.207: W/android.os.Debug(2067): failed to get memory consumption info: -1
01-21 06:38:23.207: E/memtrack(2067): Couldn't load memtrack module
01-21 06:38:23.207: W/android.os.Debug(2067): failed to get memory consumption info: -1
01-21 06:38:23.209: E/memtrack(2067): Couldn't load memtrack module
01-21 06:38:23.209: W/android.os.Debug(2067): failed to get memory consumption info: -1
01-21 06:38:23.210: E/memtrack(2067): Couldn't load memtrack module
01-21 06:38:23.210: W/android.os.Debug(2067): failed to get memory consumption info: -1
01-21 06:38:23.210: E/memtrack(2067): Couldn't load memtrack module
01-21 06:38:23.211: W/android.os.Debug(2067): failed to get memory consumption info: -1
01-21 06:38:23.211: E/memtrack(2067): Couldn't load memtrack module
01-21 06:38:23.211: W/android.os.Debug(2067): failed to get memory consumption info: -1
01-21 06:38:23.211: E/memtrack(2067): Couldn't load memtrack module
01-21 06:38:23.211: W/android.os.Debug(2067): failed to get memory consumption info: -1
01-21 06:38:23.211: E/memtrack(2067): Couldn't load memtrack module
01-21 06:38:23.211: W/android.os.Debug(2067): failed to get memory consumption info: -1
01-21 06:38:23.212: E/memtrack(2067): Couldn't load memtrack module
01-21 06:38:23.212: W/android.os.Debug(2067): failed to get memory consumption info: -1
01-21 06:38:23.212: E/memtrack(2067): Couldn't load memtrack module
01-21 06:38:23.212: W/android.os.Debug(2067): failed to get memory consumption info: -1
01-21 06:38:23.213: E/memtrack(2067): Couldn't load memtrack module
01-21 06:38:23.213: W/android.os.Debug(2067): failed to get memory consumption info: -1
01-21 06:38:23.213: E/memtrack(2067): Couldn't load memtrack module
01-21 06:38:23.213: W/android.os.Debug(2067): failed to get memory consumption info: -1
01-21 06:38:23.214: E/memtrack(2067): Couldn't load memtrack module
01-21 06:38:23.214: W/android.os.Debug(2067): failed to get memory consumption info: -1
01-21 06:38:23.215: E/memtrack(2067): Couldn't load memtrack module
01-21 06:38:23.215: W/android.os.Debug(2067): failed to get memory consumption info: -1
01-21 06:38:23.216: E/memtrack(2067): Couldn't load memtrack module
01-21 06:38:23.216: W/android.os.Debug(2067): failed to get memory consumption info: -1
01-21 06:38:23.217: E/memtrack(2067): Couldn't load memtrack module
01-21 06:38:23.217: W/android.os.Debug(2067): failed to get memory consumption info: -1
01-21 06:38:23.219: E/memtrack(2067): Couldn't load memtrack module
01-21 06:38:23.219: W/android.os.Debug(2067): failed to get memory consumption info: -1
01-21 06:38:23.219: E/memtrack(2067): Couldn't load memtrack module
01-21 06:38:23.220: W/android.os.Debug(2067): failed to get memory consumption info: -1
01-21 06:38:23.222: E/memtrack(2067): Couldn't load memtrack module
01-21 06:38:23.222: W/android.os.Debug(2067): failed to get memory consumption info: -1
01-21 06:38:23.222: E/memtrack(2067): Couldn't load memtrack module
01-21 06:38:23.222: W/android.os.Debug(2067): failed to get memory consumption info: -1
01-21 06:38:23.224: E/memtrack(2067): Couldn't load memtrack module
01-21 06:38:23.224: W/android.os.Debug(2067): failed to get memory consumption info: -1
01-21 06:38:23.228: E/memtrack(2067): Couldn't load memtrack module
01-21 06:38:23.228: W/android.os.Debug(2067): failed to get memory consumption info: -1
01-21 06:38:23.457: I/Remoter(1907): Saved screenshot to '/data/screenshots/__pmv__-0087.jpg'
01-21 06:38:23.491: I/Icing(2601): Indexing com.google.android.gms-apps from com.google.android.gms
01-21 06:38:23.506: I/Icing(2601): Indexing done com.google.android.gms-apps
01-21 06:38:23.544: V/BackupManagerConstants(2067): getFullBackupRequiredNetworkType(...) returns 2
01-21 06:38:23.544: V/BackupManagerConstants(2067): getFullBackupRequireCharging(...) returns true
01-21 06:38:23.605: E/memtrack(2067): Couldn't load memtrack module
01-21 06:38:23.605: W/android.os.Debug(2067): failed to get memory consumption info: -1
01-21 06:38:23.606: I/IcingNotification(2202): Received intent: Intent { act=com.google.android.gms.icing.IME_NOTIFICATION flg=0x10 pkg=com.google.android.inputmethod.latin (has extras) }
01-21 06:38:23.607: E/memtrack(2067): Couldn't load memtrack module
01-21 06:38:23.607: W/android.os.Debug(2067): failed to get memory consumption info: -1
01-21 06:38:23.655: E/memtrack(2067): Couldn't load memtrack module
01-21 06:38:23.655: W/android.os.Debug(2067): failed to get memory consumption info: -1
01-21 06:38:23.666: E/memtrack(2067): Couldn't load memtrack module
01-21 06:38:23.666: W/android.os.Debug(2067): failed to get memory consumption info: -1
01-21 06:38:23.675: E/memtrack(2067): Couldn't load memtrack module
01-21 06:38:23.675: W/android.os.Debug(2067): failed to get memory consumption info: -1
01-21 06:38:23.676: E/memtrack(2067): Couldn't load memtrack module
01-21 06:38:23.676: W/android.os.Debug(2067): failed to get memory consumption info: -1
01-21 06:38:23.678: E/memtrack(2067): Couldn't load memtrack module
01-21 06:38:23.678: W/android.os.Debug(2067): failed to get memory consumption info: -1
01-21 06:38:23.680: E/memtrack(2067): Couldn't load memtrack module
01-21 06:38:23.680: W/android.os.Debug(2067): failed to get memory consumption info: -1
01-21 06:38:23.681: E/memtrack(2067): Couldn't load memtrack module
01-21 06:38:23.681: W/android.os.Debug(2067): failed to get memory consumption info: -1
01-21 06:38:23.683: E/memtrack(2067): Couldn't load memtrack module
01-21 06:38:23.683: W/android.os.Debug(2067): failed to get memory consumption info: -1
01-21 06:38:23.716: E/memtrack(2067): Couldn't load memtrack module
01-21 06:38:23.716: W/android.os.Debug(2067): failed to get memory consumption info: -1
01-21 06:38:23.718: E/memtrack(2067): Couldn't load memtrack module
01-21 06:38:23.718: W/android.os.Debug(2067): failed to get memory consumption info: -1
01-21 06:38:23.725: E/memtrack(2067): Couldn't load memtrack module
01-21 06:38:23.725: W/android.os.Debug(2067): failed to get memory consumption info: -1
01-21 06:38:23.727: E/memtrack(2067): Couldn't load memtrack module
01-21 06:38:23.727: W/android.os.Debug(2067): failed to get memory consumption info: -1
01-21 06:38:23.732: E/memtrack(2067): Couldn't load memtrack module
01-21 06:38:23.732: W/android.os.Debug(2067): failed to get memory consumption info: -1
01-21 06:38:23.755: E/memtrack(2067): Couldn't load memtrack module
01-21 06:38:23.755: W/android.os.Debug(2067): failed to get memory consumption info: -1
01-21 06:38:23.755: E/memtrack(2067): Couldn't load memtrack module
01-21 06:38:23.755: W/android.os.Debug(2067): failed to get memory consumption info: -1
01-21 06:38:23.758: E/memtrack(2067): Couldn't load memtrack module
01-21 06:38:23.758: W/android.os.Debug(2067): failed to get memory consumption info: -1
01-21 06:38:23.763: E/memtrack(2067): Couldn't load memtrack module
01-21 06:38:23.763: W/android.os.Debug(2067): failed to get memory consumption info: -1
01-21 06:38:23.767: E/memtrack(2067): Couldn't load memtrack module
01-21 06:38:23.767: W/android.os.Debug(2067): failed to get memory consumption info: -1
01-21 06:38:23.769: E/memtrack(2067): Couldn't load memtrack module
01-21 06:38:23.769: W/android.os.Debug(2067): failed to get memory consumption info: -1
01-21 06:38:23.772: E/memtrack(2067): Couldn't load memtrack module
01-21 06:38:23.772: W/android.os.Debug(2067): failed to get memory consumption info: -1
01-21 06:38:23.775: E/memtrack(2067): Couldn't load memtrack module
01-21 06:38:23.775: W/android.os.Debug(2067): failed to get memory consumption info: -1
01-21 06:38:23.778: E/memtrack(2067): Couldn't load memtrack module
01-21 06:38:23.778: W/android.os.Debug(2067): failed to get memory consumption info: -1
01-21 06:38:23.783: E/memtrack(2067): Couldn't load memtrack module
01-21 06:38:23.783: W/android.os.Debug(2067): failed to get memory consumption info: -1
01-21 06:38:23.787: E/memtrack(2067): Couldn't load memtrack module
01-21 06:38:23.787: W/android.os.Debug(2067): failed to get memory consumption info: -1
01-21 06:38:23.793: E/memtrack(2067): Couldn't load memtrack module
01-21 06:38:23.793: W/android.os.Debug(2067): failed to get memory consumption info: -1
01-21 06:38:23.796: E/memtrack(2067): Couldn't load memtrack module
01-21 06:38:23.796: W/android.os.Debug(2067): failed to get memory consumption info: -1
01-21 06:38:23.798: E/memtrack(2067): Couldn't load memtrack module
01-21 06:38:23.798: W/android.os.Debug(2067): failed to get memory consumption info: -1
01-21 06:38:23.800: E/memtrack(2067): Couldn't load memtrack module
01-21 06:38:23.800: W/android.os.Debug(2067): failed to get memory consumption info: -1
01-21 06:38:23.806: I/Finsky(5318): [2] com.google.android.finsky.verifier.impl.PackageVerificationReceiver.a(9): Verification requested, id = 11
01-21 06:38:23.806: E/memtrack(2067): Couldn't load memtrack module
01-21 06:38:23.806: W/android.os.Debug(2067): failed to get memory consumption info: -1
01-21 06:38:23.807: W/Finsky(5318): [2] com.google.android.finsky.analytics.ao.a(40): Null bundle, which breaks event chain!. Creating a new logging context.
01-21 06:38:23.810: E/memtrack(2067): Couldn't load memtrack module
01-21 06:38:23.810: W/android.os.Debug(2067): failed to get memory consumption info: -1
01-21 06:38:23.812: E/memtrack(2067): Couldn't load memtrack module
01-21 06:38:23.812: W/android.os.Debug(2067): failed to get memory consumption info: -1
01-21 06:38:23.813: E/memtrack(2067): Couldn't load memtrack module
01-21 06:38:23.813: W/android.os.Debug(2067): failed to get memory consumption info: -1
01-21 06:38:23.815: E/memtrack(2067): Couldn't load memtrack module
01-21 06:38:23.815: W/android.os.Debug(2067): failed to get memory consumption info: -1
01-21 06:38:23.816: E/memtrack(2067): Couldn't load memtrack module
01-21 06:38:23.816: W/android.os.Debug(2067): failed to get memory consumption info: -1
01-21 06:38:23.817: E/memtrack(2067): Couldn't load memtrack module
01-21 06:38:23.817: W/android.os.Debug(2067): failed to get memory consumption info: -1
01-21 06:38:23.818: E/memtrack(2067): Couldn't load memtrack module
01-21 06:38:23.818: W/android.os.Debug(2067): failed to get memory consumption info: -1
01-21 06:38:23.819: E/memtrack(2067): Couldn't load memtrack module
01-21 06:38:23.819: W/android.os.Debug(2067): failed to get memory consumption info: -1
01-21 06:38:23.820: E/memtrack(2067): Couldn't load memtrack module
01-21 06:38:23.820: W/android.os.Debug(2067): failed to get memory consumption info: -1
01-21 06:38:23.820: E/memtrack(2067): Couldn't load memtrack module
01-21 06:38:23.820: W/android.os.Debug(2067): failed to get memory consumption info: -1
01-21 06:38:23.837: E/memtrack(2067): Couldn't load memtrack module
01-21 06:38:23.837: W/android.os.Debug(2067): failed to get memory consumption info: -1
01-21 06:38:23.838: E/memtrack(2067): Couldn't load memtrack module
01-21 06:38:23.838: W/android.os.Debug(2067): failed to get memory consumption info: -1
01-21 06:38:23.839: E/memtrack(2067): Couldn't load memtrack module
01-21 06:38:23.839: W/android.os.Debug(2067): failed to get memory consumption info: -1
01-21 06:38:23.840: E/memtrack(2067): Couldn't load memtrack module
01-21 06:38:23.840: W/android.os.Debug(2067): failed to get memory consumption info: -1
01-21 06:38:23.842: E/memtrack(2067): Couldn't load memtrack module
01-21 06:38:23.842: W/android.os.Debug(2067): failed to get memory consumption info: -1
01-21 06:38:23.886: E/memtrack(2067): Couldn't load memtrack module
01-21 06:38:23.886: W/android.os.Debug(2067): failed to get memory consumption info: -1
01-21 06:38:23.911: E/memtrack(2067): Couldn't load memtrack module
01-21 06:38:23.911: W/android.os.Debug(2067): failed to get memory consumption info: -1
01-21 06:38:23.929: E/memtrack(2067): Couldn't load memtrack module
01-21 06:38:23.929: W/android.os.Debug(2067): failed to get memory consumption info: -1
01-21 06:38:23.935: I/Finsky(5318): [393] com.google.android.finsky.verifier.impl.ew.a(84): Skipping verification. Disabled by user setting
01-21 06:38:23.935: I/Finsky(5318): [393] com.google.android.finsky.verifier.impl.ew.a(45): Skipping anti malware verification due to pre-check failure
01-21 06:38:23.952: E/memtrack(2067): Couldn't load memtrack module
01-21 06:38:23.952: W/android.os.Debug(2067): failed to get memory consumption info: -1
01-21 06:38:23.952: I/Finsky(5318): [2] com.google.android.finsky.verifier.impl.go.c(164): Verifying id=11, result=1
01-21 06:38:23.954: I/Finsky(5318): [2] com.google.android.finsky.verifier.impl.go.c(179): Verification complete: id=11, package_name=com.google.android.gms.policy_test_support
01-21 06:38:24.004: E/memtrack(2067): Couldn't load memtrack module
01-21 06:38:24.004: W/android.os.Debug(2067): failed to get memory consumption info: -1
01-21 06:38:24.028: I/PackageManager.DexOptimizer(2067): Running dexopt (dexoptNeeded=1) on: /data/app/com.google.android.gms.policy_test_support-_jWsy_hnRDL6UlcsPfQlQg==/base.apk pkg=com.google.android.gms.policy_test_support isa=x86 dexoptFlags=boot_complete,profile_guided,public,enable_hidden_api_checks targetFilter=speed-profile oatDir=/data/app/com.google.android.gms.policy_test_support-_jWsy_hnRDL6UlcsPfQlQg==/oat classLoaderContext=PCL[/system/framework/org.apache.http.legacy.boot.jar]
01-21 06:38:24.028: V/installed(1928): DexInv: --- BEGIN '/data/app/com.google.android.gms.policy_test_support-_jWsy_hnRDL6UlcsPfQlQg==/base.apk' ---
01-21 06:38:24.054: E/memtrack(2067): Couldn't load memtrack module
01-21 06:38:24.054: W/android.os.Debug(2067): failed to get memory consumption info: -1
01-21 06:38:24.075: W/dex2oat(7757): Unexpected CPU variant for X86 using defaults: x86
01-21 06:38:24.075: W/dex2oat(7757): Mismatch between dex2oat instruction set features (ISA: X86 Feature string: -ssse3,-sse4.1,-sse4.2,-avx,-avx2,-popcnt) and those of dex2oat executable (ISA: X86 Feature string: ssse3,-sse4.1,-sse4.2,-avx,-avx2,-popcnt) for the command line:
01-21 06:38:24.075: W/dex2oat(7757): /system/bin/dex2oat --zip-fd=7 --zip-location=base.apk --input-vdex-fd=-1 --output-vdex-fd=9 --oat-fd=8 --oat-location=/data/app/com.google.android.gms.policy_test_support-_jWsy_hnRDL6UlcsPfQlQg==/oat/x86/base.odex --instruction-set=x86 --instruction-set-variant=x86 --instruction-set-features=default --runtime-arg -Xms64m --runtime-arg -Xmx512m --compiler-filter=speed-profile --swap-fd=10 --app-image-fd=11 --image-format=lz4 --classpath-dir=/data/app/com.google.android.gms.policy_test_support-_jWsy_hnRDL6UlcsPfQlQg== --class-loader-context=PCL[/system/framework/org.apache.http.legacy.boot.jar] --generate-mini-debug-info --compact-dex-level=none --runtime-arg -Xtarget-sdk-version:14 --runtime-arg -Xhidden-api-checks --compilation-reason=install
01-21 06:38:24.075: I/dex2oat(7757): /system/bin/dex2oat --input-vdex-fd=-1 --output-vdex-fd=9 --compiler-filter=speed-profile --classpath-dir=/data/app/com.google.android.gms.policy_test_support-_jWsy_hnRDL6UlcsPfQlQg== --class-loader-context=PCL[/system/framework/org.apache.http.legacy.boot.jar] --generate-mini-debug-info --compact-dex-level=none --compilation-reason=install
01-21 06:38:24.100: E/memtrack(2067): Couldn't load memtrack module
01-21 06:38:24.100: W/android.os.Debug(2067): failed to get memory consumption info: -1
01-21 06:38:24.144: E/memtrack(2067): Couldn't load memtrack module
01-21 06:38:24.144: W/android.os.Debug(2067): failed to get memory consumption info: -1
01-21 06:38:24.174: V/BackupManagerConstants(2067): getFullBackupRequiredNetworkType(...) returns 2
01-21 06:38:24.174: V/BackupManagerConstants(2067): getFullBackupRequireCharging(...) returns true
01-21 06:38:24.185: E/memtrack(2067): Couldn't load memtrack module
01-21 06:38:24.185: W/android.os.Debug(2067): failed to get memory consumption info: -1
01-21 06:38:24.234: E/memtrack(2067): Couldn't load memtrack module
01-21 06:38:24.234: W/android.os.Debug(2067): failed to get memory consumption info: -1
01-21 06:38:24.290: E/memtrack(2067): Couldn't load memtrack module
01-21 06:38:24.291: W/android.os.Debug(2067): failed to get memory consumption info: -1
01-21 06:38:24.341: E/memtrack(2067): Couldn't load memtrack module
01-21 06:38:24.341: W/android.os.Debug(2067): failed to get memory consumption info: -1
01-21 06:38:24.394: E/memtrack(2067): Couldn't load memtrack module
01-21 06:38:24.394: W/android.os.Debug(2067): failed to get memory consumption info: -1
01-21 06:38:24.455: E/memtrack(2067): Couldn't load memtrack module
01-21 06:38:24.455: W/android.os.Debug(2067): failed to get memory consumption info: -1
01-21 06:38:24.520: D/vndksupport(2785): Loading /vendor/lib/hw/gralloc.gce_x86.so from current namespace instead of sphal namespace.
01-21 06:38:24.554: I/Remoter(1907): Saved screenshot to '/data/screenshots/__pmv__-0088.jpg'
01-21 06:38:24.564: I/OpenGLRenderer(2785): Davey! duration=1323ms; Flags=1, IntendedVsync=14186757525312, Vsync=14186757525312, OldestInputEvent=9223372036854775807, NewestInputEvent=0, HandleInputStart=14186765972859, AnimationStart=14186765989786, PerformTraversalsStart=14186766004467, DrawStart=14186768422410, SyncQueued=14186771021563, SyncStart=14186771095863, IssueDrawCommandsStart=14186774171759, SwapBuffers=14188035436631, FrameCompleted=14188080625953, DequeueBufferDuration=360000, QueueBufferDuration=196000, 
01-21 06:38:24.578: D/StatusBar(2207): disable<e i a s b H R c s > disable2<q i n >
01-21 06:38:24.581: I/ActivityManager(2067): Displayed com.android.launcher3/.Launcher: +3h55m7s650ms (total +3h55m7s794ms)
01-21 06:38:24.581: I/droid.launcher(2785): Waiting for a blocking GC ProfileSaver
01-21 06:38:24.582: D/StatusBar(2207): disable<e i a s b h!r!c s > disable2<q i n >
01-21 06:38:24.584: E/SchedPolicy(2785): set_timerslack_ns write failed: Operation not permitted
01-21 06:38:24.584: I/Choreographer(2785): Skipped 79 frames!  The application may be doing too much work on its main thread.
01-21 06:38:24.607: W/AudioFlinger(1916): createTrack_l(): mismatch between requested flags (00000004) and output flags (00000002)
01-21 06:38:24.645: D/vndksupport(1918): Loading /vendor/lib/hw/gralloc.gce_x86.so from current namespace instead of sphal namespace.
01-21 06:38:24.664: W/dex2oat(7757): Verification of int com.google.android.gms.dynamite.DynamiteModule.a(android.content.Context, java.lang.String, boolean) took 110.599ms
01-21 06:38:24.673: E/memtrack(2067): Couldn't load memtrack module
01-21 06:38:24.673: W/android.os.Debug(2067): failed to get memory consumption info: -1
01-21 06:38:24.734: W/AudioTrack(2207): AUDIO_OUTPUT_FLAG_FAST denied by server; frameCount 0 -> 8329
01-21 06:38:24.749: W/UsageStatsService(2067): Event reported without a package name
01-21 06:38:24.758: I/droid.launcher(2785): Background concurrent copying GC freed 38488(1370KB) AllocSpace objects, 11(756KB) LOS objects, 49% free, 2MB/4MB, paused 1.834ms total 180.932ms
01-21 06:38:24.758: I/droid.launcher(2785): WaitForGcToComplete blocked ProfileSaver on HeapTrim for 176.702ms
01-21 06:38:24.848: I/Zygote(7764): seccomp disabled by setenforce 0
01-21 06:38:24.850: W/id.apps.fitnes(7764): Unexpected CPU variant for X86 using defaults: x86
01-21 06:38:24.867: D/AudioFlinger(1916): mixer(0xe4e032c0) throttle end: throttle time(8)
01-21 06:38:24.874: W/ActivityManager(2067): Slow operation: 110ms so far, now at startProcess: returned from zygote!
01-21 06:38:24.874: W/ActivityManager(2067): Slow operation: 110ms so far, now at startProcess: done updating battery stats
01-21 06:38:24.874: W/ActivityManager(2067): Slow operation: 110ms so far, now at startProcess: building log message
01-21 06:38:24.874: I/ActivityManager(2067): Start proc 7764:com.google.android.apps.fitness/u0a62 for broadcast com.google.android.apps.fitness/.widget.TodayStatusWidgetProvider
01-21 06:38:24.874: W/ActivityManager(2067): Slow operation: 110ms so far, now at startProcess: starting to update pids map
01-21 06:38:24.874: W/ActivityManager(2067): Slow operation: 110ms so far, now at startProcess: done updating pids map
01-21 06:38:24.893: W/MDM(2601): [1027] admr.c: enableNfc
01-21 06:38:24.894: V/BackupManagerConstants(2067): getFullBackupRequiredNetworkType(...) returns 2
01-21 06:38:24.894: V/BackupManagerConstants(2067): getFullBackupRequireCharging(...) returns true
01-21 06:38:24.897: I/GsaVoiceInteractionSrv(2703): O received Intent { act=android.intent.action.USER_PRESENT flg=0x24200010 }
01-21 06:38:24.974: W/dex2oat(7757): Verification of java.lang.Object aca.create(java.lang.Object) took 410.519ms
01-21 06:38:24.996: D/vndksupport(1918): Loading /vendor/lib/hw/gralloc.gce_x86.so from current namespace instead of sphal namespace.
01-21 06:38:25.014: W/dex2oat(7757): Verification of void aeu.a(aeq) took 341.284ms
01-21 06:38:25.039: I/OpenGLRenderer(2785): Davey! duration=1781ms; Flags=0, IntendedVsync=14186774192202, Vsync=14188090858816, OldestInputEvent=9223372036854775807, NewestInputEvent=0, HandleInputStart=14188100573506, AnimationStart=14188100588550, PerformTraversalsStart=14188100591519, DrawStart=14188207986406, SyncQueued=14188208412671, SyncStart=14188208457137, IssueDrawCommandsStart=14188208549335, SwapBuffers=14188212668671, FrameCompleted=14188555310866, DequeueBufferDuration=362000, QueueBufferDuration=65100000, 
01-21 06:38:25.042: W/system_server(2067): Long monitor contention with owner Binder:2067_20 (5467) at int com.android.server.wm.WindowManagerService.relayoutWindow(com.android.server.wm.Session, android.view.IWindow, int, android.view.WindowManager$LayoutParams, int, int, int, int, long, android.graphics.Rect, android.graphics.Rect, android.graphics.Rect, android.graphics.Rect, android.graphics.Rect, android.graphics.Rect, android.graphics.Rect, android.view.DisplayCutout$ParcelableWrapper, android.util.MergedConfiguration, android.view.Surface)(WindowManagerService.java:1873) waiters=1 in boolean com.android.server.wm.WindowManagerService.containsShowWhenLockedWindow(android.os.IBinder) for 159ms
01-21 06:38:25.042: W/ActivityManager(2067): Slow operation: 160ms so far, now at attachApplicationLocked: after mServices.attachApplicationLocked
01-21 06:38:25.043: W/ActivityManager(2067): Slow operation: 161ms so far, now at attachApplicationLocked: after sendPendingBroadcastsLocked
01-21 06:38:25.136: W/system_server(2067): Long monitor contention with owner Binder:2067_12 (2767) at void com.android.server.am.ActivityManagerService.attachApplication(android.app.IApplicationThread, long)(ActivityManagerService.java:7933) waiters=4 in android.app.ContentProviderHolder com.android.server.am.ActivityManagerService.getContentProviderImpl(android.app.IApplicationThread, java.lang.String, android.os.IBinder, boolean, int) for 241ms
01-21 06:38:25.138: W/Looper(2067): Slow dispatch took 373ms main h=android.app.ActivityThread$H c=android.app.-$$Lambda$LoadedApk$ReceiverDispatcher$Args$_BumDX2UKsnxLVrE6UJsJZkotuA@f3561f8 m=0
01-21 06:38:25.138: W/Looper(2067): Slow delivery took 374ms main h=android.app.ActivityThread$H c=android.app.-$$Lambda$LoadedApk$ReceiverDispatcher$Args$_BumDX2UKsnxLVrE6UJsJZkotuA@b6476d1 m=0
01-21 06:38:25.139: W/system_server(2067): Long monitor contention with owner Binder:2067_12 (2767) at void com.android.server.am.ActivityManagerService.attachApplication(android.app.IApplicationThread, long)(ActivityManagerService.java:7933) waiters=6 in int com.android.server.am.ActivityManagerService.bindService(android.app.IApplicationThread, android.os.IBinder, android.content.Intent, java.lang.String, android.app.IServiceConnection, int, java.lang.String, int) for 234ms
01-21 06:38:25.148: I/Choreographer(2207): Skipped 31 frames!  The application may be doing too much work on its main thread.
01-21 06:38:25.155: W/Looper(2067): Drained
01-21 06:38:25.155: W/gle.android.gm(2601): Long monitor contention with owner [dme] processing com.google.android.gms.mdm.receivers.LockscreenChimeraReceiver for action android.intent.action.USER_PRESENT (7618) at boolean android.os.BinderProxy.transactNative(int, android.os.Parcel, android.os.Parcel, int)(Binder.java:-2) waiters=0 in android.content.IContentProvider android.app.ActivityThread.acquireProvider(android.content.Context, java.lang.String, int, boolean) for 260ms
01-21 06:38:25.160: W/MDM(2601): [1027] admr.c: EnableNfc flag is true
01-21 06:38:25.161: W/gle.android.gm(2601): Long monitor contention with owner [dme] processing com.google.android.gms.mdm.receivers.LockscreenChimeraReceiver for action android.intent.action.USER_PRESENT (7618) at boolean android.os.BinderProxy.transactNative(int, android.os.Parcel, android.os.Parcel, int)(Binder.java:-2) waiters=1 in android.content.IContentProvider android.app.ActivityThread.acquireProvider(android.content.Context, java.lang.String, int, boolean) for 266ms
01-21 06:38:25.165: V/NFC(2601): this device does not have NFC support
01-21 06:38:25.191: I/Choreographer(2785): Skipped 34 frames!  The application may be doing too much work on its main thread.
01-21 06:38:25.216: I/GoogleInputMethod(2202): onFinishInput() : Dummy InputConnection bound
01-21 06:38:25.218: I/GoogleInputMethod(2202): onStartInput() : Dummy InputConnection bound
01-21 06:38:25.237: W/dex2oat(7757): Verification of bkl app.b() took 138.141ms
01-21 06:38:25.269: I/ShortcutsDataManager(2202): startImportContentTask()
01-21 06:38:25.284: I/id.apps.fitnes(7764): The ClassLoaderContext is a special shared library.
01-21 06:38:25.286: I/id.apps.fitnes(7764): The ClassLoaderContext is a special shared library.
01-21 06:38:25.287: W/system_server(2067): Long monitor contention with owner Binder:2067_12 (2767) at void com.android.server.am.ActivityManagerService.attachApplication(android.app.IApplicationThread, long)(ActivityManagerService.java:7933) waiters=7 in void com.android.server.am.ActivityManagerService$3.handleMessage(android.os.Message) for 360ms
01-21 06:38:25.291: E/memtrack(2067): Couldn't load memtrack module
01-21 06:38:25.291: W/android.os.Debug(2067): failed to get memory consumption info: -1
01-21 06:38:25.320: I/ShortcutsDataManager(2202): doInBackground()
01-21 06:38:25.320: I/CastDatabase(2601): Opening the database
01-21 06:38:25.354: I/SQLiteCastDBHelper(2601): Creating cast database
01-21 06:38:25.373: I/Zygote(7783): seccomp disabled by setenforce 0
01-21 06:38:25.394: W/d.process.acor(7783): Unexpected CPU variant for X86 using defaults: x86
01-21 06:38:25.401: W/ActivityManager(2067): Slow operation: 80ms so far, now at startProcess: returned from zygote!
01-21 06:38:25.401: W/ActivityManager(2067): Slow operation: 80ms so far, now at startProcess: done updating battery stats
01-21 06:38:25.401: W/ActivityManager(2067): Slow operation: 80ms so far, now at startProcess: building log message
