01-21 06:38:31.592: I/RecoverySnapshotLstnrs(2067): Registered listener for agent with uid 10017
01-21 06:38:31.597: I/GeofencerStateMachine(2522): sendQueryLocationOptIn
01-21 06:38:31.599: I/GCoreUlr(2522): WorldUpdater received intent Intent { act=com.google.android.location.reporting.ACTION_UPDATE_WORLD cmp=com.google.android.gms/com.google.android.location.reporting.service.DispatchingService (has extras) } with receiverAction com.google.gservices.intent.action.GSERVICES_CHANGED
01-21 06:38:31.607: I/GeofencerStateMachine(2522): sendQueryLocationOptIn
01-21 06:38:31.622: I/chatty(2522): uid=10017 com.google.android.gms.persistent identical 4 lines
01-21 06:38:31.626: I/GeofencerStateMachine(2522): sendQueryLocationOptIn
01-21 06:38:31.698: I/MobileDataHub(2601): Scheduling periodic tasks
01-21 06:38:31.702: W/MobileDataHub(2601): [Service] appsupload-periodic periodic task disabled
01-21 06:38:31.723: I/Vision(2601): Details: ocr_x86.zip, ff3dcfd5e3828224849fbeffe1ed2e71a7ad3400
01-21 06:38:31.726: I/Vision(2601): Engine already satisfied by existing download for ocr
01-21 06:38:31.750: E/NetworkScheduler(2522): Invalid component specified.
01-21 06:38:31.764: I/MS_Utils(2601): version of com.google.android.apps.maps = 977500040
01-21 06:38:31.768: I/GCoreUlr(2522): WorldUpdater:com.google.gservices.intent.action.GSERVICES_CHANGED: Ensuring that reporting is stopped because of reasons: (no Google accounts)
01-21 06:38:31.769: E/NetworkScheduler(2522): Invalid component specified.
01-21 06:38:31.773: I/chatty(2522): uid=10017(com.google.android.gms) lowpool[26] identical 6 lines
01-21 06:38:31.777: E/NetworkScheduler(2522): Invalid component specified.
01-21 06:38:31.788: I/SystemUpdate(2601): [Installation,ReceiverIntentOperation] Received intent: Intent { act=com.google.gservices.intent.action.GSERVICES_CHANGED flg=0x1000010 cmp=com.google.android.gms/.chimera.GmsIntentOperationService$PersistentInternalReceiver }.
01-21 06:38:31.805: I/SystemUpdate(2601): [Execution,InstallationEventIntentOperation] Handling event of type 2.
01-21 06:38:31.806: I/SystemUpdate(2601): [Execution,InstallationIntentOperation] Received intent: Intent { act=com.google.android.gms.update.INSTALL_UPDATE cat=[targeted_intent_op_prefix:.update.execution.InstallationIntentOperation] cmp=com.google.android.gms/.chimera.GmsIntentOperationService }.
01-21 06:38:31.807: I/SystemUpdate(2601): [Execution,ExecutionManager] Action finished-execution executed for 0.00 seconds.
01-21 06:38:31.832: I/GCoreUlr(2522): Unbound from all signal providers.
01-21 06:38:31.865: E/NetworkScheduler(2522): Invalid component specified.
01-21 06:38:31.872: I/OcrModelUpStIntentOp(2601): Updating ocr activity enabled=true (phenotypeFlag=true, lowRamDevice=false, prereqCheck=true)
01-21 06:38:31.890: I/GCoreUlr(2522): Unbound from all signal providers.
01-21 06:38:31.890: I/GCoreUlr(2522): Stopping handler for UlrDispSvcFast
01-21 06:38:31.892: I/GCoreUlr(2522): DispatchingService ignoring Intent { act=android.net.wifi.WIFI_STATE_CHANGED flg=0x4000010 (has extras) } because ULR inactive
01-21 06:38:31.901: I/OcrModelUpStIntentOp(2601): Downloading text recognizer
01-21 06:38:31.911: I/Vision(2601): Details: ocr_x86.zip, ff3dcfd5e3828224849fbeffe1ed2e71a7ad3400
01-21 06:38:31.912: I/Vision(2601): Engine already satisfied by existing download for ocr
01-21 06:38:31.961: E/NetworkScheduler(2522): Invalid component specified.
01-21 06:38:31.963: I/RecoverableKeyStoreGms(2601): [RecoverableKeyStoreGmsInitOperation] Initializing auth_folsom
01-21 06:38:31.964: W/ActivityManager(2067): Unable to start service Intent { cmp=com.google.android.gms/.analytics.service.RefreshEnabledStateService } U=0: not found
01-21 06:38:31.964: I/RecoverableKeyStoreGms(2601): [RecoverableKeyStoreGmsInitOperation] com.google.android.gms.auth.folsom.service.FolsomPublicKeyUpdateService is already enabled. Ignore.
01-21 06:38:31.964: W/ChimeraUtils(2601): Non Chimera context
01-21 06:38:31.964: W/ChimeraUtils(2601): Non Chimera context
01-21 06:38:31.964: I/RecoverableKeyStoreGms(2601): [RecoverableKeyStoreGmsInitOperation] com.google.android.gms.auth.folsom.service.GcmReceiverService is already enabled. Ignore.
01-21 06:38:31.966: D/CAR.SETUP(2601): Received GService flag change intent.
01-21 06:38:31.966: D/CAR.SETUP(2601): update DrivingMode components to false
01-21 06:38:31.967: V/RecoverableKeyStoreMgr(2067): Not updating secret types - same as old value.
01-21 06:38:31.968: I/RecoverableKeyStoreGms(2601): [VaultHandleHelper] Building vaultHandle(version=1, instanceId=eN_Bwf2PdFs, deviceId=4350142006389624697)
01-21 06:38:31.968: I/RecoverableKeyStoreGms(2601): [RecoverableKeyStoreGmsInitOperation] Setting vault handle
01-21 06:38:31.968: I/ChromeSync(2601): [Sync,SyncIntentOperation] Handling the intent: Intent { act=com.google.gservices.intent.action.GSERVICES_CHANGED flg=0x1000010 cmp=com.google.android.gms/.chimera.GmsIntentOperationService$PersistentInternalReceiver }.
01-21 06:38:31.968: V/RecoverableKeyStoreMgr(2067): Not updating server params - same as old value.
01-21 06:38:31.969: I/RecoverableKeyStoreGms(2601): [EnrollmentManager] Returning certificates list from cache
01-21 06:38:31.992: I/MS_Utils(2601): version of com.google.android.apps.maps = 977500040
01-21 06:38:31.997: I/MobileDataHub(2601): Scheduling periodic tasks
01-21 06:38:31.998: W/MobileDataHub(2601): [Service] appsupload-periodic periodic task disabled
01-21 06:38:32.009: I/OcrModelUpStIntentOp(2601): Updating ocr activity enabled=true (phenotypeFlag=true, lowRamDevice=false, prereqCheck=true)
01-21 06:38:32.023: I/SystemUpdate(2601): [Installation,ReceiverIntentOperation] Received intent: Intent { act=com.google.gservices.intent.action.GSERVICES_CHANGED flg=0x1000010 cmp=com.google.android.gms/.chimera.GmsIntentOperationService$PersistentInternalReceiver }.
01-21 06:38:32.028: E/NetworkScheduler(2522): Invalid component specified.
01-21 06:38:32.030: E/NetworkScheduler(2522): Invalid component specified.
01-21 06:38:32.032: I/SystemUpdate(2601): [Execution,InstallationEventIntentOperation] Handling event of type 2.
01-21 06:38:32.033: I/SystemUpdate(2601): [Execution,InstallationIntentOperation] Received intent: Intent { act=com.google.android.gms.update.INSTALL_UPDATE cat=[targeted_intent_op_prefix:.update.execution.InstallationIntentOperation] cmp=com.google.android.gms/.chimera.GmsIntentOperationService }.
01-21 06:38:32.034: I/SystemUpdate(2601): [Execution,ExecutionManager] Action finished-execution executed for 0.00 seconds.
01-21 06:38:32.048: E/NetworkScheduler(2522): Invalid component specified.
01-21 06:38:32.051: I/chatty(2522): uid=10017(com.google.android.gms) lowpool[21] identical 3 lines
01-21 06:38:32.052: E/NetworkScheduler(2522): Invalid component specified.
01-21 06:38:32.062: I/RecoverableKeyStoreMgr(2067): The cert file serial number is the same, so skip updating.
01-21 06:38:32.062: I/RecoverableKeyStoreGms(2601): [EnrollmentManager] Recovery service is initialized.
01-21 06:38:32.080: I/RecoverySnapshotLstnrs(2067): Registered listener for agent with uid 10017
01-21 06:38:32.090: E/NetworkScheduler(2522): Invalid component specified.
01-21 06:38:32.094: E/NetworkScheduler(2522): Invalid component specified.
01-21 06:38:32.154: I/OcrModelUpStIntentOp(2601): Downloading text recognizer
01-21 06:38:32.158: I/.gms.persisten(2522): IncrementDisableThreadFlip blocked for 9.218ms
01-21 06:38:32.159: I/.gms.persisten(2522): IncrementDisableThreadFlip blocked for 10.164ms
01-21 06:38:32.165: I/Vision(2601): Details: ocr_x86.zip, ff3dcfd5e3828224849fbeffe1ed2e71a7ad3400
01-21 06:38:32.166: I/Vision(2601): Engine already satisfied by existing download for ocr
01-21 06:38:32.250: I/Remoter(1907): Saved screenshot to '/data/screenshots/__pmv__-0095.jpg'
01-21 06:38:32.270: I/system_server(2067): Background concurrent copying GC freed 108227(7MB) AllocSpace objects, 58(1288KB) LOS objects, 42% free, 11MB/20MB, paused 580us total 230.533ms
01-21 06:38:32.298: I/.gms.persisten(2522): Background concurrent copying GC freed 124720(5MB) AllocSpace objects, 16(888KB) LOS objects, 49% free, 6MB/13MB, paused 237us total 154.164ms
01-21 06:38:32.486: I/ActivityManager(2067): Start proc 7928:com.google.android.gms.ui/u0a17 for service com.google.android.gms/.chimera.UiIntentOperationService
01-21 06:38:32.486: I/TestSupport(2601): AwaitCommitOperation: SaveStrategy__enableSaving
01-21 06:38:32.490: E/IntentOperationSvc(2522): Failed to instantiate Chimera operation impl com.google.android.gms.instantapps.routing.PhenotypeUpdateIntentOperation, dropping operation
01-21 06:38:32.490: E/IntentOperationSvc(2522): java.lang.NoSuchMethodException: <init> []
01-21 06:38:32.490: E/IntentOperationSvc(2522): 	at java.lang.Class.getConstructor0(Class.java:2327)
01-21 06:38:32.490: E/IntentOperationSvc(2522): 	at java.lang.Class.getConstructor(Class.java:1725)
01-21 06:38:32.490: E/IntentOperationSvc(2522): 	at dmj.a(:com.google.android.gms@14367040@14.3.67 (100700-216465562):12)
01-21 06:38:32.490: E/IntentOperationSvc(2522): 	at dmk.run(:com.google.android.gms@14367040@14.3.67 (100700-216465562):67)
01-21 06:38:32.490: E/IntentOperationSvc(2522): 	at java.util.concurrent.ThreadPoolExecutor.runWorker(ThreadPoolExecutor.java:1167)
01-21 06:38:32.490: E/IntentOperationSvc(2522): 	at java.util.concurrent.ThreadPoolExecutor$Worker.run(ThreadPoolExecutor.java:641)
01-21 06:38:32.490: E/IntentOperationSvc(2522): 	at java.lang.Thread.run(Thread.java:764)
01-21 06:38:32.490: I/Zygote(7928): seccomp disabled by setenforce 0
01-21 06:38:32.493: W/.android.gms.u(7928): Unexpected CPU variant for X86 using defaults: x86
01-21 06:38:32.554: I/TestSupport(2601): AwaitCommitOperation: uncommitted: FlagOverride(com.google.android.gms.auth.api.credentials, , Flag(SaveStrategy__enableSaving, false, 2, 0), false)
01-21 06:38:32.554: I/TestSupport(2601): AwaitCommitOperation:  sleeping for 10 msec.
01-21 06:38:32.583: E/IntentOperationSvc(2522): Failed to instantiate Chimera operation impl com.google.android.gms.instantapps.routing.PhenotypeUpdateIntentOperation, dropping operation
01-21 06:38:32.583: E/IntentOperationSvc(2522): java.lang.NoSuchMethodException: <init> []
01-21 06:38:32.583: E/IntentOperationSvc(2522): 	at java.lang.Class.getConstructor0(Class.java:2327)
01-21 06:38:32.583: E/IntentOperationSvc(2522): 	at java.lang.Class.getConstructor(Class.java:1725)
01-21 06:38:32.583: E/IntentOperationSvc(2522): 	at dmj.a(:com.google.android.gms@14367040@14.3.67 (100700-216465562):12)
01-21 06:38:32.583: E/IntentOperationSvc(2522): 	at dmk.run(:com.google.android.gms@14367040@14.3.67 (100700-216465562):67)
01-21 06:38:32.583: E/IntentOperationSvc(2522): 	at java.util.concurrent.ThreadPoolExecutor.runWorker(ThreadPoolExecutor.java:1167)
01-21 06:38:32.583: E/IntentOperationSvc(2522): 	at java.util.concurrent.ThreadPoolExecutor$Worker.run(ThreadPoolExecutor.java:641)
01-21 06:38:32.583: E/IntentOperationSvc(2522): 	at java.lang.Thread.run(Thread.java:764)
01-21 06:38:32.627: E/IntentOperationSvc(2522): Failed to instantiate Chimera operation impl com.google.android.gms.instantapps.routing.PhenotypeUpdateIntentOperation, dropping operation
01-21 06:38:32.627: E/IntentOperationSvc(2522): java.lang.NoSuchMethodException: <init> []
01-21 06:38:32.627: E/IntentOperationSvc(2522): 	at java.lang.Class.getConstructor0(Class.java:2327)
01-21 06:38:32.627: E/IntentOperationSvc(2522): 	at java.lang.Class.getConstructor(Class.java:1725)
01-21 06:38:32.627: E/IntentOperationSvc(2522): 	at dmj.a(:com.google.android.gms@14367040@14.3.67 (100700-216465562):12)
01-21 06:38:32.627: E/IntentOperationSvc(2522): 	at dmk.run(:com.google.android.gms@14367040@14.3.67 (100700-216465562):67)
01-21 06:38:32.627: E/IntentOperationSvc(2522): 	at java.util.concurrent.ThreadPoolExecutor.runWorker(ThreadPoolExecutor.java:1167)
01-21 06:38:32.627: E/IntentOperationSvc(2522): 	at java.util.concurrent.ThreadPoolExecutor$Worker.run(ThreadPoolExecutor.java:641)
01-21 06:38:32.627: E/IntentOperationSvc(2522): 	at java.lang.Thread.run(Thread.java:764)
01-21 06:38:32.628: I/.android.gms.u(7928): The ClassLoaderContext is a special shared library.
01-21 06:38:32.629: I/chatty(7928): uid=10017 com.google.android.gms.ui identical 1 line
01-21 06:38:32.630: I/.android.gms.u(7928): The ClassLoaderContext is a special shared library.
01-21 06:38:32.667: W/GmsApplication(7928): Failed to invoke the SupplierSetterRegistry.
01-21 06:38:32.695: I/TestSupport(2601): AwaitCommitOperation: uncommitted: FlagOverride(com.google.android.gms.auth.api.credentials, , Flag(SaveStrategy__enableSaving, false, 2, 0), false)
01-21 06:38:32.695: E/IntentOperationSvc(2522): Failed to instantiate Chimera operation impl com.google.android.gms.instantapps.routing.PhenotypeUpdateIntentOperation, dropping operation
01-21 06:38:32.695: E/IntentOperationSvc(2522): java.lang.NoSuchMethodException: <init> []
01-21 06:38:32.695: E/IntentOperationSvc(2522): 	at java.lang.Class.getConstructor0(Class.java:2327)
01-21 06:38:32.695: E/IntentOperationSvc(2522): 	at java.lang.Class.getConstructor(Class.java:1725)
01-21 06:38:32.695: E/IntentOperationSvc(2522): 	at dmj.a(:com.google.android.gms@14367040@14.3.67 (100700-216465562):12)
01-21 06:38:32.695: E/IntentOperationSvc(2522): 	at dmk.run(:com.google.android.gms@14367040@14.3.67 (100700-216465562):67)
01-21 06:38:32.695: E/IntentOperationSvc(2522): 	at java.util.concurrent.ThreadPoolExecutor.runWorker(ThreadPoolExecutor.java:1167)
01-21 06:38:32.695: E/IntentOperationSvc(2522): 	at java.util.concurrent.ThreadPoolExecutor$Worker.run(ThreadPoolExecutor.java:641)
01-21 06:38:32.695: E/IntentOperationSvc(2522): 	at java.lang.Thread.run(Thread.java:764)
01-21 06:38:32.695: I/TestSupport(2601): AwaitCommitOperation:  sleeping for 20 msec.
01-21 06:38:32.768: E/IntentOperationSvc(2522): Failed to instantiate Chimera operation impl com.google.android.gms.instantapps.routing.PhenotypeUpdateIntentOperation, dropping operation
01-21 06:38:32.768: E/IntentOperationSvc(2522): java.lang.NoSuchMethodException: <init> []
01-21 06:38:32.768: E/IntentOperationSvc(2522): 	at java.lang.Class.getConstructor0(Class.java:2327)
01-21 06:38:32.768: E/IntentOperationSvc(2522): 	at java.lang.Class.getConstructor(Class.java:1725)
01-21 06:38:32.768: E/IntentOperationSvc(2522): 	at dmj.a(:com.google.android.gms@14367040@14.3.67 (100700-216465562):12)
01-21 06:38:32.768: E/IntentOperationSvc(2522): 	at dmk.run(:com.google.android.gms@14367040@14.3.67 (100700-216465562):67)
01-21 06:38:32.768: E/IntentOperationSvc(2522): 	at java.util.concurrent.ThreadPoolExecutor.runWorker(ThreadPoolExecutor.java:1167)
01-21 06:38:32.768: E/IntentOperationSvc(2522): 	at java.util.concurrent.ThreadPoolExecutor$Worker.run(ThreadPoolExecutor.java:641)
01-21 06:38:32.768: E/IntentOperationSvc(2522): 	at java.lang.Thread.run(Thread.java:764)
01-21 06:38:32.815: I/chatty(2522): uid=10017(com.google.android.gms) peration loader identical 3 lines
01-21 06:38:32.869: E/IntentOperationSvc(2522): Failed to instantiate Chimera operation impl com.google.android.gms.instantapps.routing.PhenotypeUpdateIntentOperation, dropping operation
01-21 06:38:32.869: E/IntentOperationSvc(2522): java.lang.NoSuchMethodException: <init> []
01-21 06:38:32.869: E/IntentOperationSvc(2522): 	at java.lang.Class.getConstructor0(Class.java:2327)
01-21 06:38:32.869: E/IntentOperationSvc(2522): 	at java.lang.Class.getConstructor(Class.java:1725)
01-21 06:38:32.869: E/IntentOperationSvc(2522): 	at dmj.a(:com.google.android.gms@14367040@14.3.67 (100700-216465562):12)
01-21 06:38:32.869: E/IntentOperationSvc(2522): 	at dmk.run(:com.google.android.gms@14367040@14.3.67 (100700-216465562):67)
01-21 06:38:32.869: E/IntentOperationSvc(2522): 	at java.util.concurrent.ThreadPoolExecutor.runWorker(ThreadPoolExecutor.java:1167)
01-21 06:38:32.869: E/IntentOperationSvc(2522): 	at java.util.concurrent.ThreadPoolExecutor$Worker.run(ThreadPoolExecutor.java:641)
01-21 06:38:32.869: E/IntentOperationSvc(2522): 	at java.lang.Thread.run(Thread.java:764)
01-21 06:38:32.871: I/TestSupport(2601): AwaitCommitOperation: uncommitted: FlagOverride(com.google.android.gms.auth.api.credentials, , Flag(SaveStrategy__enableSaving, false, 2, 0), false)
01-21 06:38:32.871: I/TestSupport(2601): AwaitCommitOperation:  sleeping for 40 msec.
01-21 06:38:32.879: E/IntentOperationSvc(2522): Failed to instantiate Chimera operation impl com.google.android.gms.instantapps.routing.PhenotypeUpdateIntentOperation, dropping operation
01-21 06:38:32.879: E/IntentOperationSvc(2522): java.lang.NoSuchMethodException: <init> []
01-21 06:38:32.879: E/IntentOperationSvc(2522): 	at java.lang.Class.getConstructor0(Class.java:2327)
01-21 06:38:32.879: E/IntentOperationSvc(2522): 	at java.lang.Class.getConstructor(Class.java:1725)
01-21 06:38:32.879: E/IntentOperationSvc(2522): 	at dmj.a(:com.google.android.gms@14367040@14.3.67 (100700-216465562):12)
01-21 06:38:32.879: E/IntentOperationSvc(2522): 	at dmk.run(:com.google.android.gms@14367040@14.3.67 (100700-216465562):67)
01-21 06:38:32.879: E/IntentOperationSvc(2522): 	at java.util.concurrent.ThreadPoolExecutor.runWorker(ThreadPoolExecutor.java:1167)
01-21 06:38:32.879: E/IntentOperationSvc(2522): 	at java.util.concurrent.ThreadPoolExecutor$Worker.run(ThreadPoolExecutor.java:641)
01-21 06:38:32.879: E/IntentOperationSvc(2522): 	at java.lang.Thread.run(Thread.java:764)
01-21 06:38:32.891: I/chatty(2522): uid=10017(com.google.android.gms) peration loader identical 1 line
01-21 06:38:32.915: E/IntentOperationSvc(2522): Failed to instantiate Chimera operation impl com.google.android.gms.instantapps.routing.PhenotypeUpdateIntentOperation, dropping operation
01-21 06:38:32.915: E/IntentOperationSvc(2522): java.lang.NoSuchMethodException: <init> []
01-21 06:38:32.915: E/IntentOperationSvc(2522): 	at java.lang.Class.getConstructor0(Class.java:2327)
01-21 06:38:32.915: E/IntentOperationSvc(2522): 	at java.lang.Class.getConstructor(Class.java:1725)
01-21 06:38:32.915: E/IntentOperationSvc(2522): 	at dmj.a(:com.google.android.gms@14367040@14.3.67 (100700-216465562):12)
01-21 06:38:32.915: E/IntentOperationSvc(2522): 	at dmk.run(:com.google.android.gms@14367040@14.3.67 (100700-216465562):67)
01-21 06:38:32.915: E/IntentOperationSvc(2522): 	at java.util.concurrent.ThreadPoolExecutor.runWorker(ThreadPoolExecutor.java:1167)
01-21 06:38:32.915: E/IntentOperationSvc(2522): 	at java.util.concurrent.ThreadPoolExecutor$Worker.run(ThreadPoolExecutor.java:641)
01-21 06:38:32.915: E/IntentOperationSvc(2522): 	at java.lang.Thread.run(Thread.java:764)
01-21 06:38:32.927: V/NativeCrypto(7928): Registering com/google/android/gms/org/conscrypt/NativeCrypto's 287 native methods...
01-21 06:38:32.945: E/IntentOperationSvc(2522): Failed to instantiate Chimera operation impl com.google.android.gms.instantapps.routing.PhenotypeUpdateIntentOperation, dropping operation
01-21 06:38:32.945: E/IntentOperationSvc(2522): java.lang.NoSuchMethodException: <init> []
01-21 06:38:32.945: E/IntentOperationSvc(2522): 	at java.lang.Class.getConstructor0(Class.java:2327)
01-21 06:38:32.945: E/IntentOperationSvc(2522): 	at java.lang.Class.getConstructor(Class.java:1725)
01-21 06:38:32.945: E/IntentOperationSvc(2522): 	at dmj.a(:com.google.android.gms@14367040@14.3.67 (100700-216465562):12)
01-21 06:38:32.945: E/IntentOperationSvc(2522): 	at dmk.run(:com.google.android.gms@14367040@14.3.67 (100700-216465562):67)
01-21 06:38:32.945: E/IntentOperationSvc(2522): 	at java.util.concurrent.ThreadPoolExecutor.runWorker(ThreadPoolExecutor.java:1167)
01-21 06:38:32.945: E/IntentOperationSvc(2522): 	at java.util.concurrent.ThreadPoolExecutor$Worker.run(ThreadPoolExecutor.java:641)
01-21 06:38:32.945: E/IntentOperationSvc(2522): 	at java.lang.Thread.run(Thread.java:764)
01-21 06:38:32.962: I/chatty(2522): uid=10017(com.google.android.gms) peration loader identical 2 lines
01-21 06:38:32.984: E/IntentOperationSvc(2522): Failed to instantiate Chimera operation impl com.google.android.gms.instantapps.routing.PhenotypeUpdateIntentOperation, dropping operation
01-21 06:38:32.984: E/IntentOperationSvc(2522): java.lang.NoSuchMethodException: <init> []
01-21 06:38:32.984: E/IntentOperationSvc(2522): 	at java.lang.Class.getConstructor0(Class.java:2327)
01-21 06:38:32.984: E/IntentOperationSvc(2522): 	at java.lang.Class.getConstructor(Class.java:1725)
01-21 06:38:32.984: E/IntentOperationSvc(2522): 	at dmj.a(:com.google.android.gms@14367040@14.3.67 (100700-216465562):12)
01-21 06:38:32.984: E/IntentOperationSvc(2522): 	at dmk.run(:com.google.android.gms@14367040@14.3.67 (100700-216465562):67)
01-21 06:38:32.984: E/IntentOperationSvc(2522): 	at java.util.concurrent.ThreadPoolExecutor.runWorker(ThreadPoolExecutor.java:1167)
01-21 06:38:32.984: E/IntentOperationSvc(2522): 	at java.util.concurrent.ThreadPoolExecutor$Worker.run(ThreadPoolExecutor.java:641)
01-21 06:38:32.984: E/IntentOperationSvc(2522): 	at java.lang.Thread.run(Thread.java:764)
01-21 06:38:33.001: W/ModuleInitIntentOp(2601): Dropping unexpected action com.google.android.gms.phenotype.COMMITTED
01-21 06:38:33.002: I/MobileDataHub(2601): Scheduling periodic tasks
01-21 06:38:33.003: W/MobileDataHub(2601): [Service] appsupload-periodic periodic task disabled
01-21 06:38:33.030: E/IntentOperationSvc(2522): Failed to instantiate Chimera operation impl com.google.android.gms.instantapps.routing.PhenotypeUpdateIntentOperation, dropping operation
01-21 06:38:33.030: E/IntentOperationSvc(2522): java.lang.NoSuchMethodException: <init> []
01-21 06:38:33.030: E/IntentOperationSvc(2522): 	at java.lang.Class.getConstructor0(Class.java:2327)
01-21 06:38:33.030: E/IntentOperationSvc(2522): 	at java.lang.Class.getConstructor(Class.java:1725)
01-21 06:38:33.030: E/IntentOperationSvc(2522): 	at dmj.a(:com.google.android.gms@14367040@14.3.67 (100700-216465562):12)
01-21 06:38:33.030: E/IntentOperationSvc(2522): 	at dmk.run(:com.google.android.gms@14367040@14.3.67 (100700-216465562):67)
01-21 06:38:33.030: E/IntentOperationSvc(2522): 	at java.util.concurrent.ThreadPoolExecutor.runWorker(ThreadPoolExecutor.java:1167)
01-21 06:38:33.030: E/IntentOperationSvc(2522): 	at java.util.concurrent.ThreadPoolExecutor$Worker.run(ThreadPoolExecutor.java:641)
01-21 06:38:33.030: E/IntentOperationSvc(2522): 	at java.lang.Thread.run(Thread.java:764)
01-21 06:38:33.035: I/PTCommittedOperation(2522): Receive new configuration for com.google.android.gms.auth.api.credentials
01-21 06:38:33.086: E/IntentOperationSvc(2522): Failed to instantiate Chimera operation impl com.google.android.gms.instantapps.routing.PhenotypeUpdateIntentOperation, dropping operation
01-21 06:38:33.086: E/IntentOperationSvc(2522): java.lang.NoSuchMethodException: <init> []
01-21 06:38:33.086: E/IntentOperationSvc(2522): 	at java.lang.Class.getConstructor0(Class.java:2327)
01-21 06:38:33.086: E/IntentOperationSvc(2522): 	at java.lang.Class.getConstructor(Class.java:1725)
01-21 06:38:33.086: E/IntentOperationSvc(2522): 	at dmj.a(:com.google.android.gms@14367040@14.3.67 (100700-216465562):12)
01-21 06:38:33.086: E/IntentOperationSvc(2522): 	at dmk.run(:com.google.android.gms@14367040@14.3.67 (100700-216465562):67)
01-21 06:38:33.086: E/IntentOperationSvc(2522): 	at java.util.concurrent.ThreadPoolExecutor.runWorker(ThreadPoolExecutor.java:1167)
01-21 06:38:33.086: E/IntentOperationSvc(2522): 	at java.util.concurrent.ThreadPoolExecutor$Worker.run(ThreadPoolExecutor.java:641)
01-21 06:38:33.086: E/IntentOperationSvc(2522): 	at java.lang.Thread.run(Thread.java:764)
01-21 06:38:33.090: I/TestSupport(2601): AwaitCommitOperation: FlagOverride(com.google.android.gms.auth.api.credentials, , Flag(SaveStrategy__enableSaving, false, 2, 0), true) committed
01-21 06:38:33.090: I/TestSupport(2601): AwaitCommitOperation: no more uncommitted overrides
01-21 06:38:33.092: E/NetworkScheduler(2522): Invalid component specified.
01-21 06:38:33.102: E/NetworkScheduler(2522): Invalid component specified.
01-21 06:38:33.146: D/NetworkSecurityConfig(7928): Using Network Security Config from resource network_security_config debugBuild: false
01-21 06:38:33.148: I/ProviderInstaller(7928): Installed default security provider GmsCore_OpenSSL
01-21 06:38:33.171: E/IntentOperationSvc(2522): Failed to instantiate Chimera operation impl com.google.android.gms.instantapps.routing.PhenotypeUpdateIntentOperation, dropping operation
01-21 06:38:33.171: E/IntentOperationSvc(2522): java.lang.NoSuchMethodException: <init> []
01-21 06:38:33.171: E/IntentOperationSvc(2522): 	at java.lang.Class.getConstructor0(Class.java:2327)
01-21 06:38:33.171: E/IntentOperationSvc(2522): 	at java.lang.Class.getConstructor(Class.java:1725)
01-21 06:38:33.171: E/IntentOperationSvc(2522): 	at dmj.a(:com.google.android.gms@14367040@14.3.67 (100700-216465562):12)
01-21 06:38:33.171: E/IntentOperationSvc(2522): 	at dmk.run(:com.google.android.gms@14367040@14.3.67 (100700-216465562):67)
01-21 06:38:33.171: E/IntentOperationSvc(2522): 	at java.util.concurrent.ThreadPoolExecutor.runWorker(ThreadPoolExecutor.java:1167)
01-21 06:38:33.171: E/IntentOperationSvc(2522): 	at java.util.concurrent.ThreadPoolExecutor$Worker.run(ThreadPoolExecutor.java:641)
01-21 06:38:33.171: E/IntentOperationSvc(2522): 	at java.lang.Thread.run(Thread.java:764)
01-21 06:38:33.203: E/IntentOperationSvc(2522): Failed to instantiate Chimera operation impl com.google.android.gms.instantapps.routing.PhenotypeUpdateIntentOperation, dropping operation
01-21 06:38:33.203: E/IntentOperationSvc(2522): java.lang.NoSuchMethodException: <init> []
01-21 06:38:33.203: E/IntentOperationSvc(2522): 	at java.lang.Class.getConstructor0(Class.java:2327)
01-21 06:38:33.203: E/IntentOperationSvc(2522): 	at java.lang.Class.getConstructor(Class.java:1725)
01-21 06:38:33.203: E/IntentOperationSvc(2522): 	at dmj.a(:com.google.android.gms@14367040@14.3.67 (100700-216465562):12)
01-21 06:38:33.203: E/IntentOperationSvc(2522): 	at dmk.run(:com.google.android.gms@14367040@14.3.67 (100700-216465562):67)
01-21 06:38:33.203: E/IntentOperationSvc(2522): 	at java.util.concurrent.ThreadPoolExecutor.runWorker(ThreadPoolExecutor.java:1167)
01-21 06:38:33.203: E/IntentOperationSvc(2522): 	at java.util.concurrent.ThreadPoolExecutor$Worker.run(ThreadPoolExecutor.java:641)
01-21 06:38:33.203: E/IntentOperationSvc(2522): 	at java.lang.Thread.run(Thread.java:764)
01-21 06:38:33.204: E/memtrack(2067): Couldn't load memtrack module
01-21 06:38:33.204: W/android.os.Debug(2067): failed to get memory consumption info: -1
01-21 06:38:33.233: E/IntentOperationSvc(2522): Failed to instantiate Chimera operation impl com.google.android.gms.instantapps.routing.PhenotypeUpdateIntentOperation, dropping operation
01-21 06:38:33.233: E/IntentOperationSvc(2522): java.lang.NoSuchMethodException: <init> []
01-21 06:38:33.233: E/IntentOperationSvc(2522): 	at java.lang.Class.getConstructor0(Class.java:2327)
01-21 06:38:33.233: E/IntentOperationSvc(2522): 	at java.lang.Class.getConstructor(Class.java:1725)
01-21 06:38:33.233: E/IntentOperationSvc(2522): 	at dmj.a(:com.google.android.gms@14367040@14.3.67 (100700-216465562):12)
01-21 06:38:33.233: E/IntentOperationSvc(2522): 	at dmk.run(:com.google.android.gms@14367040@14.3.67 (100700-216465562):67)
01-21 06:38:33.233: E/IntentOperationSvc(2522): 	at java.util.concurrent.ThreadPoolExecutor.runWorker(ThreadPoolExecutor.java:1167)
01-21 06:38:33.233: E/IntentOperationSvc(2522): 	at java.util.concurrent.ThreadPoolExecutor$Worker.run(ThreadPoolExecutor.java:641)
01-21 06:38:33.233: E/IntentOperationSvc(2522): 	at java.lang.Thread.run(Thread.java:764)
01-21 06:38:33.264: E/IntentOperationSvc(2522): Failed to instantiate Chimera operation impl com.google.android.gms.instantapps.routing.PhenotypeUpdateIntentOperation, dropping operation
01-21 06:38:33.264: E/IntentOperationSvc(2522): java.lang.NoSuchMethodException: <init> []
01-21 06:38:33.264: E/IntentOperationSvc(2522): 	at java.lang.Class.getConstructor0(Class.java:2327)
01-21 06:38:33.264: E/IntentOperationSvc(2522): 	at java.lang.Class.getConstructor(Class.java:1725)
01-21 06:38:33.264: E/IntentOperationSvc(2522): 	at dmj.a(:com.google.android.gms@14367040@14.3.67 (100700-216465562):12)
01-21 06:38:33.264: E/IntentOperationSvc(2522): 	at dmk.run(:com.google.android.gms@14367040@14.3.67 (100700-216465562):67)
01-21 06:38:33.264: E/IntentOperationSvc(2522): 	at java.util.concurrent.ThreadPoolExecutor.runWorker(ThreadPoolExecutor.java:1167)
01-21 06:38:33.264: E/IntentOperationSvc(2522): 	at java.util.concurrent.ThreadPoolExecutor$Worker.run(ThreadPoolExecutor.java:641)
01-21 06:38:33.264: E/IntentOperationSvc(2522): 	at java.lang.Thread.run(Thread.java:764)
01-21 06:38:33.266: I/TestSupport(2601): AwaitCommitOperation: *
01-21 06:38:33.276: W/Primes(7928): Primes not initialized, returning default (no-op) Primes instance which will ignore all calls. Please call Primes.initialize(...) before using any Primes API.
01-21 06:38:33.285: E/IntentOperationSvc(2522): Failed to instantiate Chimera operation impl com.google.android.gms.instantapps.routing.PhenotypeUpdateIntentOperation, dropping operation
01-21 06:38:33.285: E/IntentOperationSvc(2522): java.lang.NoSuchMethodException: <init> []
01-21 06:38:33.285: E/IntentOperationSvc(2522): 	at java.lang.Class.getConstructor0(Class.java:2327)
01-21 06:38:33.285: E/IntentOperationSvc(2522): 	at java.lang.Class.getConstructor(Class.java:1725)
01-21 06:38:33.285: E/IntentOperationSvc(2522): 	at dmj.a(:com.google.android.gms@14367040@14.3.67 (100700-216465562):12)
01-21 06:38:33.285: E/IntentOperationSvc(2522): 	at dmk.run(:com.google.android.gms@14367040@14.3.67 (100700-216465562):67)
01-21 06:38:33.285: E/IntentOperationSvc(2522): 	at java.util.concurrent.ThreadPoolExecutor.runWorker(ThreadPoolExecutor.java:1167)
01-21 06:38:33.285: E/IntentOperationSvc(2522): 	at java.util.concurrent.ThreadPoolExecutor$Worker.run(ThreadPoolExecutor.java:641)
01-21 06:38:33.285: E/IntentOperationSvc(2522): 	at java.lang.Thread.run(Thread.java:764)
01-21 06:38:33.308: I/chatty(2522): uid=10017(com.google.android.gms) peration loader identical 2 lines
01-21 06:38:33.318: E/IntentOperationSvc(2522): Failed to instantiate Chimera operation impl com.google.android.gms.instantapps.routing.PhenotypeUpdateIntentOperation, dropping operation
01-21 06:38:33.318: E/IntentOperationSvc(2522): java.lang.NoSuchMethodException: <init> []
01-21 06:38:33.318: E/IntentOperationSvc(2522): 	at java.lang.Class.getConstructor0(Class.java:2327)
01-21 06:38:33.318: E/IntentOperationSvc(2522): 	at java.lang.Class.getConstructor(Class.java:1725)
01-21 06:38:33.318: E/IntentOperationSvc(2522): 	at dmj.a(:com.google.android.gms@14367040@14.3.67 (100700-216465562):12)
01-21 06:38:33.318: E/IntentOperationSvc(2522): 	at dmk.run(:com.google.android.gms@14367040@14.3.67 (100700-216465562):67)
01-21 06:38:33.318: E/IntentOperationSvc(2522): 	at java.util.concurrent.ThreadPoolExecutor.runWorker(ThreadPoolExecutor.java:1167)
01-21 06:38:33.318: E/IntentOperationSvc(2522): 	at java.util.concurrent.ThreadPoolExecutor$Worker.run(ThreadPoolExecutor.java:641)
01-21 06:38:33.318: E/IntentOperationSvc(2522): 	at java.lang.Thread.run(Thread.java:764)
01-21 06:38:33.323: W/System(7928): A resource failed to call close. 
01-21 06:38:33.328: E/IntentOperationSvc(2522): Failed to instantiate Chimera operation impl com.google.android.gms.instantapps.routing.PhenotypeUpdateIntentOperation, dropping operation
01-21 06:38:33.328: E/IntentOperationSvc(2522): java.lang.NoSuchMethodException: <init> []
01-21 06:38:33.328: E/IntentOperationSvc(2522): 	at java.lang.Class.getConstructor0(Class.java:2327)
01-21 06:38:33.328: E/IntentOperationSvc(2522): 	at java.lang.Class.getConstructor(Class.java:1725)
01-21 06:38:33.328: E/IntentOperationSvc(2522): 	at dmj.a(:com.google.android.gms@14367040@14.3.67 (100700-216465562):12)
01-21 06:38:33.328: E/IntentOperationSvc(2522): 	at dmk.run(:com.google.android.gms@14367040@14.3.67 (100700-216465562):67)
01-21 06:38:33.328: E/IntentOperationSvc(2522): 	at java.util.concurrent.ThreadPoolExecutor.runWorker(ThreadPoolExecutor.java:1167)
01-21 06:38:33.328: E/IntentOperationSvc(2522): 	at java.util.concurrent.ThreadPoolExecutor$Worker.run(ThreadPoolExecutor.java:641)
01-21 06:38:33.328: E/IntentOperationSvc(2522): 	at java.lang.Thread.run(Thread.java:764)
01-21 06:38:33.345: I/chatty(2522): uid=10017(com.google.android.gms) peration loader identical 2 lines
01-21 06:38:33.364: E/IntentOperationSvc(2522): Failed to instantiate Chimera operation impl com.google.android.gms.instantapps.routing.PhenotypeUpdateIntentOperation, dropping operation
01-21 06:38:33.364: E/IntentOperationSvc(2522): java.lang.NoSuchMethodException: <init> []
01-21 06:38:33.364: E/IntentOperationSvc(2522): 	at java.lang.Class.getConstructor0(Class.java:2327)
01-21 06:38:33.364: E/IntentOperationSvc(2522): 	at java.lang.Class.getConstructor(Class.java:1725)
01-21 06:38:33.364: E/IntentOperationSvc(2522): 	at dmj.a(:com.google.android.gms@14367040@14.3.67 (100700-216465562):12)
01-21 06:38:33.364: E/IntentOperationSvc(2522): 	at dmk.run(:com.google.android.gms@14367040@14.3.67 (100700-216465562):67)
01-21 06:38:33.364: E/IntentOperationSvc(2522): 	at java.util.concurrent.ThreadPoolExecutor.runWorker(ThreadPoolExecutor.java:1167)
01-21 06:38:33.364: E/IntentOperationSvc(2522): 	at java.util.concurrent.ThreadPoolExecutor$Worker.run(ThreadPoolExecutor.java:641)
01-21 06:38:33.364: E/IntentOperationSvc(2522): 	at java.lang.Thread.run(Thread.java:764)
01-21 06:38:33.366: I/Finsky(5318): [307] com.google.android.finsky.bo.an.run(6): Stats for Executor: VerifyAppsDataStore com.google.android.finsky.bo.ao@235f146[Running, pool size = 0, active threads = 0, queued tasks = 0, completed tasks = 540]
01-21 06:38:33.370: I/Finsky(5318): [307] com.google.android.finsky.bo.an.run(6): Stats for Executor: Db-verify_apps.db com.google.android.finsky.bo.ao@29f3f07[Running, pool size = 0, active threads = 0, queued tasks = 0, completed tasks = 545]
01-21 06:38:33.375: E/IntentOperationSvc(2522): Failed to instantiate Chimera operation impl com.google.android.gms.instantapps.routing.PhenotypeUpdateIntentOperation, dropping operation
01-21 06:38:33.375: E/IntentOperationSvc(2522): java.lang.NoSuchMethodException: <init> []
01-21 06:38:33.375: E/IntentOperationSvc(2522): 	at java.lang.Class.getConstructor0(Class.java:2327)
01-21 06:38:33.375: E/IntentOperationSvc(2522): 	at java.lang.Class.getConstructor(Class.java:1725)
01-21 06:38:33.375: E/IntentOperationSvc(2522): 	at dmj.a(:com.google.android.gms@14367040@14.3.67 (100700-216465562):12)
01-21 06:38:33.375: E/IntentOperationSvc(2522): 	at dmk.run(:com.google.android.gms@14367040@14.3.67 (100700-216465562):67)
01-21 06:38:33.375: E/IntentOperationSvc(2522): 	at java.util.concurrent.ThreadPoolExecutor.runWorker(ThreadPoolExecutor.java:1167)
01-21 06:38:33.375: E/IntentOperationSvc(2522): 	at java.util.concurrent.ThreadPoolExecutor$Worker.run(ThreadPoolExecutor.java:641)
01-21 06:38:33.375: E/IntentOperationSvc(2522): 	at java.lang.Thread.run(Thread.java:764)
01-21 06:38:33.382: I/Remoter(1907): Saved screenshot to '/data/screenshots/__pmv__-0096.jpg'
01-21 06:38:33.419: I/chatty(2522): uid=10017(com.google.android.gms) peration loader identical 6 lines
01-21 06:38:33.426: E/IntentOperationSvc(2522): Failed to instantiate Chimera operation impl com.google.android.gms.instantapps.routing.PhenotypeUpdateIntentOperation, dropping operation
01-21 06:38:33.426: E/IntentOperationSvc(2522): java.lang.NoSuchMethodException: <init> []
01-21 06:38:33.426: E/IntentOperationSvc(2522): 	at java.lang.Class.getConstructor0(Class.java:2327)
01-21 06:38:33.426: E/IntentOperationSvc(2522): 	at java.lang.Class.getConstructor(Class.java:1725)
01-21 06:38:33.426: E/IntentOperationSvc(2522): 	at dmj.a(:com.google.android.gms@14367040@14.3.67 (100700-216465562):12)
01-21 06:38:33.426: E/IntentOperationSvc(2522): 	at dmk.run(:com.google.android.gms@14367040@14.3.67 (100700-216465562):67)
01-21 06:38:33.426: E/IntentOperationSvc(2522): 	at java.util.concurrent.ThreadPoolExecutor.runWorker(ThreadPoolExecutor.java:1167)
01-21 06:38:33.426: E/IntentOperationSvc(2522): 	at java.util.concurrent.ThreadPoolExecutor$Worker.run(ThreadPoolExecutor.java:641)
01-21 06:38:33.426: E/IntentOperationSvc(2522): 	at java.lang.Thread.run(Thread.java:764)
01-21 06:38:33.428: I/TestSupport(2601): AwaitCommitOperation: FlagOverride(com.google.android.gms.auth.api.credentials, , Flag(SaveStrategy__enableSaving, false, 2, 0), true) committed
01-21 06:38:33.428: I/TestSupport(2601): AwaitCommitOperation: no more uncommitted overrides
01-21 06:38:33.432: E/IntentOperationSvc(2522): Failed to instantiate Chimera operation impl com.google.android.gms.instantapps.routing.PhenotypeUpdateIntentOperation, dropping operation
01-21 06:38:33.432: E/IntentOperationSvc(2522): java.lang.NoSuchMethodException: <init> []
01-21 06:38:33.432: E/IntentOperationSvc(2522): 	at java.lang.Class.getConstructor0(Class.java:2327)
01-21 06:38:33.432: E/IntentOperationSvc(2522): 	at java.lang.Class.getConstructor(Class.java:1725)
01-21 06:38:33.432: E/IntentOperationSvc(2522): 	at dmj.a(:com.google.android.gms@14367040@14.3.67 (100700-216465562):12)
01-21 06:38:33.432: E/IntentOperationSvc(2522): 	at dmk.run(:com.google.android.gms@14367040@14.3.67 (100700-216465562):67)
01-21 06:38:33.432: E/IntentOperationSvc(2522): 	at java.util.concurrent.ThreadPoolExecutor.runWorker(ThreadPoolExecutor.java:1167)
01-21 06:38:33.432: E/IntentOperationSvc(2522): 	at java.util.concurrent.ThreadPoolExecutor$Worker.run(ThreadPoolExecutor.java:641)
01-21 06:38:33.432: E/IntentOperationSvc(2522): 	at java.lang.Thread.run(Thread.java:764)
01-21 06:38:33.492: I/chatty(2522): uid=10017(com.google.android.gms) peration loader identical 6 lines
01-21 06:38:33.495: E/IntentOperationSvc(2522): Failed to instantiate Chimera operation impl com.google.android.gms.instantapps.routing.PhenotypeUpdateIntentOperation, dropping operation
01-21 06:38:33.495: E/IntentOperationSvc(2522): java.lang.NoSuchMethodException: <init> []
01-21 06:38:33.495: E/IntentOperationSvc(2522): 	at java.lang.Class.getConstructor0(Class.java:2327)
01-21 06:38:33.495: E/IntentOperationSvc(2522): 	at java.lang.Class.getConstructor(Class.java:1725)
01-21 06:38:33.495: E/IntentOperationSvc(2522): 	at dmj.a(:com.google.android.gms@14367040@14.3.67 (100700-216465562):12)
01-21 06:38:33.495: E/IntentOperationSvc(2522): 	at dmk.run(:com.google.android.gms@14367040@14.3.67 (100700-216465562):67)
01-21 06:38:33.495: E/IntentOperationSvc(2522): 	at java.util.concurrent.ThreadPoolExecutor.runWorker(ThreadPoolExecutor.java:1167)
01-21 06:38:33.495: E/IntentOperationSvc(2522): 	at java.util.concurrent.ThreadPoolExecutor$Worker.run(ThreadPoolExecutor.java:641)
01-21 06:38:33.495: E/IntentOperationSvc(2522): 	at java.lang.Thread.run(Thread.java:764)
01-21 06:38:33.499: I/Finsky(5318): [307] com.google.android.finsky.bo.an.run(6): Stats for Executor: InstallBackgroundThread com.google.android.finsky.bo.ao@96c2834[Running, pool size = 0, active threads = 0, queued tasks = 0, completed tasks = 0]
01-21 06:38:33.499: I/Finsky(5318): [307] com.google.android.finsky.bo.an.run(6): Stats for Executor: InstallBackgroundThread com.google.android.finsky.bo.ao@385265d[Running, pool size = 0, active threads = 0, queued tasks = 0, completed tasks = 0]
01-21 06:38:33.500: I/Finsky(5318): [307] com.google.android.finsky.bo.an.run(6): Stats for Executor: InstallBackgroundThread com.google.android.finsky.bo.ao@a4fdbd2[Running, pool size = 0, active threads = 0, queued tasks = 0, completed tasks = 0]
01-21 06:38:33.511: E/IntentOperationSvc(2522): Failed to instantiate Chimera operation impl com.google.android.gms.instantapps.routing.PhenotypeUpdateIntentOperation, dropping operation
01-21 06:38:33.511: E/IntentOperationSvc(2522): java.lang.NoSuchMethodException: <init> []
01-21 06:38:33.511: E/IntentOperationSvc(2522): 	at java.lang.Class.getConstructor0(Class.java:2327)
01-21 06:38:33.511: E/IntentOperationSvc(2522): 	at java.lang.Class.getConstructor(Class.java:1725)
01-21 06:38:33.511: E/IntentOperationSvc(2522): 	at dmj.a(:com.google.android.gms@14367040@14.3.67 (100700-216465562):12)
01-21 06:38:33.511: E/IntentOperationSvc(2522): 	at dmk.run(:com.google.android.gms@14367040@14.3.67 (100700-216465562):67)
01-21 06:38:33.511: E/IntentOperationSvc(2522): 	at java.util.concurrent.ThreadPoolExecutor.runWorker(ThreadPoolExecutor.java:1167)
01-21 06:38:33.511: E/IntentOperationSvc(2522): 	at java.util.concurrent.ThreadPoolExecutor$Worker.run(ThreadPoolExecutor.java:641)
01-21 06:38:33.511: E/IntentOperationSvc(2522): 	at java.lang.Thread.run(Thread.java:764)
01-21 06:38:33.538: I/chatty(2522): uid=10017(com.google.android.gms) peration loader identical 4 lines
01-21 06:38:33.541: E/IntentOperationSvc(2522): Failed to instantiate Chimera operation impl com.google.android.gms.instantapps.routing.PhenotypeUpdateIntentOperation, dropping operation
01-21 06:38:33.541: E/IntentOperationSvc(2522): java.lang.NoSuchMethodException: <init> []
01-21 06:38:33.541: E/IntentOperationSvc(2522): 	at java.lang.Class.getConstructor0(Class.java:2327)
01-21 06:38:33.541: E/IntentOperationSvc(2522): 	at java.lang.Class.getConstructor(Class.java:1725)
01-21 06:38:33.541: E/IntentOperationSvc(2522): 	at dmj.a(:com.google.android.gms@14367040@14.3.67 (100700-216465562):12)
01-21 06:38:33.541: E/IntentOperationSvc(2522): 	at dmk.run(:com.google.android.gms@14367040@14.3.67 (100700-216465562):67)
01-21 06:38:33.541: E/IntentOperationSvc(2522): 	at java.util.concurrent.ThreadPoolExecutor.runWorker(ThreadPoolExecutor.java:1167)
01-21 06:38:33.541: E/IntentOperationSvc(2522): 	at java.util.concurrent.ThreadPoolExecutor$Worker.run(ThreadPoolExecutor.java:641)
01-21 06:38:33.541: E/IntentOperationSvc(2522): 	at java.lang.Thread.run(Thread.java:764)
01-21 06:38:33.544: I/TSDRIVER(7858): Handled command: PACKAGE
01-21 06:38:33.546: I/TSDRIVER(7858): CommandService onHandleIntent()
01-21 06:38:33.546: I/TSDRIVER(7858): Got command: PACKAGE
01-21 06:38:33.546: I/TSDRIVER(7858): flag package: Eh9jb20uZ29vZ2xlLmFuZHJvaWQuZ21zLmF1dG9maWxsGhQKEGF1dG9maWxsX2VuYWJsZWQYAA
01-21 06:38:33.546: I/TSDRIVER(7858): flag package: com.google.android.gms.autofill
01-21 06:38:33.550: I/TestSupport(2601): SetFlagOverridesOperation: com.google.android.gms.autofill, '', [Flag(autofill_enabled, false, 2, 0)]
01-21 06:38:33.554: E/IntentOperationSvc(2522): Failed to instantiate Chimera operation impl com.google.android.gms.instantapps.routing.PhenotypeUpdateIntentOperation, dropping operation
01-21 06:38:33.554: E/IntentOperationSvc(2522): java.lang.NoSuchMethodException: <init> []
01-21 06:38:33.554: E/IntentOperationSvc(2522): 	at java.lang.Class.getConstructor0(Class.java:2327)
01-21 06:38:33.554: E/IntentOperationSvc(2522): 	at java.lang.Class.getConstructor(Class.java:1725)
01-21 06:38:33.554: E/IntentOperationSvc(2522): 	at dmj.a(:com.google.android.gms@14367040@14.3.67 (100700-216465562):12)
01-21 06:38:33.554: E/IntentOperationSvc(2522): 	at dmk.run(:com.google.android.gms@14367040@14.3.67 (100700-216465562):67)
01-21 06:38:33.554: E/IntentOperationSvc(2522): 	at java.util.concurrent.ThreadPoolExecutor.runWorker(ThreadPoolExecutor.java:1167)
01-21 06:38:33.554: E/IntentOperationSvc(2522): 	at java.util.concurrent.ThreadPoolExecutor$Worker.run(ThreadPoolExecutor.java:641)
01-21 06:38:33.554: E/IntentOperationSvc(2522): 	at java.lang.Thread.run(Thread.java:764)
01-21 06:38:33.729: I/chatty(2522): uid=10017(com.google.android.gms) peration loader identical 35 lines
01-21 06:38:33.736: E/IntentOperationSvc(2522): Failed to instantiate Chimera operation impl com.google.android.gms.instantapps.routing.PhenotypeUpdateIntentOperation, dropping operation
01-21 06:38:33.736: E/IntentOperationSvc(2522): java.lang.NoSuchMethodException: <init> []
01-21 06:38:33.736: E/IntentOperationSvc(2522): 	at java.lang.Class.getConstructor0(Class.java:2327)
01-21 06:38:33.736: E/IntentOperationSvc(2522): 	at java.lang.Class.getConstructor(Class.java:1725)
01-21 06:38:33.736: E/IntentOperationSvc(2522): 	at dmj.a(:com.google.android.gms@14367040@14.3.67 (100700-216465562):12)
01-21 06:38:33.736: E/IntentOperationSvc(2522): 	at dmk.run(:com.google.android.gms@14367040@14.3.67 (100700-216465562):67)
01-21 06:38:33.736: E/IntentOperationSvc(2522): 	at java.util.concurrent.ThreadPoolExecutor.runWorker(ThreadPoolExecutor.java:1167)
01-21 06:38:33.736: E/IntentOperationSvc(2522): 	at java.util.concurrent.ThreadPoolExecutor$Worker.run(ThreadPoolExecutor.java:641)
01-21 06:38:33.736: E/IntentOperationSvc(2522): 	at java.lang.Thread.run(Thread.java:764)
01-21 06:38:33.750: I/Zygote(7975): seccomp disabled by setenforce 0
01-21 06:38:33.752: W/ndroid.calenda(7975): Unexpected CPU variant for X86 using defaults: x86
01-21 06:38:33.758: I/ActivityManager(2067): Start proc 7975:com.google.android.calendar/u0a44 for broadcast com.google.android.calendar/com.google.android.apps.calendar.config.phenotypesupport.PhenotypeBroadcastReceiver
01-21 06:38:33.787: I/TestSupport(2601): AwaitCommitOperation: autofill_enabled
01-21 06:38:33.818: I/TestSupport(2601): AwaitCommitOperation: uncommitted: FlagOverride(com.google.android.gms.autofill, , Flag(autofill_enabled, false, 2, 0), false)
01-21 06:38:33.818: I/TestSupport(2601): AwaitCommitOperation:  sleeping for 10 msec.
01-21 06:38:33.829: I/ndroid.calenda(7975): The ClassLoaderContext is a special shared library.
01-21 06:38:33.903: I/ActivityManager(2067): Start proc 7993:com.android.providers.calendar/u0a21 for content provider com.android.providers.calendar/.CalendarProvider2
01-21 06:38:33.845: I/ndroid.calenda(7975): The ClassLoaderContext is a special shared library.
01-21 06:38:33.905: I/Zygote(7993): seccomp disabled by setenforce 0
01-21 06:38:33.907: W/viders.calenda(7993): Unexpected CPU variant for X86 using defaults: x86
01-21 06:38:33.909: I/PerformanceMetricCollec(7975): Logging experiments memory-false, lantency-false
01-21 06:38:33.919: I/TestSupport(2601): AwaitCommitOperation: uncommitted: FlagOverride(com.google.android.gms.autofill, , Flag(autofill_enabled, false, 2, 0), false)
01-21 06:38:33.920: I/TestSupport(2601): AwaitCommitOperation:  sleeping for 20 msec.
01-21 06:38:33.957: D/PhenotypeJobService(7975): Job scheduled successfully
01-21 06:38:33.961: E/PrefServiceImpl(7975): Primary account is null
01-21 06:38:33.964: I/PerformanceMetricCollec(7975): Logging experiments memory-false, lantency-false
01-21 06:38:33.966: D/AndroidRuntime(7974): >>>>>> START com.android.internal.os.RuntimeInit uid 0 <<<<<<
01-21 06:38:33.980: I/viders.calenda(7993): The ClassLoaderContext is a special shared library.
01-21 06:38:33.998: I/Finsky(5318): [2] com.google.android.finsky.scheduler.JobSchedulerEngine$PhoneskyJobSchedulerJobService.onStartJob(8): onJobSchedulerWakeup with jobId 9002
01-21 06:38:33.998: D/PhenotypeJobService(7975): Job scheduled successfully
01-21 06:38:34.002: I/Finsky(5318): [2] com.google.android.finsky.scheduler.ad.a(25): Scheduling fallback job with id: 9034, and delay: 43200000 ms
01-21 06:38:34.004: I/Finsky(5318): [2] com.google.android.finsky.scheduler.ad.a(41): Scheduling fallback in 64799999 (absolute: 78997519)
01-21 06:38:34.017: W/ModuleInitIntentOp(2601): Dropping unexpected action com.google.android.gms.phenotype.COMMITTED
01-21 06:38:34.021: I/PTCommittedOperation(2522): Receive new configuration for com.google.android.gms.auth_api_phone
01-21 06:38:34.022: I/MobileDataHub(2601): Scheduling periodic tasks
01-21 06:38:34.025: W/MobileDataHub(2601): [Service] appsupload-periodic periodic task disabled
01-21 06:38:34.033: I/Finsky(5318): [2] com.google.android.finsky.scheduler.al.handleMessage(16): DeviceState: DeviceState{currentTime=1548081514017, isCharging=true, isIdle=false, netAny=true, netNotRoaming=true, netUnmetered=false}
01-21 06:38:34.037: I/Finsky(5318): [395] com.google.android.finsky.scheduler.bp.b(89): Jobs in database: 1-1337 3-1 4-821848295 12-1 20-23232323 24-77777777 26-1414141414 
01-21 06:38:34.052: I/Finsky(5318): [2] com.google.android.finsky.scheduler.ag.a(59): Running job: 12-1
01-21 06:38:34.054: I/Finsky(5318): [2] com.google.android.finsky.contentsync.ContentSyncJob.a(24): ContentSyncJob started
01-21 06:38:34.055: I/Finsky(5318): [2] com.google.android.finsky.scheduler.ag.a(105): RunningQueue size: 1, PendingQueue size: 0
01-21 06:38:34.056: I/Finsky(5318): [2] com.google.android.finsky.scheduler.ag.a(116): Running queue: 12-1 
01-21 06:38:34.056: I/ajkn(2522): updateFromConfigurations using legacy put method [CONTEXT service_id=51 ]
01-21 06:38:34.076: I/CalendarProvider2(7993): Created com.android.providers.calendar.CalendarAlarmManager@72422f4(com.android.providers.calendar.CalendarProvider2@9c16a1d)
01-21 06:38:34.082: E/IntentOperationSvc(2522): Failed to instantiate Chimera operation impl com.google.android.gms.instantapps.routing.PhenotypeUpdateIntentOperation, dropping operation
01-21 06:38:34.082: E/IntentOperationSvc(2522): java.lang.NoSuchMethodException: <init> []
01-21 06:38:34.082: E/IntentOperationSvc(2522): 	at java.lang.Class.getConstructor0(Class.java:2327)
01-21 06:38:34.082: E/IntentOperationSvc(2522): 	at java.lang.Class.getConstructor(Class.java:1725)
01-21 06:38:34.082: E/IntentOperationSvc(2522): 	at dmj.a(:com.google.android.gms@14367040@14.3.67 (100700-216465562):12)
01-21 06:38:34.082: E/IntentOperationSvc(2522): 	at dmk.run(:com.google.android.gms@14367040@14.3.67 (100700-216465562):67)
01-21 06:38:34.082: E/IntentOperationSvc(2522): 	at java.util.concurrent.ThreadPoolExecutor.runWorker(ThreadPoolExecutor.java:1167)
01-21 06:38:34.082: E/IntentOperationSvc(2522): 	at java.util.concurrent.ThreadPoolExecutor$Worker.run(ThreadPoolExecutor.java:641)
