01-21 06:38:25.401: I/ActivityManager(2067): Start proc 7783:android.process.acore/u0a7 for content provider com.android.providers.userdictionary/.UserDictionaryProvider
01-21 06:38:25.401: W/ActivityManager(2067): Slow operation: 80ms so far, now at startProcess: starting to update pids map
01-21 06:38:25.401: W/ActivityManager(2067): Slow operation: 80ms so far, now at startProcess: done updating pids map
01-21 06:38:25.422: W/BroadcastQueue(2067): Background execution not allowed: receiving Intent { act=android.intent.action.USER_PRESENT flg=0x24200010 } to com.google.android.gms/.auth.setup.devicesignals.LockScreenReceiver
01-21 06:38:25.424: W/BroadcastQueue(2067): Background execution not allowed: receiving Intent { act=android.intent.action.USER_PRESENT flg=0x24200010 } to com.google.android.gms/.trustagent.UserPresentBroadcastReceiver
01-21 06:38:25.424: W/BroadcastQueue(2067): Background execution not allowed: receiving Intent { act=android.intent.action.USER_PRESENT flg=0x24200010 } to com.google.android.gms/.chimera.GmsIntentOperationService$PersistentTrustedReceiver
01-21 06:38:25.424: W/BroadcastQueue(2067): Background execution not allowed: receiving Intent { act=android.intent.action.DROPBOX_ENTRY_ADDED flg=0x10 (has extras) } to com.google.android.gms/.stats.service.DropBoxEntryAddedReceiver
01-21 06:38:25.424: W/BroadcastQueue(2067): Background execution not allowed: receiving Intent { act=android.intent.action.DROPBOX_ENTRY_ADDED flg=0x10 (has extras) } to com.google.android.gms/.chimera.GmsIntentOperationService$PersistentTrustedReceiver
01-21 06:38:25.424: W/BroadcastQueue(2067): Background execution not allowed: receiving Intent { act=android.intent.action.DROPBOX_ENTRY_ADDED flg=0x10 (has extras) } to com.google.android.gms/.stats.service.DropBoxEntryAddedReceiver
01-21 06:38:25.424: W/BroadcastQueue(2067): Background execution not allowed: receiving Intent { act=android.intent.action.DROPBOX_ENTRY_ADDED flg=0x10 (has extras) } to com.google.android.gms/.chimera.GmsIntentOperationService$PersistentTrustedReceiver
01-21 06:38:25.424: W/BroadcastQueue(2067): Background execution not allowed: receiving Intent { act=android.intent.action.DROPBOX_ENTRY_ADDED flg=0x10 (has extras) } to com.google.android.gms/.stats.service.DropBoxEntryAddedReceiver
01-21 06:38:25.424: W/BroadcastQueue(2067): Background execution not allowed: receiving Intent { act=android.intent.action.DROPBOX_ENTRY_ADDED flg=0x10 (has extras) } to com.google.android.gms/.chimera.GmsIntentOperationService$PersistentTrustedReceiver
01-21 06:38:25.424: W/BroadcastQueue(2067): Background execution not allowed: receiving Intent { act=android.intent.action.DROPBOX_ENTRY_ADDED flg=0x10 (has extras) } to com.google.android.gms/.stats.service.DropBoxEntryAddedReceiver
01-21 06:38:25.434: W/BroadcastQueue(2067): Background execution not allowed: receiving Intent { act=android.intent.action.DROPBOX_ENTRY_ADDED flg=0x10 (has extras) } to com.google.android.gms/.chimera.GmsIntentOperationService$PersistentTrustedReceiver
01-21 06:38:25.435: W/BroadcastQueue(2067): Background execution not allowed: receiving Intent { act=android.intent.action.DROPBOX_ENTRY_ADDED flg=0x10 (has extras) } to com.google.android.gms/.stats.service.DropBoxEntryAddedReceiver
01-21 06:38:25.435: W/BroadcastQueue(2067): Background execution not allowed: receiving Intent { act=android.intent.action.DROPBOX_ENTRY_ADDED flg=0x10 (has extras) } to com.google.android.gms/.chimera.GmsIntentOperationService$PersistentTrustedReceiver
01-21 06:38:25.466: I/d.process.acor(7783): The ClassLoaderContext is a special shared library.
01-21 06:38:25.502: I/SQLiteCastStore(2601): 0 CastNetworkInfo instances loaded, 0 CastDeviceInfo instances loaded, 0 paired guest mode devices loaded.
01-21 06:38:25.513: I/d.process.acor(7783): The ClassLoaderContext is a special shared library.
01-21 06:38:25.538: E/memtrack(2067): Couldn't load memtrack module
01-21 06:38:25.538: W/android.os.Debug(2067): failed to get memory consumption info: -1
01-21 06:38:25.598: I/ContactsPerf(7783): VoicemailContentProvider.onCreate start
01-21 06:38:25.606: I/CastSocket(2601): 28 >= 18. Adding new CastClientAuthKeyManager.
01-21 06:38:25.617: I/WifiService(2067): startScan uid=10017
01-21 06:38:25.620: E/WifiScanRequestProxy(2067): Scan failure received. reason: -1,description: not available
01-21 06:38:25.624: I/ContactsPerf(7783): VoicemailContentProvider.onCreate finish
01-21 06:38:25.633: I/DiscoveryManager(2601): WifiGuestModeDeviceScanner enabled.
01-21 06:38:25.639: I/d.process.acor(7783): The ClassLoaderContext is a special shared library.
01-21 06:38:25.641: V/MediaRouter(2601): Adding route: RouteInfo{ name=Phone, description=null, status=null, category=RouteCategory{ name=System types=ROUTE_TYPE_LIVE_AUDIO ROUTE_TYPE_LIVE_VIDEO  groupable=false }, supportedTypes=ROUTE_TYPE_LIVE_AUDIO ROUTE_TYPE_LIVE_VIDEO , presentationDisplay=null }
01-21 06:38:25.643: V/MediaRouter(2601): Selecting route: RouteInfo{ name=Phone, description=null, status=null, category=RouteCategory{ name=System types=ROUTE_TYPE_LIVE_AUDIO ROUTE_TYPE_LIVE_VIDEO  groupable=false }, supportedTypes=ROUTE_TYPE_LIVE_AUDIO ROUTE_TYPE_LIVE_VIDEO , presentationDisplay=null }
01-21 06:38:25.646: I/MediaRouter(2601): Found default route: MediaRouter.RouteInfo{ uniqueId=android/afq:DEFAULT_ROUTE, name=Phone, description=null, iconUri=null, enabled=true, connecting=false, connectionState=0, canDisconnect=false, playbackType=0, playbackStream=3, deviceType=0, volumeHandling=1, volume=5, volumeMax=15, presentationDisplayId=-1, extras=null, settingsIntent=null, providerPackageName=android }
01-21 06:38:25.646: I/MediaRouter(2601): Unselecting the current route because it is no longer selectable: null
01-21 06:38:25.656: D/ContactsDatabaseHelper(7783): WAL enabled for contacts2.db: true
01-21 06:38:25.662: V/MediaRouter(2601): Selecting route: RouteInfo{ name=Phone, description=null, status=null, category=RouteCategory{ name=System types=ROUTE_TYPE_LIVE_AUDIO ROUTE_TYPE_LIVE_VIDEO  groupable=false }, supportedTypes=ROUTE_TYPE_LIVE_AUDIO ROUTE_TYPE_LIVE_VIDEO , presentationDisplay=null }
01-21 06:38:25.677: I/Remoter(1907): Saved screenshot to '/data/screenshots/__pmv__-0089.jpg'
01-21 06:38:25.694: I/ContactLocale(7783): AddressBook Labels [[en_US]]: [, A, B, C, D, E, F, G, H, I, J, K, L, M, N, O, P, Q, R, S, T, U, V, W, X, Y, Z, , , , , , , , , , , , , , , , , , , , , , , , , , , , , , , , , , , , , , , , , , , , , , , , , , , , , , , , , , , , , , , , , , , , , , , , , , , , , , , , , , , , , , , , , , , , , , , , , , , , , , , , , , , , , , , , , , , , , , , , , , , , , , , , , , , , , , , , , , , , , , , , , , , , , , , , , , , , , , , , , , , , , , , , , , , , , , , , , , , , , , , , , , , #, ]
01-21 06:38:25.707: D/ContactsDatabaseHelper(7783): WAL enabled for profile.db: false
01-21 06:38:25.751: I/PersonalDictDataHandler(2202): Locales = [en_US]
01-21 06:38:25.760: I/ShortcutsDataManager(2202): importContentData() : Ending import process
01-21 06:38:25.761: I/Delight5Facilitator(2202): requestLanguageModelResource() : PERSONAL_DICTIONARY : UNUSED
01-21 06:38:25.802: I/PersonalLanguageModel(2202): run() : Added 0 words and 0 shortcuts
01-21 06:38:25.802: I/DynamicLm(2202): perform() : PERSONAL_DICTIONARY : azt : Completed
01-21 06:38:25.802: I/Delight5Facilitator(2202): releaseLanguageModelResource() : PERSONAL_DICTIONARY : UNUSED
01-21 06:38:25.836: E/NetworkScheduler(2522): Invalid component specified.
01-21 06:38:25.842: I/ShortcutsDataManager(2202): importContentData() : Success : Count = 0
01-21 06:38:25.842: I/ShortcutsDataManager(2202): onPostExecute() : Result = [2,0]
01-21 06:38:25.842: I/ShortcutsDataManager(2202): onImportFinished() : Result = 2 : Count = 0
01-21 06:38:25.843: I/Delight5Decoder(2202): loadShortcutMap() : 0 shortcuts
01-21 06:38:25.968: I/dex2oat(7757): Explicit concurrent copying GC freed 7693(1144KB) AllocSpace objects, 0(0B) LOS objects, 99% free, 896B/1536KB, paused 77us total 4.011ms
01-21 06:38:26.058: I/dex2oat(7757): dex2oat took 2.004s (632.791ms cpu) (threads: 2) arena alloc=4KB (4736B) java alloc=16KB (17280B) native alloc=2MB (2563944B) free=2MB (2678936B)
01-21 06:38:26.064: V/installed(1928): DexInv: --- END '/data/app/com.google.android.gms.policy_test_support-_jWsy_hnRDL6UlcsPfQlQg==/base.apk' (success) ---
01-21 06:38:26.065: V/BackupManagerService(2067): restoreAtInstall pkg=com.google.android.gms.policy_test_support token=c restoreSet=0
01-21 06:38:26.065: V/BackupManagerService(2067): Finishing install immediately
01-21 06:38:26.065: V/BackupManagerService(2067): [ 01-21 06:38:26.074  1928: 2123 E/         ]
01-21 06:38:26.065: V/BackupManagerService(2067): Couldn't opendir /data/app/vmdl112202496.tmp: No such file or directory
01-21 06:38:26.074: E/installd(1928): Failed to delete /data/app/vmdl112202496.tmp: No such file or directory
01-21 06:38:26.090: I/Finsky(5318): [2] com.google.android.finsky.packagemanager.impl.PackageMonitorReceiverImpl.a(12): PackageMonitor received: android.intent.action.PACKAGE_ADDED
01-21 06:38:26.094: I/InputReader(2067): Reconfiguring input devices.  changes=0x00000010
01-21 06:38:26.100: D/Avrcp(2194): isBrowsableListUpdated: false
01-21 06:38:26.100: D/BluetoothMapAppObserver(2194): onReceive
01-21 06:38:26.100: D/BluetoothMapAppObserver(2194): The installed package is: com.google.android.gms.policy_test_support
01-21 06:38:26.101: D/BluetoothMapAppObserver(2194): Found 0 application(s) with intent android.bluetooth.action.BLUETOOTH_MAP_PROVIDER
01-21 06:38:26.101: D/BluetoothMapAppObserver(2194): Found 0 application(s) with intent android.bluetooth.action.BLUETOOTH_MAP_IM_PROVIDER
01-21 06:38:26.101: V/NewAvrcpMediaPlayerList(2194): mPackageChangedBroadcastReceiver: action: android.intent.action.PACKAGE_ADDED
01-21 06:38:26.101: D/NewAvrcpMediaPlayerList(2194): Name of package changed: com.google.android.gms.policy_test_support
01-21 06:38:26.102: I/Finsky(5318): [2] com.google.android.finsky.wear.eh.a(18): Do not start WearSupportService due to Wear service optimization
01-21 06:38:26.148: W/BroadcastQueue(2067): Background execution not allowed: receiving Intent { act=android.intent.action.PACKAGE_ADDED dat=package:com.google.android.gms.policy_test_support flg=0x4000010 (has extras) } to com.android.musicfx/.Compatibility$Receiver
01-21 06:38:26.103: I/Finsky(5318): [2] com.google.android.finsky.wear.eh.a(18): Do not start WearSupportService due to Wear service optimization
01-21 06:38:26.156: I/Finsky(5318): [396] com.google.android.finsky.p2p.f.run(3): Wrote row to frosting DB: 136
01-21 06:38:26.166: W/BroadcastQueue(2067): Background execution not allowed: receiving Intent { act=android.intent.action.PACKAGE_ADDED dat=package:com.google.android.gms.policy_test_support flg=0x4000010 (has extras) } to com.android.vending/com.google.android.finsky.packagemanager.impl.PackageMonitorReceiverImpl$RegisteredReceiver
01-21 06:38:26.166: W/BroadcastQueue(2067): Background execution not allowed: receiving Intent { act=android.intent.action.PACKAGE_ADDED dat=package:com.google.android.gms.policy_test_support flg=0x4000010 (has extras) } to com.google.android.gms/.games.chimera.GamesSystemBroadcastReceiverProxy
01-21 06:38:26.166: W/BroadcastQueue(2067): Background execution not allowed: receiving Intent { act=android.intent.action.PACKAGE_ADDED dat=package:com.google.android.gms.policy_test_support flg=0x4000010 (has extras) } to com.google.android.gms/.gass.chimera.PackageChangeBroadcastReceiver
01-21 06:38:26.166: W/BroadcastQueue(2067): Background execution not allowed: receiving Intent { act=android.intent.action.PACKAGE_ADDED dat=package:com.google.android.gms.policy_test_support flg=0x4000010 (has extras) } to com.google.android.gms/.chimera.GmsIntentOperationService$PersistentTrustedReceiver
01-21 06:38:26.166: W/BroadcastQueue(2067): Background execution not allowed: receiving Intent { act=android.intent.action.PACKAGE_ADDED dat=package:com.google.android.gms.policy_test_support flg=0x4000010 (has extras) } to com.google.android.googlequicksearchbox/com.google.android.apps.gsa.googlequicksearchbox.GelStubAppWatcher
01-21 06:38:26.167: I/Finsky(5318): [2] com.google.android.finsky.p2p.e.b(20): Frosting ID looked up on UI thread. Caller should move to a background thread.
01-21 06:38:26.185: I/Finsky(5318): [307] com.google.android.finsky.bo.an.run(6): Stats for Executor: BlockingExecutor com.google.android.finsky.bo.ao@cfdac58[Running, pool size = 1, active threads = 0, queued tasks = 0, completed tasks = 25]
01-21 06:38:26.185: I/Finsky(5318): [307] com.google.android.finsky.bo.an.run(6): Stats for Executor: LightweightExecutor com.google.android.finsky.bo.ao@69561b1[Running, pool size = 2, active threads = 0, queued tasks = 0, completed tasks = 54]
01-21 06:38:26.195: W/Looper(2067): Slow dispatch took 103ms main h=android.app.ActivityThread$H c=android.app.-$$Lambda$LoadedApk$ReceiverDispatcher$Args$_BumDX2UKsnxLVrE6UJsJZkotuA@2686094 m=0
01-21 06:38:26.204: I/Telecom(2067): DefaultDialerCache: Refreshing default dialer for user 0: now com.google.android.dialer: DDC.oR@AF4
01-21 06:38:26.235: I/Finsky(5318): [2] com.google.android.finsky.externalreferrer.b.run(6): Package state data is missing for com.google.android.gms.policy_test_support
01-21 06:38:26.245: D/CarrierSvcBindHelper(2363): No carrier app for: 0
01-21 06:38:26.246: D/CarrierConfigLoader(2363): mHandler: 9 phoneId: 0
01-21 06:38:26.247: V/BackupManagerConstants(2067): getFullBackupIntervalMilliseconds(...) returns 86400000
01-21 06:38:26.331: D/AutofillUI(2067): destroySaveUiUiThread(): already destroyed
01-21 06:38:26.348: D/AutofillManagerServiceImpl(2067): Set component for user 0 as AutofillServiceInfo[ServiceInfo{b8f771 com.google.android.gms.autofill.service.AutofillService}, settings:com.google.android.gms.autofill.ui.AutofillSettingsActivity, hasCompatPckgs:false]
01-21 06:38:26.437: I/Finsky(5318): [307] com.google.android.finsky.bo.an.run(6): Stats for Executor: bgExecutor com.google.android.finsky.bo.ao@144b696[Running, pool size = 4, active threads = 0, queued tasks = 0, completed tasks = 82]
01-21 06:38:26.438: I/Finsky(5318): [307] com.google.android.finsky.bo.an.run(6): Stats for Executor: SimChangeExecutor com.google.android.finsky.bo.ao@7e7a217[Running, pool size = 1, active threads = 1, queued tasks = 4, completed tasks = 0]
01-21 06:38:26.539: I/Finsky(5318): [307] com.google.android.finsky.bo.an.run(6): Stats for Executor: Db-split_install_service com.google.android.finsky.bo.ao@5cd3604[Running, pool size = 0, active threads = 0, queued tasks = 0, completed tasks = 12]
01-21 06:38:26.539: I/Finsky(5318): [307] com.google.android.finsky.bo.an.run(6): Stats for Executor: SplitInstallBackgroundThread com.google.android.finsky.bo.ao@9ed67ed[Running, pool size = 0, active threads = 0, queued tasks = 0, completed tasks = 5]
01-21 06:38:26.539: I/Finsky(5318): [307] com.google.android.finsky.bo.an.run(6): Stats for Executor: Db-scheduler com.google.android.finsky.bo.ao@e0da622[Running, pool size = 1, active threads = 0, queued tasks = 0, completed tasks = 76]
01-21 06:38:26.562: I/Finsky(5318): [307] com.google.android.finsky.bo.an.run(6): Stats for Executor: StorageAwareDownloadServiceManagerSpaceChecker com.google.android.finsky.bo.ao@4ba48b3[Running, pool size = 0, active threads = 0, queued tasks = 0, completed tasks = 0]
01-21 06:38:26.629: I/system_server(2067): Background concurrent copying GC freed 51791(2MB) AllocSpace objects, 22(896KB) LOS objects, 42% free, 11MB/19MB, paused 92us total 560.481ms
01-21 06:38:26.631: I/Finsky(5318): [307] com.google.android.finsky.bo.an.run(6): Stats for Executor: Db-frosting.db com.google.android.finsky.bo.ao@2e9ae70[Running, pool size = 1, active threads = 0, queued tasks = 0, completed tasks = 14]
01-21 06:38:26.761: I/Finsky(5318): [307] com.google.android.finsky.bo.an.run(6): Stats for Executor: InstallQueueDatabaseManager com.google.android.finsky.bo.ao@b4595e9[Running, pool size = 0, active threads = 0, queued tasks = 0, completed tasks = 25]
01-21 06:38:26.773: I/Remoter(1907): Saved screenshot to '/data/screenshots/__pmv__-0090.jpg'
01-21 06:38:26.852: I/Finsky(5318): [307] com.google.android.finsky.bo.an.run(6): Stats for Executor: Db-scheduler_logging_store.db com.google.android.finsky.bo.ao@b84026e[Running, pool size = 0, active threads = 0, queued tasks = 0, completed tasks = 0]
01-21 06:38:26.878: I/Finsky(5318): [307] com.google.android.finsky.bo.an.run(6): Stats for Executor: InstallBackgroundThread com.google.android.finsky.bo.ao@f06bd0f[Running, pool size = 0, active threads = 0, queued tasks = 0, completed tasks = 0]
01-21 06:38:26.878: I/Finsky(5318): [307] com.google.android.finsky.bo.an.run(6): Stats for Executor: Db-install_service com.google.android.finsky.bo.ao@c13419c[Running, pool size = 0, active threads = 0, queued tasks = 0, completed tasks = 0]
01-21 06:38:26.878: I/Finsky(5318): [307] com.google.android.finsky.bo.an.run(6): Stats for Executor: InstallBackgroundThread com.google.android.finsky.bo.ao@cd8a7a5[Running, pool size = 0, active threads = 0, queued tasks = 0, completed tasks = 0]
01-21 06:38:27.114: E/DowngradeHelper(2601): isModuleDowngradeRequired false
01-21 06:38:27.115: E/ConfigFileUtils(2601): Failed to read config file: /data/user_de/0/com.google.android.gms/app_chimera/current_modules_init.pb (No such file or directory)
01-21 06:38:27.130: W/BroadcastQueue(2067): Background execution not allowed: receiving Intent { act=com.google.android.chimera.MODULE_CONFIGURATION_CHANGED flg=0x10 (has extras) } to com.google.android.gms/.chimera.GmsIntentOperationService$PersistentInternalReceiver
01-21 06:38:27.151: W/gle.android.gm(2601): Unsupported class loader
01-21 06:38:27.155: W/gle.android.gm(2601): Skipping duplicate class check due to unsupported classloader
01-21 06:38:27.158: I/gle.android.gm(2601): Failed to add image file Failed to flatten class loader hierarchy 'Unknown class loader type dnt'
01-21 06:38:27.192: I/Finsky(5318): [2] com.google.android.finsky.verifier.impl.PackageVerificationReceiver.a(9): Verification requested, id = 12
01-21 06:38:27.196: W/Finsky(5318): [2] com.google.android.finsky.analytics.ao.a(40): Null bundle, which breaks event chain!. Creating a new logging context.
01-21 06:38:27.202: I/Finsky(5318): [393] com.google.android.finsky.verifier.impl.ew.a(84): Skipping verification. Disabled by user setting
01-21 06:38:27.202: I/Finsky(5318): [393] com.google.android.finsky.verifier.impl.ew.a(45): Skipping anti malware verification due to pre-check failure
01-21 06:38:27.203: I/Finsky(5318): [2] com.google.android.finsky.verifier.impl.go.c(164): Verifying id=12, result=1
01-21 06:38:27.207: I/Finsky(5318): [2] com.google.android.finsky.verifier.impl.go.c(179): Verification complete: id=12, package_name=com.google.android.gmscore.testing.testsupport
01-21 06:38:27.210: I/Auth(2601): [SupervisedAccountIntentOperation] onHandleIntent(): android.intent.action.PACKAGE_ADDED
01-21 06:38:27.210: I/Auth(2601): [SupervisedAccountIntentOperation] This operation is disabled
01-21 06:38:27.214: I/ChromeSync(2601): [Sync,SyncIntentOperation] Handling the intent: Intent { act=android.intent.action.PACKAGE_ADDED dat=package:com.google.android.gms.policy_test_support flg=0x4000010 cmp=com.google.android.gms/.chimera.GmsIntentOperationService (has extras) }.
01-21 06:38:27.218: I/ChromeSync(2601): [Persistence,AffiliationManager] No affiliation data for android://JQGPsg9dd2HvcQ3NOvpIBkUqO05p1z872yyCqMPGKyYTrXaagXb_cTSR6Tw7zvKHuN1SL7HTpLIIpZ7kfHKqVA==@com.google.android.gms.policy_test_support/. Marking affiliation data as stale...
01-21 06:38:27.218: I/ChromeSync(2601): [Persistence,AffiliationManager] Fetching affiliations from the server.
01-21 06:38:27.223: I/TestSupport(2601): Activate: 1547884800000@1548081507222
01-21 06:38:27.223: I/TestSupport(2601): Boot time: 1548067316484
01-21 06:38:27.253: I/TestSupport(2601): Updated: /data/data/com.google.android.gms/app_testsupport/.startup
01-21 06:38:27.256: I/PeopleContactsSync(2601): triggerPendingContactsCleanup: no accounts
01-21 06:38:27.265: I/Icing(2601): IndexChimeraService.getServiceInterface callingPackage=com.google.android.gms componentName=AppsCorpus serviceId=36
01-21 06:38:27.265: I/Icing(2601): IndexChimeraService.getServiceInterface callingPackage=com.google.android.gms componentName=AppsCorpus serviceId=32
01-21 06:38:27.298: I/Finsky(5318): [307] com.google.android.finsky.bo.an.run(6): Stats for Executor: Db-auto_update.db com.google.android.finsky.bo.ao@9f1d77a[Running, pool size = 0, active threads = 0, queued tasks = 0, completed tasks = 0]
01-21 06:38:27.361: I/Icing(2601): Usage reports ok 0, Failed Usage reports 0, indexed 0, rejected 0, imm upload false
01-21 06:38:27.396: I/PackageManager.DexOptimizer(2067): Running dexopt (dexoptNeeded=1) on: /data/app/com.google.android.gmscore.testing.testsupport-gRFMCa0hY4TS54KNRrCROA==/base.apk pkg=com.google.android.gmscore.testing.testsupport isa=x86 dexoptFlags=boot_complete,profile_guided,public,enable_hidden_api_checks targetFilter=speed-profile oatDir=/data/app/com.google.android.gmscore.testing.testsupport-gRFMCa0hY4TS54KNRrCROA==/oat classLoaderContext=PCL[/system/framework/org.apache.http.legacy.boot.jar]
01-21 06:38:27.407: V/installed(1928): DexInv: --- BEGIN '/data/app/com.google.android.gmscore.testing.testsupport-gRFMCa0hY4TS54KNRrCROA==/base.apk' ---
01-21 06:38:27.435: I/Icing(2601): Usage reports ok 0, Failed Usage reports 0, indexed 0, rejected 0, imm upload false
01-21 06:38:27.473: W/dex2oat(7846): Unexpected CPU variant for X86 using defaults: x86
01-21 06:38:27.474: W/dex2oat(7846): Mismatch between dex2oat instruction set features (ISA: X86 Feature string: -ssse3,-sse4.1,-sse4.2,-avx,-avx2,-popcnt) and those of dex2oat executable (ISA: X86 Feature string: ssse3,-sse4.1,-sse4.2,-avx,-avx2,-popcnt) for the command line:
01-21 06:38:27.474: W/dex2oat(7846): /system/bin/dex2oat --zip-fd=7 --zip-location=base.apk --input-vdex-fd=-1 --output-vdex-fd=9 --oat-fd=8 --oat-location=/data/app/com.google.android.gmscore.testing.testsupport-gRFMCa0hY4TS54KNRrCROA==/oat/x86/base.odex --instruction-set=x86 --instruction-set-variant=x86 --instruction-set-features=default --runtime-arg -Xms64m --runtime-arg -Xmx512m --compiler-filter=speed-profile --swap-fd=10 --app-image-fd=11 --image-format=lz4 --classpath-dir=/data/app/com.google.android.gmscore.testing.testsupport-gRFMCa0hY4TS54KNRrCROA== --class-loader-context=PCL[/system/framework/org.apache.http.legacy.boot.jar] --generate-mini-debug-info --compact-dex-level=none --runtime-arg -Xtarget-sdk-version:25 --runtime-arg -Xhidden-api-checks --compilation-reason=install
01-21 06:38:27.475: I/dex2oat(7846): /system/bin/dex2oat --input-vdex-fd=-1 --output-vdex-fd=9 --compiler-filter=speed-profile --classpath-dir=/data/app/com.google.android.gmscore.testing.testsupport-gRFMCa0hY4TS54KNRrCROA== --class-loader-context=PCL[/system/framework/org.apache.http.legacy.boot.jar] --generate-mini-debug-info --compact-dex-level=none --compilation-reason=install
01-21 06:38:27.479: I/Finsky(5318): [307] com.google.android.finsky.bo.an.run(6): Stats for Executor: Db-user_languages_store com.google.android.finsky.bo.ao@dfc1b2b[Running, pool size = 0, active threads = 0, queued tasks = 0, completed tasks = 1]
01-21 06:38:27.817: I/Remoter(1907): Saved screenshot to '/data/screenshots/__pmv__-0091.jpg'
01-21 06:38:27.972: I/ajmj(2522): Scheduling Phenotype for a PhenotypeSyncImmediately(7, com.google.android.gms.tapandpay) one off with window [1, 2] in seconds [CONTEXT service_id=51 ]
01-21 06:38:27.977: E/NetworkScheduler(2522): Invalid component specified.
01-21 06:38:28.079: I/Finsky(5318): [307] com.google.android.finsky.bo.an.run(6): Stats for Executor: Db-notification_cache com.google.android.finsky.bo.ao@2e0db88[Running, pool size = 1, active threads = 0, queued tasks = 0, completed tasks = 13]
01-21 06:38:28.141: I/Finsky(5318): [307] com.google.android.finsky.bo.an.run(6): Stats for Executor: Db-scheduled_acquisitions.db com.google.android.finsky.bo.ao@fd11921[Running, pool size = 0, active threads = 0, queued tasks = 0, completed tasks = 0]
01-21 06:38:28.416: W/dex2oat(7846): Verification of void com.google.android.gms.common.api.internal.GoogleApiClientImpl.<init>(android.content.Context, java.util.concurrent.locks.Lock, android.os.Looper, com.google.android.gms.common.internal.ClientSettings, com.google.android.gms.common.GoogleApiAvailability, com.google.android.gms.common.api.Api$AbstractClientBuilder, java.util.Map, java.util.List, java.util.List, java.util.Map, int, int, java.util.ArrayList, boolean) took 110.868ms
01-21 06:38:28.487: I/Icing(2601): Indexing com.google.android.gms-apps from com.google.android.gms
01-21 06:38:28.552: I/Icing(2601): Indexing done com.google.android.gms-apps
01-21 06:38:28.785: V/BackupManagerConstants(2067): getFullBackupRequiredNetworkType(...) returns 2
01-21 06:38:28.785: V/BackupManagerConstants(2067): getFullBackupRequireCharging(...) returns true
01-21 06:38:28.915: I/Remoter(1907): Saved screenshot to '/data/screenshots/__pmv__-0092.jpg'
01-21 06:38:29.124: I/dex2oat(7846): Explicit concurrent copying GC freed 11040(1531KB) AllocSpace objects, 0(0B) LOS objects, 99% free, 896B/1536KB, paused 40us total 2.717ms
01-21 06:38:29.212: I/dex2oat(7846): dex2oat took 1.739s (1.131s cpu) (threads: 2) arena alloc=10KB (11224B) java alloc=16KB (17280B) native alloc=4MB (4550848B) free=2MB (2789184B)
01-21 06:38:29.216: V/installed(1928): DexInv: --- END '/data/app/com.google.android.gmscore.testing.testsupport-gRFMCa0hY4TS54KNRrCROA==/base.apk' (success) ---
01-21 06:38:29.216: V/installed(1928): [ 01-21 06:38:29.224  1928: 2123 E/         ]
01-21 06:38:29.216: V/installed(1928): Couldn't opendir /data/app/vmdl1105216103.tmp: No such file or directory
01-21 06:38:29.224: E/installd(1928): Failed to delete /data/app/vmdl1105216103.tmp: No such file or directory
01-21 06:38:29.229: W/BroadcastQueue(2067): Background execution not allowed: receiving Intent { act=android.intent.action.PACKAGE_ADDED dat=package:com.google.android.gmscore.testing.testsupport flg=0x4000010 (has extras) } to com.android.musicfx/.Compatibility$Receiver
01-21 06:38:29.229: W/BroadcastQueue(2067): Background execution not allowed: receiving Intent { act=android.intent.action.PACKAGE_ADDED dat=package:com.google.android.gmscore.testing.testsupport flg=0x4000010 (has extras) } to com.android.vending/com.google.android.finsky.packagemanager.impl.PackageMonitorReceiverImpl$RegisteredReceiver
01-21 06:38:29.229: W/BroadcastQueue(2067): Background execution not allowed: receiving Intent { act=android.intent.action.PACKAGE_ADDED dat=package:com.google.android.gmscore.testing.testsupport flg=0x4000010 (has extras) } to com.google.android.gms/.games.chimera.GamesSystemBroadcastReceiverProxy
01-21 06:38:29.229: W/BroadcastQueue(2067): Background execution not allowed: receiving Intent { act=android.intent.action.PACKAGE_ADDED dat=package:com.google.android.gmscore.testing.testsupport flg=0x4000010 (has extras) } to com.google.android.gms/.gass.chimera.PackageChangeBroadcastReceiver
01-21 06:38:29.229: W/BroadcastQueue(2067): Background execution not allowed: receiving Intent { act=android.intent.action.PACKAGE_ADDED dat=package:com.google.android.gmscore.testing.testsupport flg=0x4000010 (has extras) } to com.google.android.gms/.chimera.GmsIntentOperationService$PersistentTrustedReceiver
01-21 06:38:29.229: W/BroadcastQueue(2067): Background execution not allowed: receiving Intent { act=android.intent.action.PACKAGE_ADDED dat=package:com.google.android.gmscore.testing.testsupport flg=0x4000010 (has extras) } to com.google.android.googlequicksearchbox/com.google.android.apps.gsa.googlequicksearchbox.GelStubAppWatcher
01-21 06:38:29.230: I/Finsky(5318): [2] com.google.android.finsky.packagemanager.impl.PackageMonitorReceiverImpl.a(12): PackageMonitor received: android.intent.action.PACKAGE_ADDED
01-21 06:38:29.231: D/Avrcp(2194): isBrowsableListUpdated: false
01-21 06:38:29.231: D/BluetoothMapAppObserver(2194): onReceive
01-21 06:38:29.231: D/BluetoothMapAppObserver(2194): The installed package is: com.google.android.gmscore.testing.testsupport
01-21 06:38:29.233: I/InputReader(2067): Reconfiguring input devices.  changes=0x00000010
01-21 06:38:29.235: D/BluetoothMapAppObserver(2194): Found 0 application(s) with intent android.bluetooth.action.BLUETOOTH_MAP_PROVIDER
01-21 06:38:29.239: I/Finsky(5318): [2] com.google.android.finsky.wear.eh.a(18): Do not start WearSupportService due to Wear service optimization
01-21 06:38:29.240: D/BluetoothMapAppObserver(2194): Found 0 application(s) with intent android.bluetooth.action.BLUETOOTH_MAP_IM_PROVIDER
01-21 06:38:29.240: V/NewAvrcpMediaPlayerList(2194): mPackageChangedBroadcastReceiver: action: android.intent.action.PACKAGE_ADDED
01-21 06:38:29.240: D/NewAvrcpMediaPlayerList(2194): Name of package changed: com.google.android.gmscore.testing.testsupport
01-21 06:38:29.242: I/Finsky(5318): [2] com.google.android.finsky.wear.eh.a(18): Do not start WearSupportService due to Wear service optimization
01-21 06:38:29.252: I/Telecom(2067): DefaultDialerCache: Refreshing default dialer for user 0: now com.google.android.dialer: DDC.oR@AGI
01-21 06:38:29.256: I/Finsky(5318): [396] com.google.android.finsky.p2p.f.run(3): Wrote row to frosting DB: 137
01-21 06:38:29.261: I/Auth(2601): [SupervisedAccountIntentOperation] onHandleIntent(): android.intent.action.PACKAGE_ADDED
01-21 06:38:29.261: I/Auth(2601): [SupervisedAccountIntentOperation] This operation is disabled
01-21 06:38:29.261: I/ChromeSync(2601): [Sync,SyncIntentOperation] Handling the intent: Intent { act=android.intent.action.PACKAGE_ADDED dat=package:com.google.android.gmscore.testing.testsupport flg=0x4000010 cmp=com.google.android.gms/.chimera.GmsIntentOperationService (has extras) }.
01-21 06:38:29.263: I/ChromeSync(2601): [Persistence,AffiliationManager] No affiliation data for android://7qg--Vdm54zxKo8avkCXCD_7ToNk-gSGsIINmMu_krBTT9yKXmXa5m1MzFNMIqP92nwcLB8-pgfDA4TXFVsmSw==@com.google.android.gmscore.testing.testsupport/. Marking affiliation data as stale...
01-21 06:38:29.266: I/Finsky(5318): [2] com.google.android.finsky.p2p.e.b(20): Frosting ID looked up on UI thread. Caller should move to a background thread.
01-21 06:38:29.266: I/ChromeSync(2601): [Persistence,AffiliationManager] Fetching affiliations from the server.
01-21 06:38:29.275: I/Finsky(5318): [2] com.google.android.finsky.externalreferrer.b.run(6): Package state data is missing for com.google.android.gmscore.testing.testsupport
01-21 06:38:29.293: I/PeopleContactsSync(2601): triggerPendingContactsCleanup: no accounts
01-21 06:38:29.293: D/CarrierSvcBindHelper(2363): No carrier app for: 0
01-21 06:38:29.300: D/CarrierConfigLoader(2363): mHandler: 9 phoneId: 0
01-21 06:38:29.307: D/AutofillUI(2067): destroySaveUiUiThread(): already destroyed
01-21 06:38:29.307: D/AutofillManagerServiceImpl(2067): Set component for user 0 as AutofillServiceInfo[ServiceInfo{53a7f77 com.google.android.gms.autofill.service.AutofillService}, settings:com.google.android.gms.autofill.ui.AutofillSettingsActivity, hasCompatPckgs:false]
01-21 06:38:29.323: I/Icing(2601): IndexChimeraService.getServiceInterface callingPackage=com.google.android.gms componentName=AppsCorpus serviceId=32
01-21 06:38:29.324: I/Icing(2601): IndexChimeraService.getServiceInterface callingPackage=com.google.android.gms componentName=AppsCorpus serviceId=36
01-21 06:38:29.368: I/Icing(2601): Usage reports ok 0, Failed Usage reports 0, indexed 0, rejected 0, imm upload false
01-21 06:38:29.372: I/ActivityManager(2067): Start proc 7858:com.google.android.gmscore.testing.testsupport/u0a94 for service com.google.android.gmscore.testing.testsupport/.CommandService
01-21 06:38:29.373: I/Zygote(7858): seccomp disabled by setenforce 0
01-21 06:38:29.375: W/ing.testsuppor(7858): Unexpected CPU variant for X86 using defaults: x86
01-21 06:38:29.385: I/Icing(2601): Usage reports ok 0, Failed Usage reports 0, indexed 0, rejected 0, imm upload false
01-21 06:38:29.392: I/system_server(2067): Background concurrent copying GC freed 47725(2MB) AllocSpace objects, 19(828KB) LOS objects, 42% free, 11MB/20MB, paused 57us total 173.391ms
01-21 06:38:29.401: I/ing.testsuppor(7858): The ClassLoaderContext is a special shared library.
01-21 06:38:29.405: I/TSDRIVER(7858): CommandService onHandleIntent()
01-21 06:38:29.406: I/TSDRIVER(7858): Got command: PACKAGE
01-21 06:38:29.421: I/TSDRIVER(7858): flag package: Eglnc2VydmljZXMaLAooZmluc2t5LnBsYXlfc2VydmljZXNfYXV0b191cGRhdGVfZW5hYmxlZBgAGjUKMWZpbnNreS5zZXR1cF93aXphcmRfYWRkaXRpb25hbF9hY2NvdW50X3ZwYV9lbmFibGUYAA
01-21 06:38:29.423: I/TSDRIVER(7858): flag package: gservices
01-21 06:38:29.424: E/GooglePlayServicesUtil(7858): The Google Play services resources were not found. Check your project configuration to ensure that the resources are included.
01-21 06:38:29.435: W/Primes(2601): Primes not initialized, returning default (no-op) Primes instance which will ignore all calls. Please call Primes.initialize(...) before using any Primes API.
01-21 06:38:29.461: W/DynamiteModule(2601): Local module descriptor class for com.google.android.gms.googlecertificates not found.
01-21 06:38:29.467: I/DynamiteModule(2601): Considering local module com.google.android.gms.googlecertificates:0 and remote module com.google.android.gms.googlecertificates:4
01-21 06:38:29.467: I/DynamiteModule(2601): Selected remote version of com.google.android.gms.googlecertificates, version >= 4
01-21 06:38:29.516: I/TestSupport(2601): Activated: 1547884800000@1548081507222
01-21 06:38:29.516: I/TestSupport(2601): Boot time: 1548067316484
01-21 06:38:29.517: I/TestSupport(2601): Passing package and signature checks: com.google.android.gmscore.testing.testsupport
01-21 06:38:29.535: I/TestSupport(2601): SetOverrideOperation: finsky.play_services_auto_update_enabled = false
01-21 06:38:29.571: V/SettingsProvider(2067): Notifying for 0: content://settings/global/text_classifier_constants
01-21 06:38:29.577: I/GservicesProvider(2826): override update completed
01-21 06:38:29.611: I/Babel_ConcService(5973): Scheduling delay with GcmNetworkManager of 3599 s for task fuhDB_CLEANUP_14193124_5 and tag :persisted
01-21 06:38:29.612: I/Babel_ConcService(5973): Acquired partial wake lock to keep ConcurrentService alive
01-21 06:38:29.613: I/Babel_ConcService(5973): Released partial wake lock as ConcurrentService became idle
01-21 06:38:29.615: I/Telecom(2067): PhoneAccountRegistrar: SimCallManager queried, returning: null: TSI.gSCM@AGY
01-21 06:38:29.616: I/Babel_telephony(5973): TeleModule.updateConnectionManagerRegistration, registration preference changed from false to false
01-21 06:38:29.616: W/Babel_AcctMgr(5973): gBA: invalid account id: -1
01-21 06:38:29.616: W/Babel_AcctMgr(5973): gBA: invalid account id: -1
01-21 06:38:29.616: I/Babel_telephony(5973): TeleModule.updateIncomingCallRegistration, preferred account for incoming calls changed from: null to null
01-21 06:38:29.710: W/Conscrypt(2522): Could not set socket write timeout: java.net.SocketException: Socket closed
01-21 06:38:29.710: W/Conscrypt(2522): 	at com.google.android.gms.org.conscrypt.Platform.setSocketWriteTimeout(:com.google.android.gms@14367040@14.3.67 (100700-216465562):2)
01-21 06:38:29.710: W/Conscrypt(2522): 	at com.google.android.gms.org.conscrypt.ConscryptFileDescriptorSocket.setSoWriteTimeout(:com.google.android.gms@14367040@14.3.67 (100700-216465562):2)
01-21 06:38:29.713: W/Conscrypt(2522): Could not set socket write timeout: java.net.SocketException: Socket closed
01-21 06:38:29.713: W/Conscrypt(2522): 	at com.google.android.gms.org.conscrypt.Platform.setSocketWriteTimeout(:com.google.android.gms@14367040@14.3.67 (100700-216465562):2)
01-21 06:38:29.713: W/Conscrypt(2522): 	at com.google.android.gms.org.conscrypt.ConscryptFileDescriptorSocket.setSoWriteTimeout(:com.google.android.gms@14367040@14.3.67 (100700-216465562):2)
01-21 06:38:29.719: I/TestSupport(2601): Broadcast sent: finsky.play_services_auto_update_enabled
01-21 06:38:29.722: I/TestSupport(2601): GServices override confirmed: finsky.play_services_auto_update_enabled=false
01-21 06:38:29.734: I/NetRec(2522): [561] agji.b: onConfigChanged()
01-21 06:38:29.735: I/TestSupport(2601): SetOverrideOperation: finsky.setup_wizard_additional_account_vpa_enable = false
01-21 06:38:29.750: I/BgTaskExecutorImpl(2878): Starting NONEXCLUSIVE background task update_gservices_config.
01-21 06:38:29.754: I/GCoreUlr(2522): Starting service, intent=Intent { act=com.google.android.location.reporting.ACTION_UPDATE_WORLD cmp=com.google.android.gms/com.google.android.location.reporting.service.DispatchingService (has extras) }, extras=Bundle[{receiverAction=com.google.gservices.intent.action.GSERVICES_CHANGED}]
01-21 06:38:29.788: W/SearchService(2878): Abort, client detached.
01-21 06:38:29.791: I/GservicesUpdateTask(2878): Updating Gservices keys
01-21 06:38:29.815: I/GCoreUlr(2522): WorldUpdater received intent Intent { act=com.google.android.location.reporting.ACTION_UPDATE_WORLD cmp=com.google.android.gms/com.google.android.location.reporting.service.DispatchingService (has extras) } with receiverAction com.google.gservices.intent.action.GSERVICES_CHANGED
01-21 06:38:29.846: I/GeofencerStateMachine(2522): sendQueryLocationOptIn
01-21 06:38:29.890: I/chatty(2522): uid=10017 com.google.android.gms.persistent identical 5 lines
01-21 06:38:29.897: I/GeofencerStateMachine(2522): sendQueryLocationOptIn
01-21 06:38:29.908: E/NetworkScheduler(2522): Invalid component specified.
01-21 06:38:29.941: W/ActivityManager(2067): Unable to start service Intent { cmp=com.google.android.gms/.analytics.service.RefreshEnabledStateService } U=0: not found
01-21 06:38:29.959: I/RecoverableKeyStoreGms(2601): [RecoverableKeyStoreGmsInitOperation] Initializing auth_folsom
01-21 06:38:29.959: I/RecoverableKeyStoreGms(2601): [RecoverableKeyStoreGmsInitOperation] com.google.android.gms.auth.folsom.service.FolsomPublicKeyUpdateService is already enabled. Ignore.
01-21 06:38:29.961: I/RecoverableKeyStoreGms(2601): [RecoverableKeyStoreGmsInitOperation] com.google.android.gms.auth.folsom.service.GcmReceiverService is already enabled. Ignore.
01-21 06:38:29.963: V/RecoverableKeyStoreMgr(2067): Not updating secret types - same as old value.
01-21 06:38:29.963: I/RecoverableKeyStoreGms(2601): [VaultHandleHelper] Building vaultHandle(version=1, instanceId=eN_Bwf2PdFs, deviceId=4350142006389624697)
01-21 06:38:29.964: I/RecoverableKeyStoreGms(2601): [RecoverableKeyStoreGmsInitOperation] Setting vault handle
01-21 06:38:29.965: V/RecoverableKeyStoreMgr(2067): Not updating server params - same as old value.
01-21 06:38:29.967: W/ChimeraUtils(2601): Non Chimera context
01-21 06:38:29.967: W/ChimeraUtils(2601): Non Chimera context
01-21 06:38:29.971: D/CAR.SETUP(2601): Received GService flag change intent.
01-21 06:38:29.974: D/CAR.SETUP(2601): update DrivingMode components to false
01-21 06:38:29.976: I/ChromeSync(2601): [Sync,SyncIntentOperation] Handling the intent: Intent { act=com.google.gservices.intent.action.GSERVICES_CHANGED flg=0x1000010 cmp=com.google.android.gms/.chimera.GmsIntentOperationService$PersistentInternalReceiver }.
01-21 06:38:29.981: I/RecoverableKeyStoreGms(2601): [EnrollmentManager] Returning certificates list from cache
01-21 06:38:29.992: I/GCoreUlr(2522): WorldUpdater:com.google.gservices.intent.action.GSERVICES_CHANGED: Ensuring that reporting is stopped because of reasons: (no Google accounts)
01-21 06:38:30.003: I/GservicesProvider(2826): override update completed
01-21 06:38:30.035: E/NetworkScheduler(2522): Invalid component specified.
01-21 06:38:30.042: I/Telecom(2067): PhoneAccountRegistrar: SimCallManager queried, returning: null: TSI.gSCM@AGg
01-21 06:38:30.042: I/Babel_telephony(5973): TeleModule.updateConnectionManagerRegistration, registration preference changed from false to false
01-21 06:38:30.042: W/Babel_AcctMgr(5973): gBA: invalid account id: -1
01-21 06:38:30.042: W/Babel_AcctMgr(5973): gBA: invalid account id: -1
01-21 06:38:30.042: I/Babel_telephony(5973): TeleModule.updateIncomingCallRegistration, preferred account for incoming calls changed from: null to null
01-21 06:38:30.048: I/Babel_ConcService(5973): Acquired partial wake lock to keep ConcurrentService alive
01-21 06:38:30.050: I/Babel_ConcService(5973): Released partial wake lock as ConcurrentService became idle
01-21 06:38:30.067: I/Remoter(1907): Saved screenshot to '/data/screenshots/__pmv__-0093.jpg'
01-21 06:38:30.067: I/GCoreUlr(2522): Unbound from all signal providers.
01-21 06:38:30.124: I/RecoverableKeyStoreMgr(2067): The cert file serial number is the same, so skip updating.
01-21 06:38:30.124: I/RecoverableKeyStoreGms(2601): [EnrollmentManager] Recovery service is initialized.
01-21 06:38:30.126: I/RecoverySnapshotLstnrs(2067): Registered listener for agent with uid 10017
01-21 06:38:30.158: I/MobileDataHub(2601): Scheduling periodic tasks
01-21 06:38:30.159: W/MobileDataHub(2601): [Service] appsupload-periodic periodic task disabled
01-21 06:38:30.180: I/GCoreUlr(2522): Unbound from all signal providers.
01-21 06:38:30.180: I/GCoreUlr(2522): Stopping handler for UlrDispSvcFast
01-21 06:38:30.200: I/MS_Utils(2601): version of com.google.android.apps.maps = 977500040
01-21 06:38:30.367: I/SystemUpdate(2601): [Installation,ReceiverIntentOperation] Received intent: Intent { act=com.google.gservices.intent.action.GSERVICES_CHANGED flg=0x1000010 cmp=com.google.android.gms/.chimera.GmsIntentOperationService$PersistentInternalReceiver }.
01-21 06:38:30.390: I/OcrModelUpStIntentOp(2601): Updating ocr activity enabled=true (phenotypeFlag=true, lowRamDevice=false, prereqCheck=true)
01-21 06:38:30.482: I/Icing(2601): Indexing com.google.android.gms-apps from com.google.android.gms
01-21 06:38:30.484: I/Icing(2601): Indexing done com.google.android.gms-apps
01-21 06:38:30.558: I/d.process.acor(7783): Waiting for a blocking GC ProfileSaver
01-21 06:38:30.615: I/d.process.acor(7783): WaitForGcToComplete blocked ProfileSaver on HeapTrim for 57.166ms
01-21 06:38:30.723: I/TestSupport(2601): Broadcast sent: finsky.setup_wizard_additional_account_vpa_enable
01-21 06:38:30.732: I/TestSupport(2601): GServices override confirmed: finsky.setup_wizard_additional_account_vpa_enable=false
01-21 06:38:30.733: I/TSDRIVER(7858): Handled command: PACKAGE
01-21 06:38:30.785: I/SystemUpdate(2601): [Execution,InstallationEventIntentOperation] Handling event of type 2.
01-21 06:38:30.859: I/SystemUpdate(2601): [Execution,InstallationIntentOperation] Received intent: Intent { act=com.google.android.gms.update.INSTALL_UPDATE cat=[targeted_intent_op_prefix:.update.execution.InstallationIntentOperation] cmp=com.google.android.gms/.chimera.GmsIntentOperationService }.
01-21 06:38:30.859: I/SystemUpdate(2601): [Execution,ExecutionManager] Action finished-execution executed for 0.00 seconds.
01-21 06:38:30.963: I/NetRec(2522): [560] agji.b: onConfigChanged()
01-21 06:38:30.967: I/BgTaskExecutorImpl(2878): Starting NONEXCLUSIVE background task update_gservices_config.
01-21 06:38:30.969: W/SearchService(2878): Abort, client detached.
01-21 06:38:30.971: I/GservicesUpdateTask(2878): Updating Gservices keys
01-21 06:38:31.008: I/GCoreUlr(2522): Starting service, intent=Intent { act=com.google.android.location.reporting.ACTION_UPDATE_WORLD cmp=com.google.android.gms/com.google.android.location.reporting.service.DispatchingService (has extras) }, extras=Bundle[{receiverAction=com.google.gservices.intent.action.GSERVICES_CHANGED}]
01-21 06:38:31.092: I/TSDRIVER(7858): CommandService onHandleIntent()
01-21 06:38:31.092: I/TSDRIVER(7858): Got command: PACKAGE
01-21 06:38:31.093: I/TSDRIVER(7858): flag package: Eitjb20uZ29vZ2xlLmFuZHJvaWQuZ21zLmF1dGguYXBpLmNyZWRlbnRpYWxzGh4KGlNhdmVTdHJhdGVneV9fZW5hYmxlU2F2aW5nGAA
01-21 06:38:31.093: I/TSDRIVER(7858): flag package: com.google.android.gms.auth.api.credentials
01-21 06:38:31.095: I/TestSupport(2601): SetOverrideOperation: gms:phenotype:phenotype_flag:debug_bypass_phenotype = false
01-21 06:38:31.103: I/GeofencerStateMachine(2522): sendQueryLocationOptIn
01-21 06:38:31.129: I/chatty(2522): uid=10017 com.google.android.gms.persistent identical 5 lines
01-21 06:38:31.131: I/GeofencerStateMachine(2522): sendQueryLocationOptIn
01-21 06:38:31.153: E/NetworkScheduler(2522): Invalid component specified.
01-21 06:38:31.154: I/GCoreUlr(2522): WorldUpdater received intent Intent { act=com.google.android.location.reporting.ACTION_UPDATE_WORLD cmp=com.google.android.gms/com.google.android.location.reporting.service.DispatchingService (has extras) } with receiverAction com.google.gservices.intent.action.GSERVICES_CHANGED
01-21 06:38:31.190: E/NetworkScheduler(2522): Invalid component specified.
01-21 06:38:31.198: I/Remoter(1907): Saved screenshot to '/data/screenshots/__pmv__-0094.jpg'
01-21 06:38:31.196: I/chatty(2522): uid=10017(com.google.android.gms) lowpool[19] identical 5 lines
01-21 06:38:31.197: E/NetworkScheduler(2522): Invalid component specified.
01-21 06:38:31.225: I/GservicesProvider(2826): override update completed
01-21 06:38:31.251: I/Telecom(2067): PhoneAccountRegistrar: SimCallManager queried, returning: null: TSI.gSCM@AGo
01-21 06:38:31.253: I/Babel_telephony(5973): TeleModule.updateConnectionManagerRegistration, registration preference changed from false to false
01-21 06:38:31.253: W/Babel_AcctMgr(5973): gBA: invalid account id: -1
01-21 06:38:31.253: W/Babel_AcctMgr(5973): gBA: invalid account id: -1
01-21 06:38:31.253: I/Babel_telephony(5973): TeleModule.updateIncomingCallRegistration, preferred account for incoming calls changed from: null to null
01-21 06:38:31.259: I/Babel_ConcService(5973): Acquired partial wake lock to keep ConcurrentService alive
01-21 06:38:31.261: I/Babel_ConcService(5973): Released partial wake lock as ConcurrentService became idle
01-21 06:38:31.267: E/NetworkScheduler(2522): Invalid component specified.
01-21 06:38:31.282: I/GCoreUlr(2522): WorldUpdater:com.google.gservices.intent.action.GSERVICES_CHANGED: Ensuring that reporting is stopped because of reasons: (no Google accounts)
01-21 06:38:31.297: I/OcrModelUpStIntentOp(2601): Downloading text recognizer
01-21 06:38:31.306: I/GCoreUlr(2522): Unbound from all signal providers.
01-21 06:38:31.330: I/GCoreUlr(2522): Unbound from all signal providers.
01-21 06:38:31.330: I/GCoreUlr(2522): Stopping handler for UlrDispSvcFast
01-21 06:38:31.370: I/GCoreUlr(2522): DispatchingService ignoring Intent { act=android.net.wifi.WIFI_STATE_CHANGED flg=0x4000010 (has extras) } because ULR inactive
01-21 06:38:31.379: W/ActivityManager(2067): Unable to start service Intent { cmp=com.google.android.gms/.analytics.service.RefreshEnabledStateService } U=0: not found
01-21 06:38:31.399: I/RecoverableKeyStoreGms(2601): [RecoverableKeyStoreGmsInitOperation] Initializing auth_folsom
01-21 06:38:31.400: I/RecoverableKeyStoreGms(2601): [RecoverableKeyStoreGmsInitOperation] com.google.android.gms.auth.folsom.service.FolsomPublicKeyUpdateService is already enabled. Ignore.
01-21 06:38:31.403: I/RecoverableKeyStoreGms(2601): [RecoverableKeyStoreGmsInitOperation] com.google.android.gms.auth.folsom.service.GcmReceiverService is already enabled. Ignore.
01-21 06:38:31.406: V/RecoverableKeyStoreMgr(2067): Not updating secret types - same as old value.
01-21 06:38:31.406: I/RecoverableKeyStoreGms(2601): [VaultHandleHelper] Building vaultHandle(version=1, instanceId=eN_Bwf2PdFs, deviceId=4350142006389624697)
01-21 06:38:31.407: I/RecoverableKeyStoreGms(2601): [RecoverableKeyStoreGmsInitOperation] Setting vault handle
01-21 06:38:31.411: V/RecoverableKeyStoreMgr(2067): Not updating server params - same as old value.
01-21 06:38:31.418: W/ChimeraUtils(2601): Non Chimera context
01-21 06:38:31.418: W/ChimeraUtils(2601): Non Chimera context
01-21 06:38:31.423: I/RecoverableKeyStoreGms(2601): [EnrollmentManager] Returning certificates list from cache
01-21 06:38:31.424: I/TestSupport(2601): Broadcast sent: gms:phenotype:phenotype_flag:debug_bypass_phenotype
01-21 06:38:31.424: I/TestSupport(2601): GServices override confirmed: gms:phenotype:phenotype_flag:debug_bypass_phenotype=false
01-21 06:38:31.429: I/TestSupport(2601): SetFlagOverridesOperation: com.google.android.gms.auth.api.credentials, '', [Flag(SaveStrategy__enableSaving, false, 2, 0)]
01-21 06:38:31.452: D/CAR.SETUP(2601): Received GService flag change intent.
01-21 06:38:31.459: D/CAR.SETUP(2601): update DrivingMode components to false
01-21 06:38:31.473: I/ChromeSync(2601): [Sync,SyncIntentOperation] Handling the intent: Intent { act=com.google.gservices.intent.action.GSERVICES_CHANGED flg=0x1000010 cmp=com.google.android.gms/.chimera.GmsIntentOperationService$PersistentInternalReceiver }.
01-21 06:38:31.509: I/NetRec(2522): [560] agji.b: onConfigChanged()
01-21 06:38:31.514: I/GCoreUlr(2522): Starting service, intent=Intent { act=com.google.android.location.reporting.ACTION_UPDATE_WORLD cmp=com.google.android.gms/com.google.android.location.reporting.service.DispatchingService (has extras) }, extras=Bundle[{receiverAction=com.google.gservices.intent.action.GSERVICES_CHANGED}]
01-21 06:38:31.545: I/BgTaskExecutorImpl(2878): Starting NONEXCLUSIVE background task update_gservices_config.
01-21 06:38:31.550: W/SearchService(2878): Abort, client detached.
01-21 06:38:31.551: I/GservicesUpdateTask(2878): Updating Gservices keys
01-21 06:38:31.590: I/RecoverableKeyStoreMgr(2067): The cert file serial number is the same, so skip updating.
01-21 06:38:31.590: I/RecoverableKeyStoreGms(2601): [EnrollmentManager] Recovery service is initialized.
