01-21 06:38:09.855: I/Remoter(1907): Saved screenshot to '/data/screenshots/__pmv__-0074.jpg'
01-21 06:38:10.767: V/SettingsProvider(2067): Notifying for 0: content://settings/global/device_is_dirty
01-21 06:38:10.877: I/Remoter(1907): Saved screenshot to '/data/screenshots/__pmv__-0075.jpg'
01-21 06:38:11.899: I/Remoter(1907): Saved screenshot to '/data/screenshots/__pmv__-0076.jpg'
01-21 06:38:12.921: I/Remoter(1907): Saved screenshot to '/data/screenshots/__pmv__-0077.jpg'
01-21 06:38:13.408: I/Zygote(7352): seccomp disabled by setenforce 0
01-21 06:38:13.410: W/id.defcontaine(7352): Unexpected CPU variant for X86 using defaults: x86
01-21 06:38:13.411: I/ActivityManager(2067): Start proc 7352:com.android.defcontainer/u0a18 for service com.android.defcontainer/.DefaultContainerService
01-21 06:38:13.438: I/id.defcontaine(7352): The ClassLoaderContext is a special shared library.
01-21 06:38:13.456: I/Finsky(5318): [2] com.google.android.finsky.verifier.impl.PackageVerificationReceiver.a(9): Verification requested, id = 1
01-21 06:38:13.460: W/Finsky(5318): [2] com.google.android.finsky.analytics.ao.a(40): Null bundle, which breaks event chain!. Creating a new logging context.
01-21 06:38:13.468: I/Finsky(5318): [393] com.google.android.finsky.verifier.impl.ew.a(84): Skipping verification. Disabled by user setting
01-21 06:38:13.468: I/Finsky(5318): [393] com.google.android.finsky.verifier.impl.ew.a(45): Skipping anti malware verification due to pre-check failure
01-21 06:38:13.469: I/Finsky(5318): [2] com.google.android.finsky.verifier.impl.go.c(164): Verifying id=1, result=1
01-21 06:38:13.472: I/Finsky(5318): [2] com.google.android.finsky.verifier.impl.go.c(179): Verification complete: id=1, package_name=com.google.android.apps.mtaas.tools
01-21 06:38:13.502: I/PackageManager.DexOptimizer(2067): Running dexopt (dexoptNeeded=1) on: /data/app/com.google.android.apps.mtaas.tools-q-nzblSEsBy9AdLHpcKBFA==/base.apk pkg=com.google.android.apps.mtaas.tools isa=x86 dexoptFlags=boot_complete,profile_guided,public,enable_hidden_api_checks targetFilter=speed-profile oatDir=/data/app/com.google.android.apps.mtaas.tools-q-nzblSEsBy9AdLHpcKBFA==/oat classLoaderContext=PCL[/system/framework/org.apache.http.legacy.boot.jar]
01-21 06:38:13.502: V/installed(1928): DexInv: --- BEGIN '/data/app/com.google.android.apps.mtaas.tools-q-nzblSEsBy9AdLHpcKBFA==/base.apk' ---
01-21 06:38:13.517: I/Finsky(5318): [307] com.google.android.finsky.bo.an.run(6): Stats for Executor: Db-scheduled_acquisitions.db com.google.android.finsky.bo.ao@f66c4a3[Running, pool size = 0, active threads = 0, queued tasks = 0, completed tasks = 2]
01-21 06:38:13.519: W/dex2oat(7372): Unexpected CPU variant for X86 using defaults: x86
01-21 06:38:13.519: W/dex2oat(7372): Mismatch between dex2oat instruction set features (ISA: X86 Feature string: -ssse3,-sse4.1,-sse4.2,-avx,-avx2,-popcnt) and those of dex2oat executable (ISA: X86 Feature string: ssse3,-sse4.1,-sse4.2,-avx,-avx2,-popcnt) for the command line:
01-21 06:38:13.519: W/dex2oat(7372): /system/bin/dex2oat --zip-fd=7 --zip-location=base.apk --input-vdex-fd=-1 --output-vdex-fd=9 --oat-fd=8 --oat-location=/data/app/com.google.android.apps.mtaas.tools-q-nzblSEsBy9AdLHpcKBFA==/oat/x86/base.odex --instruction-set=x86 --instruction-set-variant=x86 --instruction-set-features=default --runtime-arg -Xms64m --runtime-arg -Xmx512m --compiler-filter=speed-profile --swap-fd=10 --app-image-fd=11 --image-format=lz4 --classpath-dir=/data/app/com.google.android.apps.mtaas.tools-q-nzblSEsBy9AdLHpcKBFA== --class-loader-context=PCL[/system/framework/org.apache.http.legacy.boot.jar] --generate-mini-debug-info --compact-dex-level=none --runtime-arg -Xtarget-sdk-version:19 --runtime-arg -Xhidden-api-checks --compilation-reason=install
01-21 06:38:13.519: I/dex2oat(7372): /system/bin/dex2oat --input-vdex-fd=-1 --output-vdex-fd=9 --compiler-filter=speed-profile --classpath-dir=/data/app/com.google.android.apps.mtaas.tools-q-nzblSEsBy9AdLHpcKBFA== --class-loader-context=PCL[/system/framework/org.apache.http.legacy.boot.jar] --generate-mini-debug-info --compact-dex-level=none --compilation-reason=install
01-21 06:38:13.665: W/dex2oat(7372): Accessing hidden method Landroid/app/IActivityManager;->clearApplicationUserData(Ljava/lang/String;ZLandroid/content/pm/IPackageDataObserver;I)Z (dark greylist, linking)
01-21 06:38:13.665: W/dex2oat(7372): Accessing hidden method Landroid/content/pm/IPackageManager;->deletePackageAsUser(Ljava/lang/String;ILandroid/content/pm/IPackageDeleteObserver;II)V (dark greylist, linking)
01-21 06:38:13.666: W/dex2oat(7372): Accessing hidden method Landroid/content/IContentProvider;->query(Ljava/lang/String;Landroid/net/Uri;[Ljava/lang/String;Landroid/os/Bundle;Landroid/os/ICancellationSignal;)Landroid/database/Cursor; (dark greylist, linking)
01-21 06:38:13.899: W/dex2oat(7372): Accessing hidden method Landroid/app/IActivityManager;->clearApplicationUserData(Ljava/lang/String;ZLandroid/content/pm/IPackageDataObserver;I)Z (dark greylist, linking)
01-21 06:38:13.899: W/dex2oat(7372): Accessing hidden method Landroid/content/IContentProvider;->query(Ljava/lang/String;Landroid/net/Uri;[Ljava/lang/String;Landroid/os/Bundle;Landroid/os/ICancellationSignal;)Landroid/database/Cursor; (dark greylist, linking)
01-21 06:38:13.899: W/dex2oat(7372): Accessing hidden method Landroid/content/pm/IPackageManager;->deletePackageAsUser(Ljava/lang/String;ILandroid/content/pm/IPackageDeleteObserver;II)V (dark greylist, linking)
01-21 06:38:13.902: W/dex2oat(7372): Accessing hidden field Landroid/content/pm/IPackageStatsObserver$Stub;->DESCRIPTOR:Ljava/lang/String; (dark greylist, linking)
01-21 06:38:13.902: W/dex2oat(7372): Accessing hidden field Landroid/content/pm/IPackageStatsObserver$Stub;->TRANSACTION_onGetStatsCompleted:I (dark greylist, linking)
01-21 06:38:13.920: I/dex2oat(7372): Explicit concurrent copying GC freed 11818(1371KB) AllocSpace objects, 0(0B) LOS objects, 99% free, 896B/1536KB, paused 165us total 3.030ms
01-21 06:38:13.956: I/Remoter(1907): Saved screenshot to '/data/screenshots/__pmv__-0078.jpg'
01-21 06:38:14.000: I/dex2oat(7372): dex2oat took 483.888ms (679.221ms cpu) (threads: 2) arena alloc=792B (792B) java alloc=16KB (17280B) native alloc=3MB (3608584B) free=2MB (2158584B)
01-21 06:38:14.004: V/installed(1928): DexInv: --- END '/data/app/com.google.android.apps.mtaas.tools-q-nzblSEsBy9AdLHpcKBFA==/base.apk' (success) ---
01-21 06:38:14.005: V/BackupManagerService(2067): restoreAtInstall pkg=com.google.android.apps.mtaas.tools token=2 restoreSet=0
01-21 06:38:14.005: V/BackupManagerService(2067): Finishing install immediately
01-21 06:38:14.008: I/ActivityManager(2067): Killing 6020:com.google.android.youtube/u0a57 (adj 906): empty for 10456s
01-21 06:38:14.011: W/libprocessgroup(2067): kill(-6020, 9) failed: No such process
01-21 06:38:14.011: W/libprocessgroup(2067): [ 01-21 06:38:14.020  1928: 2123 E/         ]
01-21 06:38:14.011: W/libprocessgroup(2067): Couldn't opendir /data/app/vmdl819439222.tmp: No such file or directory
01-21 06:38:14.020: E/installd(1928): Failed to delete /data/app/vmdl819439222.tmp: No such file or directory
01-21 06:38:14.028: W/BroadcastQueue(2067): Background execution not allowed: receiving Intent { act=android.intent.action.PACKAGE_ADDED dat=package:com.google.android.apps.mtaas.tools flg=0x4000010 (has extras) } to com.android.musicfx/.Compatibility$Receiver
01-21 06:38:14.028: W/BroadcastQueue(2067): Background execution not allowed: receiving Intent { act=android.intent.action.PACKAGE_ADDED dat=package:com.google.android.apps.mtaas.tools flg=0x4000010 (has extras) } to com.android.vending/com.google.android.finsky.packagemanager.impl.PackageMonitorReceiverImpl$RegisteredReceiver
01-21 06:38:14.028: W/BroadcastQueue(2067): Background execution not allowed: receiving Intent { act=android.intent.action.PACKAGE_ADDED dat=package:com.google.android.apps.mtaas.tools flg=0x4000010 (has extras) } to com.google.android.gms/.games.chimera.GamesSystemBroadcastReceiverProxy
01-21 06:38:14.028: W/BroadcastQueue(2067): Background execution not allowed: receiving Intent { act=android.intent.action.PACKAGE_ADDED dat=package:com.google.android.apps.mtaas.tools flg=0x4000010 (has extras) } to com.google.android.gms/.gass.chimera.PackageChangeBroadcastReceiver
01-21 06:38:14.028: W/BroadcastQueue(2067): Background execution not allowed: receiving Intent { act=android.intent.action.PACKAGE_ADDED dat=package:com.google.android.apps.mtaas.tools flg=0x4000010 (has extras) } to com.google.android.gms/.chimera.GmsIntentOperationService$PersistentTrustedReceiver
01-21 06:38:14.028: W/BroadcastQueue(2067): Background execution not allowed: receiving Intent { act=android.intent.action.PACKAGE_ADDED dat=package:com.google.android.apps.mtaas.tools flg=0x4000010 (has extras) } to com.google.android.googlequicksearchbox/com.google.android.apps.gsa.googlequicksearchbox.GelStubAppWatcher
01-21 06:38:14.029: I/Finsky(5318): [2] com.google.android.finsky.packagemanager.impl.PackageMonitorReceiverImpl.a(12): PackageMonitor received: android.intent.action.PACKAGE_ADDED
01-21 06:38:14.030: I/Finsky(5318): [2] com.google.android.finsky.wear.eh.a(18): Do not start WearSupportService due to Wear service optimization
01-21 06:38:14.033: I/Finsky(5318): [2] com.google.android.finsky.wear.eh.a(18): Do not start WearSupportService due to Wear service optimization
01-21 06:38:14.034: D/Avrcp(2194): isBrowsableListUpdated: false
01-21 06:38:14.034: D/BluetoothMapAppObserver(2194): onReceive
01-21 06:38:14.034: D/BluetoothMapAppObserver(2194): The installed package is: com.google.android.apps.mtaas.tools
01-21 06:38:14.038: D/BluetoothMapAppObserver(2194): Found 0 application(s) with intent android.bluetooth.action.BLUETOOTH_MAP_PROVIDER
01-21 06:38:14.039: D/BluetoothMapAppObserver(2194): Found 0 application(s) with intent android.bluetooth.action.BLUETOOTH_MAP_IM_PROVIDER
01-21 06:38:14.039: V/NewAvrcpMediaPlayerList(2194): mPackageChangedBroadcastReceiver: action: android.intent.action.PACKAGE_ADDED
01-21 06:38:14.039: D/NewAvrcpMediaPlayerList(2194): Name of package changed: com.google.android.apps.mtaas.tools
01-21 06:38:14.045: I/Finsky(5318): [2] com.google.android.finsky.p2p.e.b(20): Frosting ID looked up on UI thread. Caller should move to a background thread.
01-21 06:38:14.052: D/CarrierSvcBindHelper(2363): No carrier app for: 0
01-21 06:38:14.055: I/Zygote(1903): Process 6020 exited due to signal (9)
01-21 06:38:14.056: D/ConnectivityService(2067): ConnectivityService NetworkRequestInfo binderDied(NetworkRequest [ LISTEN id=18, [ Capabilities: INTERNET&NOT_RESTRICTED&TRUSTED Unwanted:  Uid: 10057] ], android.os.BinderProxy@10abea9)
01-21 06:38:14.057: W/libprocessgroup(2067): kill(-6020, 9) failed: No such process
01-21 06:38:14.057: I/libprocessgroup(2067): Successfully killed process cgroup uid 10057 pid 6020 in 46ms
01-21 06:38:14.062: I/Finsky(5318): [2] com.google.android.finsky.externalreferrer.b.run(6): Package state data is missing for com.google.android.apps.mtaas.tools
01-21 06:38:14.063: D/CarrierConfigLoader(2363): mHandler: 9 phoneId: 0
01-21 06:38:14.063: I/Finsky(5318): [396] com.google.android.finsky.p2p.f.run(3): Wrote row to frosting DB: 126
01-21 06:38:14.077: I/InputReader(2067): Reconfiguring input devices.  changes=0x00000010
01-21 06:38:14.116: I/Auth(2601): [SupervisedAccountIntentOperation] onHandleIntent(): android.intent.action.PACKAGE_ADDED
01-21 06:38:14.116: I/Auth(2601): [SupervisedAccountIntentOperation] This operation is disabled
01-21 06:38:14.117: I/ChromeSync(2601): [Sync,SyncIntentOperation] Handling the intent: Intent { act=android.intent.action.PACKAGE_ADDED dat=package:com.google.android.apps.mtaas.tools flg=0x4000010 cmp=com.google.android.gms/.chimera.GmsIntentOperationService (has extras) }.
01-21 06:38:14.119: I/Finsky(5318): [2] com.google.android.finsky.scheduler.bp.b(89): Jobs in database: 1-1337 3-1 4-821848295 12-1 20-23232323 24-77777777 26-1414141414 
01-21 06:38:14.120: I/Finsky(5318): [2] com.google.android.finsky.scheduler.k.a(69): ConstraintMapping: 24-77777777,  -> L: 0ms, D: 68773965ms, C: false, I: true, N: 0
01-21 06:38:14.121: I/Finsky(5318): [2] com.google.android.finsky.scheduler.k.a(69): ConstraintMapping: 1-1337, 12-1,  -> L: 14933ms, D: 65798760ms, C: false, I: false, N: 1
01-21 06:38:14.123: I/Finsky(5318): [2] com.google.android.finsky.scheduler.k.a(69): ConstraintMapping: 3-1, 4-821848295, 20-23232323,  -> L: 0ms, D: 68773865ms, C: true, I: false, N: 2
01-21 06:38:14.123: I/Finsky(5318): [2] com.google.android.finsky.scheduler.k.a(69): ConstraintMapping: 26-1414141414,  -> L: 29112270ms, D: 30012270ms, C: false, I: false, N: 0
01-21 06:38:14.124: I/Finsky(5318): [2] com.google.android.finsky.scheduler.JobSchedulerEngine.a(109): Cancelling existing job with id: 9006
01-21 06:38:14.125: I/Finsky(5318): [2] com.google.android.finsky.scheduler.JobSchedulerEngine.a(109): Cancelling existing job with id: 9005
01-21 06:38:14.126: I/Finsky(5318): [2] com.google.android.finsky.scheduler.JobSchedulerEngine.a(109): Cancelling existing job with id: 9000
01-21 06:38:14.127: I/Finsky(5318): [2] com.google.android.finsky.scheduler.JobSchedulerEngine.a(109): Cancelling existing job with id: 9007
01-21 06:38:14.128: I/Finsky(5318): [2] com.google.android.finsky.scheduler.JobSchedulerEngine.a(48): Scheduling job Id: 9001, L: 0, D: 68773965, C: false, I: true, N: 0
01-21 06:38:14.128: I/FontsPackageChangeOp(2601): Package com.google.android.apps.mtaas.tools has no metadata
01-21 06:38:14.129: I/Finsky(5318): [2] com.google.android.finsky.scheduler.JobSchedulerEngine.a(48): Scheduling job Id: 9002, L: 14933, D: 65798760, C: false, I: false, N: 1
01-21 06:38:14.130: I/Finsky(5318): [2] com.google.android.finsky.scheduler.JobSchedulerEngine.a(48): Scheduling job Id: 9003, L: 0, D: 68773865, C: true, I: false, N: 2
01-21 06:38:14.131: I/Finsky(5318): [2] com.google.android.finsky.scheduler.JobSchedulerEngine.a(48): Scheduling job Id: 9004, L: 29112270, D: 30012270, C: false, I: false, N: 0
01-21 06:38:14.140: I/Telecom(2067): DefaultDialerCache: Refreshing default dialer for user 0: now com.google.android.dialer: DDC.oR@ADk
01-21 06:38:14.142: V/BackupManagerConstants(2067): getFullBackupIntervalMilliseconds(...) returns 86400000
01-21 06:38:14.148: I/system_server(2067): Background concurrent copying GC freed 84700(3MB) AllocSpace objects, 43(1748KB) LOS objects, 42% free, 11MB/19MB, paused 75us total 115.644ms
01-21 06:38:14.151: I/ChromeSync(2601): [Persistence,AffiliationManager] No affiliation data for android://N50vJU0zrJ8WOzDt6r3GDtfqrkROFOSiqHcmppwn3vxaRC4hFpNn4UsL7XlvjtlfcWuDAQhmck0qjQPwsrpMNg==@com.google.android.apps.mtaas.tools/. Marking affiliation data as stale...
01-21 06:38:14.153: I/ChromeSync(2601): [Persistence,AffiliationManager] Fetching affiliations from the server.
01-21 06:38:14.159: I/PeopleContactsSync(2601): triggerPendingContactsCleanup: no accounts
01-21 06:38:14.199: I/IcingNotification(2202): Received intent: Intent { act=com.google.android.gms.icing.IME_NOTIFICATION flg=0x10 pkg=com.google.android.inputmethod.latin (has extras) }
01-21 06:38:14.211: D/AutofillUI(2067): destroySaveUiUiThread(): already destroyed
01-21 06:38:14.211: D/AutofillManagerServiceImpl(2067): Set component for user 0 as AutofillServiceInfo[ServiceInfo{f97de84 com.google.android.gms.autofill.service.AutofillService}, settings:com.google.android.gms.autofill.ui.AutofillSettingsActivity, hasCompatPckgs:false]
01-21 06:38:14.249: I/Icing(2601): IndexChimeraService.getServiceInterface callingPackage=com.google.android.gms componentName=AppsCorpus serviceId=32
01-21 06:38:14.251: I/Icing(2601): IndexChimeraService.getServiceInterface callingPackage=com.google.android.gms componentName=AppsCorpus serviceId=36
01-21 06:38:14.255: W/Conscrypt(2601): Could not set socket write timeout: java.net.SocketException: Socket closed
01-21 06:38:14.255: W/Conscrypt(2601): 	at com.google.android.gms.org.conscrypt.Platform.setSocketWriteTimeout(:com.google.android.gms@14367040@14.3.67 (100700-216465562):2)
01-21 06:38:14.255: W/Conscrypt(2601): 	at com.google.android.gms.org.conscrypt.ConscryptFileDescriptorSocket.setSoWriteTimeout(:com.google.android.gms@14367040@14.3.67 (100700-216465562):2)
01-21 06:38:14.276: I/Icing(2601): Usage reports ok 0, Failed Usage reports 0, indexed 0, rejected 0, imm upload false
01-21 06:38:14.286: W/Conscrypt(2601): Could not set socket write timeout: java.net.SocketException: Socket closed
01-21 06:38:14.286: W/Conscrypt(2601): 	at com.google.android.gms.org.conscrypt.Platform.setSocketWriteTimeout(:com.google.android.gms@14367040@14.3.67 (100700-216465562):2)
01-21 06:38:14.286: W/Conscrypt(2601): 	at com.google.android.gms.org.conscrypt.ConscryptFileDescriptorSocket.setSoWriteTimeout(:com.google.android.gms@14367040@14.3.67 (100700-216465562):2)
01-21 06:38:14.288: I/Icing(2601): Usage reports ok 0, Failed Usage reports 0, indexed 0, rejected 0, imm upload false
01-21 06:38:14.332: I/GrowthService(2601): Growth server: growth-pa.googleapis.com:443
01-21 06:38:14.344: E/bslv(2601): *~*~*~ Channel {0} was not shutdown properly!!! ~*~*~*
01-21 06:38:14.344: E/bslv(2601):     Make sure to call shutdown()/shutdownNow() and wait until awaitTermination() returns true.
01-21 06:38:14.344: E/bslv(2601): java.lang.RuntimeException: ManagedChannel allocation site
01-21 06:38:14.344: E/bslv(2601): 	at bslw.<init>(:com.google.android.gms@14367040@14.3.67 (100700-216465562):1)
01-21 06:38:14.344: E/bslv(2601): 	at bslv.<init>(:com.google.android.gms@14367040@14.3.67 (100700-216465562):2)
01-21 06:38:14.344: E/bslv(2601): 	at bslv.<init>(:com.google.android.gms@14367040@14.3.67 (100700-216465562):1)
01-21 06:38:14.344: E/bslv(2601): 	at bsel.b(:com.google.android.gms@14367040@14.3.67 (100700-216465562):14)
01-21 06:38:14.344: E/bslv(2601): 	at pyr.a(:com.google.android.gms@14367040@14.3.67 (100700-216465562):34)
01-21 06:38:14.344: E/bslv(2601): 	at pyr.a(:com.google.android.gms@14367040@14.3.67 (100700-216465562):68)
01-21 06:38:14.344: E/bslv(2601): 	at addf.a(:com.google.android.gms@14367040@14.3.67 (100700-216465562):7)
01-21 06:38:14.344: E/bslv(2601): 	at com.google.android.libraries.matchstick.net.SilentRegisterIntentOperation.onHandleIntent(:com.google.android.gms@14367040@14.3.67 (100700-216465562):114)
01-21 06:38:14.344: E/bslv(2601): 	at com.google.android.chimera.IntentOperation.onHandleIntent(:com.google.android.gms@14367040@14.3.67 (100700-216465562):2)
01-21 06:38:14.344: E/bslv(2601): 	at dmc.a(:com.google.android.gms@14367040@14.3.67 (100700-216465562):7)
01-21 06:38:14.344: E/bslv(2601): 	at ofv.a(:com.google.android.gms@14367040@14.3.67 (100700-216465562):9)
01-21 06:38:14.344: E/bslv(2601): 	at dmh.run(:com.google.android.gms@14367040@14.3.67 (100700-216465562):11)
01-21 06:38:14.344: E/bslv(2601): 	at dme.run(:com.google.android.gms@14367040@14.3.67 (100700-216465562):9)
01-21 06:38:14.344: E/bslv(2601): 	at java.util.concurrent.ThreadPoolExecutor.runWorker(ThreadPoolExecutor.java:1167)
01-21 06:38:14.344: E/bslv(2601): 	at java.util.concurrent.ThreadPoolExecutor$Worker.run(ThreadPoolExecutor.java:641)
01-21 06:38:14.344: E/bslv(2601): 	at java.lang.Thread.run(Thread.java:764)
01-21 06:38:14.395: E/SharedPreferences(2601): Bind to SharedPreferencesService interrupted
01-21 06:38:14.400: W/ChimeraConfigService(2601): Retry attempt was throttled.
01-21 06:38:14.404: W/NetworkScheduler.TED(2522): Error while unbinding: java.lang.IllegalArgumentException: Service not registered: xrh@dfeb768
01-21 06:38:14.412: E/ctxmgr(2522): [NetworkUtil]No active synchronizable contexts.
01-21 06:38:14.422: W/GLSUser(2522): [DeviceKeyStore] Cannot load key: Device key file not found.
01-21 06:38:14.427: D/vndksupport(1930): Loading /vendor/lib/hw/android.hardware.drm@1.0-impl.so from current namespace instead of sphal namespace.
01-21 06:38:14.428: I/DrmHal(1930): makeDrmFactories: using default passthrough drm instance
01-21 06:38:14.428: D/WVCdm(1930): Instantiating CDM.
01-21 06:38:14.428: I/WVCdm(1930): [cdm_engine.cpp(110):OpenSession] CdmEngine::OpenSession
01-21 06:38:14.429: W/WVCdm(1930): [file_store.cpp(149):Open] File::Open: fopen failed: 2
01-21 06:38:14.429: W/WVCdm(1930): [file_utils.cpp(196):CreateDirectory] File::CreateDirectory: mkdir failed: 13
01-21 06:38:14.429: W/WVCdm(1930): [file_store.cpp(149):Open] File::Open: fopen failed: 2
01-21 06:38:14.429: I/WVCdm(1930): [(0):] L3 Terminate.
01-21 06:38:14.429: I/WVCdm(1930): [(0):] Level3 Library 4464 Apr 20 2018 14:54:35
01-21 06:38:14.429: E/WVCdm(1930): [(0):] Could not create base directories for Level3FileSystem, error: Permission denied
01-21 06:38:14.429: E/WVCdm(1930): [(0):] Could not create base directories for Level3FileSystem, error: No such file or directory
01-21 06:38:14.429: E/WVCdm(1930): [(0):] Could not create base directories for Level3FileSystem, error: No such file or directory
01-21 06:38:14.430: W/WVCdm(1930): [file_store.cpp(149):Open] File::Open: fopen failed: 2
01-21 06:38:14.431: W/WVCdm(1930): [file_utils.cpp(196):CreateDirectory] File::CreateDirectory: mkdir failed: 13
01-21 06:38:14.431: W/WVCdm(1930): [file_store.cpp(149):Open] File::Open: fopen failed: 2
01-21 06:38:14.432: W/WVCdm(1930): [file_store.cpp(149):Open] File::Open: fopen failed: 2
01-21 06:38:14.434: W/WVCdm(1930): [file_utils.cpp(196):CreateDirectory] File::CreateDirectory: mkdir failed: 13
01-21 06:38:14.434: W/WVCdm(1930): [file_store.cpp(149):Open] File::Open: fopen failed: 2
01-21 06:38:14.434: I/WVCdm(1930): [oemcrypto_adapter_dynamic.cpp(575):Initialize] L3 Initialized. Trying L1.
01-21 06:38:14.434: W/WVCdm(1930): [oemcrypto_adapter_dynamic.cpp(586):Initialize] Could not load liboemcrypto.so. Falling back to L3.  dlopen failed: library "liboemcrypto.so" not found
01-21 06:38:14.434: E/WVCdm(1930): [crypto_session.cpp(201):Init] OEMCrypto_Initialize failed: 28
01-21 06:38:14.434: D/WVCdm(1930): [crypto_session.cpp(646):Open] CryptoSession::Open: Lock: requested_security_level: Default
01-21 06:38:14.434: E/WVCdm(1930): [cdm_engine.cpp(142):OpenSession] CdmEngine::OpenSession: bad session init: 1
01-21 06:38:14.434: W/android.hardware.drm@1.0-impl(1930): Unable to convert legacy status: -2000, defaulting to UNKNOWN
01-21 06:38:14.434: E/MediaDrm-JNI(3393): Illegal state exception: Failed to open session: General DRM error (-2000)
01-21 06:38:14.434: W/DG.WV(3393): Waiting for device certificate provisioning.
01-21 06:38:14.434: W/DG.WV(3393): tho: Exception while opening mediaDrm session.
01-21 06:38:14.434: W/DG.WV(3393): 	at tdr.run(:com.google.android.gms@14367040@14.3.67 (100700-216465562):20)
01-21 06:38:14.434: W/DG.WV(3393): 	at qfl.run(:com.google.android.gms@14367040@14.3.67 (100700-216465562):35)
01-21 06:38:14.434: W/DG.WV(3393): 	at java.util.concurrent.ThreadPoolExecutor.runWorker(ThreadPoolExecutor.java:1167)
01-21 06:38:14.434: W/DG.WV(3393): 	at java.util.concurrent.ThreadPoolExecutor$Worker.run(ThreadPoolExecutor.java:641)
01-21 06:38:14.434: W/DG.WV(3393): 	at qlf.run(Unknown Source:7)
01-21 06:38:14.434: W/DG.WV(3393): 	at java.lang.Thread.run(Thread.java:764)
01-21 06:38:14.434: W/DG.WV(3393): Caused by: android.media.MediaDrm$MediaDrmStateException: Failed to open session: General DRM error
01-21 06:38:14.434: W/DG.WV(3393): 	at android.media.MediaDrm.openSession(Native Method)
01-21 06:38:14.434: W/DG.WV(3393): 	at android.media.MediaDrm.openSession(MediaDrm.java:640)
01-21 06:38:14.434: W/DG.WV(3393): 	at tdr.run(:com.google.android.gms@14367040@14.3.67 (100700-216465562):8)
01-21 06:38:14.434: W/DG.WV(3393): 	... 5 more
01-21 06:38:14.474: W/Conscrypt(2522): Could not set socket write timeout: java.net.SocketException: Socket closed
01-21 06:38:14.474: W/Conscrypt(2522): 	at com.google.android.gms.org.conscrypt.Platform.setSocketWriteTimeout(:com.google.android.gms@14367040@14.3.67 (100700-216465562):2)
01-21 06:38:14.474: W/Conscrypt(2522): 	at com.google.android.gms.org.conscrypt.ConscryptFileDescriptorSocket.setSoWriteTimeout(:com.google.android.gms@14367040@14.3.67 (100700-216465562):2)
01-21 06:38:14.476: W/Conscrypt(2522): Could not set socket write timeout: java.net.SocketException: Socket closed
01-21 06:38:14.476: W/Conscrypt(2522): 	at com.google.android.gms.org.conscrypt.Platform.setSocketWriteTimeout(:com.google.android.gms@14367040@14.3.67 (100700-216465562):2)
01-21 06:38:14.476: W/Conscrypt(2522): 	at com.google.android.gms.org.conscrypt.ConscryptFileDescriptorSocket.setSoWriteTimeout(:com.google.android.gms@14367040@14.3.67 (100700-216465562):2)
01-21 06:38:14.489: W/GLSUser(2522): [AppCertManager] IOException while requesting key: 
01-21 06:38:14.489: W/GLSUser(2522): java.io.IOException: Invalid device key response.
01-21 06:38:14.489: W/GLSUser(2522): 	at hnk.a(:com.google.android.gms@14367040@14.3.67 (100700-216465562):13)
01-21 06:38:14.489: W/GLSUser(2522): 	at hnk.a(:com.google.android.gms@14367040@14.3.67 (100700-216465562):61)
01-21 06:38:14.489: W/GLSUser(2522): 	at hnk.a(:com.google.android.gms@14367040@14.3.67 (100700-216465562):23)
01-21 06:38:14.489: W/GLSUser(2522): 	at hni.a(:com.google.android.gms@14367040@14.3.67 (100700-216465562):2)
01-21 06:38:14.489: W/GLSUser(2522): 	at hnf.a(Unknown Source:2)
01-21 06:38:14.489: W/GLSUser(2522): 	at hnd.a(:com.google.android.gms@14367040@14.3.67 (100700-216465562):9)
01-21 06:38:14.489: W/GLSUser(2522): 	at hnd.a(:com.google.android.gms@14367040@14.3.67 (100700-216465562):19)
01-21 06:38:14.489: W/GLSUser(2522): 	at pya.c(:com.google.android.gms@14367040@14.3.67 (100700-216465562):1)
01-21 06:38:14.489: W/GLSUser(2522): 	at pxy.a(:com.google.android.gms@14367040@14.3.67 (100700-216465562):53)
01-21 06:38:14.489: W/GLSUser(2522): 	at ebi.a(:com.google.android.gms@14367040@14.3.67 (100700-216465562):36)
01-21 06:38:14.489: W/GLSUser(2522): 	at dwo.run(:com.google.android.gms@14367040@14.3.67 (100700-216465562):2)
01-21 06:38:14.489: W/GLSUser(2522): 	at dwm.handleMessage(:com.google.android.gms@14367040@14.3.67 (100700-216465562):3)
01-21 06:38:14.489: W/GLSUser(2522): 	at qez.run(:com.google.android.gms@14367040@14.3.67 (100700-216465562):4)
01-21 06:38:14.489: W/GLSUser(2522): 	at qfl.run(:com.google.android.gms@14367040@14.3.67 (100700-216465562):35)
01-21 06:38:14.489: W/GLSUser(2522): 	at java.util.concurrent.ThreadPoolExecutor.runWorker(ThreadPoolExecutor.java:1167)
01-21 06:38:14.489: W/GLSUser(2522): 	at java.util.concurrent.ThreadPoolExecutor$Worker.run(ThreadPoolExecutor.java:641)
01-21 06:38:14.489: W/GLSUser(2522): 	at qlf.run(Unknown Source:7)
01-21 06:38:14.489: W/GLSUser(2522): 	at java.lang.Thread.run(Thread.java:764)
01-21 06:38:14.489: W/GLSUser(2522): [DeviceKeyStore] Cannot load key: Device key file not found.
01-21 06:38:14.496: W/Conscrypt(2522): Could not set socket write timeout: java.net.SocketException: Socket closed
01-21 06:38:14.496: W/Conscrypt(2522): 	at com.google.android.gms.org.conscrypt.Platform.setSocketWriteTimeout(:com.google.android.gms@14367040@14.3.67 (100700-216465562):2)
01-21 06:38:14.496: W/Conscrypt(2522): 	at com.google.android.gms.org.conscrypt.ConscryptFileDescriptorSocket.setSoWriteTimeout(:com.google.android.gms@14367040@14.3.67 (100700-216465562):2)
01-21 06:38:14.498: W/Conscrypt(2522): Could not set socket write timeout: java.net.SocketException: Socket closed
01-21 06:38:14.498: W/Conscrypt(2522): 	at com.google.android.gms.org.conscrypt.Platform.setSocketWriteTimeout(:com.google.android.gms@14367040@14.3.67 (100700-216465562):2)
01-21 06:38:14.498: W/Conscrypt(2522): 	at com.google.android.gms.org.conscrypt.ConscryptFileDescriptorSocket.setSoWriteTimeout(:com.google.android.gms@14367040@14.3.67 (100700-216465562):2)
01-21 06:38:14.607: I/Finsky(5318): [2] com.google.android.finsky.verifier.impl.PackageVerificationReceiver.a(9): Verification requested, id = 2
01-21 06:38:14.609: W/Finsky(5318): [2] com.google.android.finsky.analytics.ao.a(40): Null bundle, which breaks event chain!. Creating a new logging context.
01-21 06:38:14.613: I/Finsky(5318): [393] com.google.android.finsky.verifier.impl.ew.a(84): Skipping verification. Disabled by user setting
01-21 06:38:14.613: I/Finsky(5318): [393] com.google.android.finsky.verifier.impl.ew.a(45): Skipping anti malware verification due to pre-check failure
01-21 06:38:14.614: I/Finsky(5318): [2] com.google.android.finsky.verifier.impl.go.c(164): Verifying id=2, result=1
01-21 06:38:14.616: I/Finsky(5318): [2] com.google.android.finsky.verifier.impl.go.c(179): Verification complete: id=2, package_name=com.google.android.apps.mtaas.loginutil
01-21 06:38:14.617: I/PackageParser(2067): com.google.android.apps.mtaas.loginutil: compat added android.permission.WRITE_EXTERNAL_STORAGE android.permission.READ_PHONE_STATE
01-21 06:38:14.640: I/PackageManager.DexOptimizer(2067): Running dexopt (dexoptNeeded=1) on: /data/app/com.google.android.apps.mtaas.loginutil-0fsI5wOKzE6r9FUqpTBxCQ==/base.apk pkg=com.google.android.apps.mtaas.loginutil isa=x86 dexoptFlags=boot_complete,profile_guided,public,enable_hidden_api_checks targetFilter=speed-profile oatDir=/data/app/com.google.android.apps.mtaas.loginutil-0fsI5wOKzE6r9FUqpTBxCQ==/oat classLoaderContext=PCL[/system/framework/org.apache.http.legacy.boot.jar]
01-21 06:38:14.640: V/installed(1928): DexInv: --- BEGIN '/data/app/com.google.android.apps.mtaas.loginutil-0fsI5wOKzE6r9FUqpTBxCQ==/base.apk' ---
01-21 06:38:14.653: W/dex2oat(7446): Unexpected CPU variant for X86 using defaults: x86
01-21 06:38:14.653: W/dex2oat(7446): Mismatch between dex2oat instruction set features (ISA: X86 Feature string: -ssse3,-sse4.1,-sse4.2,-avx,-avx2,-popcnt) and those of dex2oat executable (ISA: X86 Feature string: ssse3,-sse4.1,-sse4.2,-avx,-avx2,-popcnt) for the command line:
01-21 06:38:14.653: W/dex2oat(7446): /system/bin/dex2oat --zip-fd=7 --zip-location=base.apk --input-vdex-fd=-1 --output-vdex-fd=9 --oat-fd=8 --oat-location=/data/app/com.google.android.apps.mtaas.loginutil-0fsI5wOKzE6r9FUqpTBxCQ==/oat/x86/base.odex --instruction-set=x86 --instruction-set-variant=x86 --instruction-set-features=default --runtime-arg -Xms64m --runtime-arg -Xmx512m --compiler-filter=speed-profile --swap-fd=10 --app-image-fd=11 --image-format=lz4 --classpath-dir=/data/app/com.google.android.apps.mtaas.loginutil-0fsI5wOKzE6r9FUqpTBxCQ== --class-loader-context=PCL[/system/framework/org.apache.http.legacy.boot.jar] --generate-mini-debug-info --compact-dex-level=none --runtime-arg -Xhidden-api-checks --compilation-reason=install
01-21 06:38:14.653: I/dex2oat(7446): /system/bin/dex2oat --input-vdex-fd=-1 --output-vdex-fd=9 --compiler-filter=speed-profile --classpath-dir=/data/app/com.google.android.apps.mtaas.loginutil-0fsI5wOKzE6r9FUqpTBxCQ== --class-loader-context=PCL[/system/framework/org.apache.http.legacy.boot.jar] --generate-mini-debug-info --compact-dex-level=none --compilation-reason=install
01-21 06:38:14.860: I/dex2oat(7446): Explicit concurrent copying GC freed 3931(491KB) AllocSpace objects, 0(0B) LOS objects, 99% free, 896B/1536KB, paused 53us total 2.618ms
01-21 06:38:14.924: I/dex2oat(7446): dex2oat took 271.221ms (354.205ms cpu) (threads: 2) arena alloc=1944B (1944B) java alloc=16KB (17280B) native alloc=2MB (2257840B) free=2MB (2460752B)
01-21 06:38:14.927: V/installed(1928): DexInv: --- END '/data/app/com.google.android.apps.mtaas.loginutil-0fsI5wOKzE6r9FUqpTBxCQ==/base.apk' (success) ---
01-21 06:38:14.928: V/BackupManagerService(2067): restoreAtInstall pkg=com.google.android.apps.mtaas.loginutil token=3 restoreSet=0
01-21 06:38:14.928: V/BackupManagerService(2067): Finishing install immediately
01-21 06:38:14.928: V/BackupManagerService(2067): [ 01-21 06:38:14.934  1928: 2123 E/         ]
01-21 06:38:14.928: V/BackupManagerService(2067): Couldn't opendir /data/app/vmdl763128134.tmp: No such file or directory
01-21 06:38:14.934: E/installd(1928): Failed to delete /data/app/vmdl763128134.tmp: No such file or directory
01-21 06:38:14.939: W/BroadcastQueue(2067): Background execution not allowed: receiving Intent { act=android.intent.action.PACKAGE_ADDED dat=package:com.google.android.apps.mtaas.loginutil flg=0x4000010 (has extras) } to com.android.musicfx/.Compatibility$Receiver
01-21 06:38:14.939: W/BroadcastQueue(2067): Background execution not allowed: receiving Intent { act=android.intent.action.PACKAGE_ADDED dat=package:com.google.android.apps.mtaas.loginutil flg=0x4000010 (has extras) } to com.android.vending/com.google.android.finsky.packagemanager.impl.PackageMonitorReceiverImpl$RegisteredReceiver
01-21 06:38:14.939: W/BroadcastQueue(2067): Background execution not allowed: receiving Intent { act=android.intent.action.PACKAGE_ADDED dat=package:com.google.android.apps.mtaas.loginutil flg=0x4000010 (has extras) } to com.google.android.gms/.games.chimera.GamesSystemBroadcastReceiverProxy
01-21 06:38:14.939: W/BroadcastQueue(2067): Background execution not allowed: receiving Intent { act=android.intent.action.PACKAGE_ADDED dat=package:com.google.android.apps.mtaas.loginutil flg=0x4000010 (has extras) } to com.google.android.gms/.gass.chimera.PackageChangeBroadcastReceiver
01-21 06:38:14.939: W/BroadcastQueue(2067): Background execution not allowed: receiving Intent { act=android.intent.action.PACKAGE_ADDED dat=package:com.google.android.apps.mtaas.loginutil flg=0x4000010 (has extras) } to com.google.android.gms/.chimera.GmsIntentOperationService$PersistentTrustedReceiver
01-21 06:38:14.939: W/BroadcastQueue(2067): Background execution not allowed: receiving Intent { act=android.intent.action.PACKAGE_ADDED dat=package:com.google.android.apps.mtaas.loginutil flg=0x4000010 (has extras) } to com.google.android.googlequicksearchbox/com.google.android.apps.gsa.googlequicksearchbox.GelStubAppWatcher
01-21 06:38:14.940: I/Finsky(5318): [2] com.google.android.finsky.packagemanager.impl.PackageMonitorReceiverImpl.a(12): PackageMonitor received: android.intent.action.PACKAGE_ADDED
01-21 06:38:14.947: D/Avrcp(2194): isBrowsableListUpdated: false
01-21 06:38:14.947: D/BluetoothMapAppObserver(2194): onReceive
01-21 06:38:14.947: D/BluetoothMapAppObserver(2194): The installed package is: com.google.android.apps.mtaas.loginutil
01-21 06:38:14.947: I/InputReader(2067): Reconfiguring input devices.  changes=0x00000010
01-21 06:38:14.948: D/BluetoothMapAppObserver(2194): Found 0 application(s) with intent android.bluetooth.action.BLUETOOTH_MAP_PROVIDER
01-21 06:38:14.948: D/BluetoothMapAppObserver(2194): Found 0 application(s) with intent android.bluetooth.action.BLUETOOTH_MAP_IM_PROVIDER
01-21 06:38:14.948: V/NewAvrcpMediaPlayerList(2194): mPackageChangedBroadcastReceiver: action: android.intent.action.PACKAGE_ADDED
01-21 06:38:14.948: D/NewAvrcpMediaPlayerList(2194): Name of package changed: com.google.android.apps.mtaas.loginutil
01-21 06:38:14.948: I/Finsky(5318): [2] com.google.android.finsky.wear.eh.a(18): Do not start WearSupportService due to Wear service optimization
01-21 06:38:14.964: I/Telecom(2067): DefaultDialerCache: Refreshing default dialer for user 0: now com.google.android.dialer: DDC.oR@ADo
01-21 06:38:14.949: I/Finsky(5318): [2] com.google.android.finsky.wear.eh.a(18): Do not start WearSupportService due to Wear service optimization
01-21 06:38:14.964: I/Finsky(5318): [2] com.google.android.finsky.p2p.e.b(20): Frosting ID looked up on UI thread. Caller should move to a background thread.
01-21 06:38:14.968: D/CarrierSvcBindHelper(2363): No carrier app for: 0
01-21 06:38:14.972: I/Finsky(5318): [396] com.google.android.finsky.p2p.f.run(3): Wrote row to frosting DB: 127
01-21 06:38:14.973: I/Finsky(5318): [2] com.google.android.finsky.externalreferrer.b.run(6): Package state data is missing for com.google.android.apps.mtaas.loginutil
01-21 06:38:14.975: D/CarrierConfigLoader(2363): mHandler: 9 phoneId: 0
01-21 06:38:14.978: V/BackupManagerConstants(2067): getFullBackupIntervalMilliseconds(...) returns 86400000
01-21 06:38:14.979: I/Auth(2601): [SupervisedAccountIntentOperation] onHandleIntent(): android.intent.action.PACKAGE_ADDED
01-21 06:38:14.979: I/Auth(2601): [SupervisedAccountIntentOperation] This operation is disabled
01-21 06:38:14.980: I/ChromeSync(2601): [Sync,SyncIntentOperation] Handling the intent: Intent { act=android.intent.action.PACKAGE_ADDED dat=package:com.google.android.apps.mtaas.loginutil flg=0x4000010 cmp=com.google.android.gms/.chimera.GmsIntentOperationService (has extras) }.
01-21 06:38:14.980: I/FontsPackageChangeOp(2601): Package com.google.android.apps.mtaas.loginutil has no metadata
01-21 06:38:14.983: I/ChromeSync(2601): [Persistence,AffiliationManager] No affiliation data for android://hYLDYwB34REMzRkkDCAO41RDCu83EJUgrh0yR4QTKzoWic4CFOf47MQAfK5OsrL3bydJNBPokUImRnqAa33Xng==@com.google.android.apps.mtaas.loginutil/. Marking affiliation data as stale...
01-21 06:38:14.984: I/ChromeSync(2601): [Persistence,AffiliationManager] Fetching affiliations from the server.
01-21 06:38:14.994: I/PeopleContactsSync(2601): triggerPendingContactsCleanup: no accounts
01-21 06:38:15.003: I/Icing(2601): IndexChimeraService.getServiceInterface callingPackage=com.google.android.gms componentName=AppsCorpus serviceId=32
01-21 06:38:15.004: I/Icing(2601): IndexChimeraService.getServiceInterface callingPackage=com.google.android.gms componentName=AppsCorpus serviceId=36
01-21 06:38:15.018: I/Remoter(1907): Saved screenshot to '/data/screenshots/__pmv__-0079.jpg'
01-21 06:38:15.038: I/Icing(2601): Usage reports ok 0, Failed Usage reports 0, indexed 0, rejected 0, imm upload false
01-21 06:38:15.044: I/system_server(2067): Background concurrent copying GC freed 48602(2MB) AllocSpace objects, 19(828KB) LOS objects, 42% free, 10MB/19MB, paused 60us total 112.773ms
01-21 06:38:15.044: D/AutofillUI(2067): destroySaveUiUiThread(): already destroyed
01-21 06:38:15.045: D/AutofillManagerServiceImpl(2067): Set component for user 0 as AutofillServiceInfo[ServiceInfo{5679e1a com.google.android.gms.autofill.service.AutofillService}, settings:com.google.android.gms.autofill.ui.AutofillSettingsActivity, hasCompatPckgs:false]
01-21 06:38:15.048: I/Icing(2601): Usage reports ok 0, Failed Usage reports 0, indexed 0, rejected 0, imm upload false
01-21 06:38:15.325: I/Icing(2601): Indexing com.google.android.gms-apps from com.google.android.gms
01-21 06:38:15.343: I/Icing(2601): Indexing done com.google.android.gms-apps
01-21 06:38:15.664: I/Finsky(5318): [2] com.google.android.finsky.verifier.impl.PackageVerificationReceiver.a(9): Verification requested, id = 3
01-21 06:38:15.665: W/Finsky(5318): [2] com.google.android.finsky.analytics.ao.a(40): Null bundle, which breaks event chain!. Creating a new logging context.
01-21 06:38:15.670: I/Finsky(5318): [393] com.google.android.finsky.verifier.impl.ew.a(84): Skipping verification. Disabled by user setting
01-21 06:38:15.670: I/Finsky(5318): [393] com.google.android.finsky.verifier.impl.ew.a(45): Skipping anti malware verification due to pre-check failure
01-21 06:38:15.671: I/Finsky(5318): [2] com.google.android.finsky.verifier.impl.go.c(164): Verifying id=3, result=1
01-21 06:38:15.675: I/Finsky(5318): [2] com.google.android.finsky.verifier.impl.go.c(179): Verification complete: id=3, package_name=com.google.android.apps.mtaas.backdrop
01-21 06:38:15.707: I/PackageManager.DexOptimizer(2067): Running dexopt (dexoptNeeded=1) on: /data/app/com.google.android.apps.mtaas.backdrop-glG7lhsujJJ7Wc5Po4BC1g==/base.apk pkg=com.google.android.apps.mtaas.backdrop isa=x86 dexoptFlags=boot_complete,profile_guided,public,enable_hidden_api_checks targetFilter=speed-profile oatDir=/data/app/com.google.android.apps.mtaas.backdrop-glG7lhsujJJ7Wc5Po4BC1g==/oat classLoaderContext=PCL[]
01-21 06:38:15.707: V/installed(1928): DexInv: --- BEGIN '/data/app/com.google.android.apps.mtaas.backdrop-glG7lhsujJJ7Wc5Po4BC1g==/base.apk' ---
01-21 06:38:15.720: W/dex2oat(7479): Unexpected CPU variant for X86 using defaults: x86
01-21 06:38:15.720: W/dex2oat(7479): Mismatch between dex2oat instruction set features (ISA: X86 Feature string: -ssse3,-sse4.1,-sse4.2,-avx,-avx2,-popcnt) and those of dex2oat executable (ISA: X86 Feature string: ssse3,-sse4.1,-sse4.2,-avx,-avx2,-popcnt) for the command line:
01-21 06:38:15.720: W/dex2oat(7479): /system/bin/dex2oat --zip-fd=7 --zip-location=base.apk --input-vdex-fd=-1 --output-vdex-fd=9 --oat-fd=8 --oat-location=/data/app/com.google.android.apps.mtaas.backdrop-glG7lhsujJJ7Wc5Po4BC1g==/oat/x86/base.odex --instruction-set=x86 --instruction-set-variant=x86 --instruction-set-features=default --runtime-arg -Xms64m --runtime-arg -Xmx512m --compiler-filter=speed-profile --swap-fd=10 --app-image-fd=11 --image-format=lz4 --classpath-dir=/data/app/com.google.android.apps.mtaas.backdrop-glG7lhsujJJ7Wc5Po4BC1g== --class-loader-context=PCL[] --generate-mini-debug-info --compact-dex-level=none --runtime-arg -Xtarget-sdk-version:28 --runtime-arg -Xhidden-api-checks --compilation-reason=install
01-21 06:38:15.720: I/dex2oat(7479): /system/bin/dex2oat --input-vdex-fd=-1 --output-vdex-fd=9 --compiler-filter=speed-profile --classpath-dir=/data/app/com.google.android.apps.mtaas.backdrop-glG7lhsujJJ7Wc5Po4BC1g== --class-loader-context=PCL[] --generate-mini-debug-info --compact-dex-level=none --compilation-reason=install
01-21 06:38:16.058: I/Remoter(1907): Saved screenshot to '/data/screenshots/__pmv__-0080.jpg'
01-21 06:38:16.087: I/Icing(2601): Indexing com.google.android.gms-apps from com.google.android.gms
01-21 06:38:16.088: I/Icing(2601): Indexing done com.google.android.gms-apps
01-21 06:38:16.096: I/IcingNotification(2202): Received intent: Intent { act=com.google.android.gms.icing.IME_NOTIFICATION flg=0x10 pkg=com.google.android.inputmethod.latin (has extras) }
01-21 06:38:16.432: I/dex2oat(7479): Explicit concurrent copying GC freed 11081(2MB) AllocSpace objects, 0(0B) LOS objects, 99% free, 1000B/1536KB, paused 40us total 2.683ms
01-21 06:38:16.530: I/dex2oat(7479): dex2oat took 810.840ms (1.195s cpu) (threads: 2) arena alloc=848B (848B) java alloc=16KB (17384B) native alloc=5MB (5655536B) free=2MB (2733072B)
01-21 06:38:16.535: V/installed(1928): DexInv: --- END '/data/app/com.google.android.apps.mtaas.backdrop-glG7lhsujJJ7Wc5Po4BC1g==/base.apk' (success) ---
01-21 06:38:16.536: V/BackupManagerService(2067): restoreAtInstall pkg=com.google.android.apps.mtaas.backdrop token=4 restoreSet=0
01-21 06:38:16.536: V/BackupManagerService(2067): Finishing install immediately
01-21 06:38:16.536: V/BackupManagerService(2067): [ 01-21 06:38:16.544  1928: 2123 E/         ]
01-21 06:38:16.536: V/BackupManagerService(2067): Couldn't opendir /data/app/vmdl704944033.tmp: No such file or directory
01-21 06:38:16.544: E/installd(1928): Failed to delete /data/app/vmdl704944033.tmp: No such file or directory
01-21 06:38:16.550: W/BroadcastQueue(2067): Background execution not allowed: receiving Intent { act=android.intent.action.PACKAGE_ADDED dat=package:com.google.android.apps.mtaas.backdrop flg=0x4000010 (has extras) } to com.android.musicfx/.Compatibility$Receiver
01-21 06:38:16.550: W/BroadcastQueue(2067): Background execution not allowed: receiving Intent { act=android.intent.action.PACKAGE_ADDED dat=package:com.google.android.apps.mtaas.backdrop flg=0x4000010 (has extras) } to com.android.vending/com.google.android.finsky.packagemanager.impl.PackageMonitorReceiverImpl$RegisteredReceiver
01-21 06:38:16.550: W/BroadcastQueue(2067): Background execution not allowed: receiving Intent { act=android.intent.action.PACKAGE_ADDED dat=package:com.google.android.apps.mtaas.backdrop flg=0x4000010 (has extras) } to com.google.android.gms/.games.chimera.GamesSystemBroadcastReceiverProxy
01-21 06:38:16.550: W/BroadcastQueue(2067): Background execution not allowed: receiving Intent { act=android.intent.action.PACKAGE_ADDED dat=package:com.google.android.apps.mtaas.backdrop flg=0x4000010 (has extras) } to com.google.android.gms/.gass.chimera.PackageChangeBroadcastReceiver
01-21 06:38:16.550: W/BroadcastQueue(2067): Background execution not allowed: receiving Intent { act=android.intent.action.PACKAGE_ADDED dat=package:com.google.android.apps.mtaas.backdrop flg=0x4000010 (has extras) } to com.google.android.gms/.chimera.GmsIntentOperationService$PersistentTrustedReceiver
01-21 06:38:16.550: W/BroadcastQueue(2067): Background execution not allowed: receiving Intent { act=android.intent.action.PACKAGE_ADDED dat=package:com.google.android.apps.mtaas.backdrop flg=0x4000010 (has extras) } to com.google.android.googlequicksearchbox/com.google.android.apps.gsa.googlequicksearchbox.GelStubAppWatcher
01-21 06:38:16.551: I/Finsky(5318): [2] com.google.android.finsky.packagemanager.impl.PackageMonitorReceiverImpl.a(12): PackageMonitor received: android.intent.action.PACKAGE_ADDED
01-21 06:38:16.552: I/Finsky(5318): [2] com.google.android.finsky.wear.eh.a(18): Do not start WearSupportService due to Wear service optimization
01-21 06:38:16.552: I/Finsky(5318): [2] com.google.android.finsky.wear.eh.a(18): Do not start WearSupportService due to Wear service optimization
01-21 06:38:16.554: D/Avrcp(2194): isBrowsableListUpdated: false
01-21 06:38:16.554: D/BluetoothMapAppObserver(2194): onReceive
01-21 06:38:16.554: D/BluetoothMapAppObserver(2194): The installed package is: com.google.android.apps.mtaas.backdrop
01-21 06:38:16.555: D/BluetoothMapAppObserver(2194): Found 0 application(s) with intent android.bluetooth.action.BLUETOOTH_MAP_PROVIDER
01-21 06:38:16.557: D/BluetoothMapAppObserver(2194): Found 0 application(s) with intent android.bluetooth.action.BLUETOOTH_MAP_IM_PROVIDER
01-21 06:38:16.557: V/NewAvrcpMediaPlayerList(2194): mPackageChangedBroadcastReceiver: action: android.intent.action.PACKAGE_ADDED
01-21 06:38:16.557: D/NewAvrcpMediaPlayerList(2194): Name of package changed: com.google.android.apps.mtaas.backdrop
01-21 06:38:16.567: I/InputReader(2067): Reconfiguring input devices.  changes=0x00000010
01-21 06:38:16.571: I/Finsky(5318): [396] com.google.android.finsky.p2p.f.run(3): Wrote row to frosting DB: 128
01-21 06:38:16.571: I/Telecom(2067): DefaultDialerCache: Refreshing default dialer for user 0: now com.google.android.dialer: DDC.oR@AD4
01-21 06:38:16.585: V/BackupManagerConstants(2067): getFullBackupIntervalMilliseconds(...) returns 86400000
01-21 06:38:16.588: I/Finsky(5318): [2] com.google.android.finsky.p2p.e.b(20): Frosting ID looked up on UI thread. Caller should move to a background thread.
01-21 06:38:16.593: I/Auth(2601): [SupervisedAccountIntentOperation] onHandleIntent(): android.intent.action.PACKAGE_ADDED
01-21 06:38:16.593: I/Auth(2601): [SupervisedAccountIntentOperation] This operation is disabled
01-21 06:38:16.594: I/ChromeSync(2601): [Sync,SyncIntentOperation] Handling the intent: Intent { act=android.intent.action.PACKAGE_ADDED dat=package:com.google.android.apps.mtaas.backdrop flg=0x4000010 cmp=com.google.android.gms/.chimera.GmsIntentOperationService (has extras) }.
01-21 06:38:16.595: I/FontsPackageChangeOp(2601): Package com.google.android.apps.mtaas.backdrop has no metadata
01-21 06:38:16.597: I/ChromeSync(2601): [Persistence,AffiliationManager] No affiliation data for android://N50vJU0zrJ8WOzDt6r3GDtfqrkROFOSiqHcmppwn3vxaRC4hFpNn4UsL7XlvjtlfcWuDAQhmck0qjQPwsrpMNg==@com.google.android.apps.mtaas.backdrop/. Marking affiliation data as stale...
01-21 06:38:16.598: I/ChromeSync(2601): [Persistence,AffiliationManager] Fetching affiliations from the server.
01-21 06:38:16.616: I/Finsky(5318): [2] com.google.android.finsky.externalreferrer.b.run(6): Package state data is missing for com.google.android.apps.mtaas.backdrop
01-21 06:38:16.650: D/CarrierSvcBindHelper(2363): No carrier app for: 0
01-21 06:38:16.651: I/PeopleContactsSync(2601): triggerPendingContactsCleanup: no accounts
01-21 06:38:16.657: D/CarrierConfigLoader(2363): mHandler: 9 phoneId: 0
01-21 06:38:16.669: I/system_server(2067): Background concurrent copying GC freed 34268(1843KB) AllocSpace objects, 20(860KB) LOS objects, 42% free, 11MB/19MB, paused 56us total 130.285ms
01-21 06:38:16.675: V/BackupManagerConstants(2067): getFullBackupRequiredNetworkType(...) returns 2
01-21 06:38:16.675: V/BackupManagerConstants(2067): getFullBackupRequireCharging(...) returns true
01-21 06:38:16.701: D/AutofillUI(2067): destroySaveUiUiThread(): already destroyed
01-21 06:38:16.701: D/AutofillManagerServiceImpl(2067): Set component for user 0 as AutofillServiceInfo[ServiceInfo{df3a2cd com.google.android.gms.autofill.service.AutofillService}, settings:com.google.android.gms.autofill.ui.AutofillSettingsActivity, hasCompatPckgs:false]
01-21 06:38:16.743: I/Icing(2601): IndexChimeraService.getServiceInterface callingPackage=com.google.android.gms componentName=AppsCorpus serviceId=32
01-21 06:38:16.743: I/Icing(2601): IndexChimeraService.getServiceInterface callingPackage=com.google.android.gms componentName=AppsCorpus serviceId=36
01-21 06:38:16.751: I/Icing(2601): Usage reports ok 0, Failed Usage reports 0, indexed 0, rejected 0, imm upload false
01-21 06:38:17.081: I/Remoter(1907): Saved screenshot to '/data/screenshots/__pmv__-0081.jpg'
01-21 06:38:16.756: I/Icing(2601): Usage reports ok 0, Failed Usage reports 0, indexed 0, rejected 0, imm upload false
01-21 06:38:17.190: I/Finsky(5318): [2] com.google.android.finsky.verifier.impl.PackageVerificationReceiver.a(9): Verification requested, id = 4
01-21 06:38:17.192: W/Finsky(5318): [2] com.google.android.finsky.analytics.ao.a(40): Null bundle, which breaks event chain!. Creating a new logging context.
01-21 06:38:17.197: I/Finsky(5318): [393] com.google.android.finsky.verifier.impl.ew.a(84): Skipping verification. Disabled by user setting
01-21 06:38:17.197: I/Finsky(5318): [393] com.google.android.finsky.verifier.impl.ew.a(45): Skipping anti malware verification due to pre-check failure
